[2023-11-28T09:02:43.096-0800][gc,heap] Heap region size: 1M
[2023-11-28T09:02:43.106-0800][gc     ] Using G1
[2023-11-28T09:02:43.106-0800][gc,heap,coops] Heap address: 0x00000007c0000000, size: 1024 MB, Compressed Oops mode: Zero based, Oop shift amount: 3
[2023-11-28T09:02:43.952-0800][gc,start     ] GC(0) Pause Young (Concurrent Start) (Metadata GC Threshold)
[2023-11-28T09:02:43.952-0800][gc,task      ] GC(0) Using 10 workers of 10 for evacuation
[2023-11-28T09:02:43.960-0800][gc,phases    ] GC(0)   Pre Evacuate Collection Set: 0.0ms
[2023-11-28T09:02:43.960-0800][gc,phases    ] GC(0)   Evacuate Collection Set: 7.1ms
[2023-11-28T09:02:43.960-0800][gc,phases    ] GC(0)   Post Evacuate Collection Set: 0.5ms
[2023-11-28T09:02:43.960-0800][gc,phases    ] GC(0)   Other: 0.9ms
[2023-11-28T09:02:43.960-0800][gc,heap      ] GC(0) Eden regions: 44->0(44)
[2023-11-28T09:02:43.960-0800][gc,heap      ] GC(0) Survivor regions: 0->7(7)
[2023-11-28T09:02:43.960-0800][gc,heap      ] GC(0) Old regions: 0->0
[2023-11-28T09:02:43.960-0800][gc,heap      ] GC(0) Humongous regions: 0->0
[2023-11-28T09:02:43.960-0800][gc,metaspace ] GC(0) Metaspace: 20724K->20724K(1069056K)
[2023-11-28T09:02:43.960-0800][gc           ] GC(0) Pause Young (Concurrent Start) (Metadata GC Threshold) 44M->6M(1024M) 8.581ms
[2023-11-28T09:02:43.960-0800][gc,cpu       ] GC(0) User=0.02s Sys=0.01s Real=0.01s
[2023-11-28T09:02:43.960-0800][gc           ] GC(1) Concurrent Cycle
[2023-11-28T09:02:43.960-0800][gc,marking   ] GC(1) Concurrent Clear Claimed Marks
[2023-11-28T09:02:43.960-0800][gc,marking   ] GC(1) Concurrent Clear Claimed Marks 0.028ms
[2023-11-28T09:02:43.960-0800][gc,marking   ] GC(1) Concurrent Scan Root Regions
[2023-11-28T09:02:43.962-0800][gc,marking   ] GC(1) Concurrent Scan Root Regions 1.720ms
[2023-11-28T09:02:43.962-0800][gc,marking   ] GC(1) Concurrent Mark (0.874s)
[2023-11-28T09:02:43.962-0800][gc,marking   ] GC(1) Concurrent Mark From Roots
[2023-11-28T09:02:43.962-0800][gc,task      ] GC(1) Using 3 workers of 3 for marking
[2023-11-28T09:02:43.962-0800][gc,marking   ] GC(1) Concurrent Mark From Roots 0.170ms
[2023-11-28T09:02:43.962-0800][gc,marking   ] GC(1) Concurrent Preclean
[2023-11-28T09:02:43.962-0800][gc,marking   ] GC(1) Concurrent Preclean 0.035ms
[2023-11-28T09:02:43.962-0800][gc,marking   ] GC(1) Concurrent Mark (0.874s, 0.874s) 0.269ms
[2023-11-28T09:02:43.963-0800][gc,start     ] GC(1) Pause Remark
[2023-11-28T09:02:43.965-0800][gc,stringtable] GC(1) Cleaned string and symbol table, strings: 7622 processed, 0 removed, symbols: 63779 processed, 32 removed
[2023-11-28T09:02:43.965-0800][gc            ] GC(1) Pause Remark 7M->7M(1024M) 2.188ms
[2023-11-28T09:02:43.965-0800][gc,cpu        ] GC(1) User=0.01s Sys=0.00s Real=0.00s
[2023-11-28T09:02:43.965-0800][gc,marking    ] GC(1) Concurrent Rebuild Remembered Sets
[2023-11-28T09:02:43.965-0800][gc,marking    ] GC(1) Concurrent Rebuild Remembered Sets 0.079ms
[2023-11-28T09:02:43.965-0800][gc,start      ] GC(1) Pause Cleanup
[2023-11-28T09:02:43.965-0800][gc            ] GC(1) Pause Cleanup 7M->7M(1024M) 0.134ms
[2023-11-28T09:02:43.965-0800][gc,cpu        ] GC(1) User=0.00s Sys=0.00s Real=0.00s
[2023-11-28T09:02:43.965-0800][gc,marking    ] GC(1) Concurrent Cleanup for Next Mark
[2023-11-28T09:02:43.976-0800][gc,marking    ] GC(1) Concurrent Cleanup for Next Mark 10.942ms
[2023-11-28T09:02:43.976-0800][gc            ] GC(1) Concurrent Cycle 15.986ms
[2023-11-28T09:02:44.585-0800][gc,start      ] GC(2) Pause Young (Normal) (G1 Evacuation Pause)
[2023-11-28T09:02:44.585-0800][gc,task       ] GC(2) Using 10 workers of 10 for evacuation
[2023-11-28T09:02:44.592-0800][gc,phases     ] GC(2)   Pre Evacuate Collection Set: 0.0ms
[2023-11-28T09:02:44.592-0800][gc,phases     ] GC(2)   Evacuate Collection Set: 5.9ms
[2023-11-28T09:02:44.592-0800][gc,phases     ] GC(2)   Post Evacuate Collection Set: 0.4ms
[2023-11-28T09:02:44.592-0800][gc,phases     ] GC(2)   Other: 0.1ms
[2023-11-28T09:02:44.592-0800][gc,heap       ] GC(2) Eden regions: 44->0(49)
[2023-11-28T09:02:44.592-0800][gc,heap       ] GC(2) Survivor regions: 7->2(7)
[2023-11-28T09:02:44.592-0800][gc,heap       ] GC(2) Old regions: 0->7
[2023-11-28T09:02:44.592-0800][gc,heap       ] GC(2) Humongous regions: 9->9
[2023-11-28T09:02:44.592-0800][gc,metaspace  ] GC(2) Metaspace: 31085K->31085K(1077248K)
[2023-11-28T09:02:44.592-0800][gc            ] GC(2) Pause Young (Normal) (G1 Evacuation Pause) 59M->17M(1024M) 6.601ms
[2023-11-28T09:02:44.592-0800][gc,cpu        ] GC(2) User=0.05s Sys=0.02s Real=0.01s
[2023-11-28T09:02:44.763-0800][gc,start      ] GC(3) Pause Young (Concurrent Start) (Metadata GC Threshold)
[2023-11-28T09:02:44.763-0800][gc,task       ] GC(3) Using 10 workers of 10 for evacuation
[2023-11-28T09:02:44.766-0800][gc,phases     ] GC(3)   Pre Evacuate Collection Set: 0.0ms
[2023-11-28T09:02:44.766-0800][gc,phases     ] GC(3)   Evacuate Collection Set: 2.2ms
[2023-11-28T09:02:44.766-0800][gc,phases     ] GC(3)   Post Evacuate Collection Set: 0.2ms
[2023-11-28T09:02:44.766-0800][gc,phases     ] GC(3)   Other: 0.2ms
[2023-11-28T09:02:44.766-0800][gc,heap       ] GC(3) Eden regions: 21->0(48)
[2023-11-28T09:02:44.766-0800][gc,heap       ] GC(3) Survivor regions: 2->3(7)
[2023-11-28T09:02:44.766-0800][gc,heap       ] GC(3) Old regions: 7->7
[2023-11-28T09:02:44.766-0800][gc,heap       ] GC(3) Humongous regions: 9->9
[2023-11-28T09:02:44.766-0800][gc,metaspace  ] GC(3) Metaspace: 34961K->34961K(1081344K)
[2023-11-28T09:02:44.766-0800][gc            ] GC(3) Pause Young (Concurrent Start) (Metadata GC Threshold) 37M->17M(1024M) 2.632ms
[2023-11-28T09:02:44.766-0800][gc,cpu        ] GC(3) User=0.01s Sys=0.00s Real=0.00s
[2023-11-28T09:02:44.766-0800][gc            ] GC(4) Concurrent Cycle
[2023-11-28T09:02:44.766-0800][gc,marking    ] GC(4) Concurrent Clear Claimed Marks
[2023-11-28T09:02:44.766-0800][gc,marking    ] GC(4) Concurrent Clear Claimed Marks 0.021ms
[2023-11-28T09:02:44.766-0800][gc,marking    ] GC(4) Concurrent Scan Root Regions
[2023-11-28T09:02:44.767-0800][gc,marking    ] GC(4) Concurrent Scan Root Regions 0.989ms
[2023-11-28T09:02:44.767-0800][gc,marking    ] GC(4) Concurrent Mark (1.678s)
[2023-11-28T09:02:44.767-0800][gc,marking    ] GC(4) Concurrent Mark From Roots
[2023-11-28T09:02:44.767-0800][gc,task       ] GC(4) Using 3 workers of 3 for marking
[2023-11-28T09:02:44.770-0800][gc,marking    ] GC(4) Concurrent Mark From Roots 3.061ms
[2023-11-28T09:02:44.770-0800][gc,marking    ] GC(4) Concurrent Preclean
[2023-11-28T09:02:44.770-0800][gc,marking    ] GC(4) Concurrent Preclean 0.049ms
[2023-11-28T09:02:44.770-0800][gc,marking    ] GC(4) Concurrent Mark (1.678s, 1.682s) 3.164ms
[2023-11-28T09:02:44.770-0800][gc,start      ] GC(4) Pause Remark
[2023-11-28T09:02:44.771-0800][gc,stringtable] GC(4) Cleaned string and symbol table, strings: 11270 processed, 8 removed, symbols: 96707 processed, 20 removed
[2023-11-28T09:02:44.772-0800][gc            ] GC(4) Pause Remark 18M->18M(1024M) 1.317ms
[2023-11-28T09:02:44.772-0800][gc,cpu        ] GC(4) User=0.01s Sys=0.00s Real=0.00s
[2023-11-28T09:02:44.772-0800][gc,marking    ] GC(4) Concurrent Rebuild Remembered Sets
[2023-11-28T09:02:44.773-0800][gc,marking    ] GC(4) Concurrent Rebuild Remembered Sets 1.745ms
[2023-11-28T09:02:44.773-0800][gc,start      ] GC(4) Pause Cleanup
[2023-11-28T09:02:44.774-0800][gc            ] GC(4) Pause Cleanup 18M->18M(1024M) 0.112ms
[2023-11-28T09:02:44.774-0800][gc,cpu        ] GC(4) User=0.00s Sys=0.00s Real=0.00s
[2023-11-28T09:02:44.774-0800][gc,marking    ] GC(4) Concurrent Cleanup for Next Mark
[2023-11-28T09:02:44.780-0800][gc,marking    ] GC(4) Concurrent Cleanup for Next Mark 6.367ms
[2023-11-28T09:02:44.780-0800][gc            ] GC(4) Concurrent Cycle 14.148ms
[2023-11-28T09:02:45.454-0800][gc,start      ] GC(5) Pause Young (Normal) (G1 Evacuation Pause)
[2023-11-28T09:02:45.454-0800][gc,task       ] GC(5) Using 10 workers of 10 for evacuation
[2023-11-28T09:02:45.458-0800][gc,phases     ] GC(5)   Pre Evacuate Collection Set: 0.0ms
[2023-11-28T09:02:45.458-0800][gc,phases     ] GC(5)   Evacuate Collection Set: 3.9ms
[2023-11-28T09:02:45.458-0800][gc,phases     ] GC(5)   Post Evacuate Collection Set: 0.3ms
[2023-11-28T09:02:45.458-0800][gc,phases     ] GC(5)   Other: 0.2ms
[2023-11-28T09:02:45.458-0800][gc,heap       ] GC(5) Eden regions: 48->0(44)
[2023-11-28T09:02:45.458-0800][gc,heap       ] GC(5) Survivor regions: 3->7(7)
[2023-11-28T09:02:45.458-0800][gc,heap       ] GC(5) Old regions: 7->7
[2023-11-28T09:02:45.458-0800][gc,heap       ] GC(5) Humongous regions: 138->138
[2023-11-28T09:02:45.458-0800][gc,metaspace  ] GC(5) Metaspace: 42161K->42161K(1087488K)
[2023-11-28T09:02:45.458-0800][gc            ] GC(5) Pause Young (Normal) (G1 Evacuation Pause) 194M->151M(1024M) 4.572ms
[2023-11-28T09:02:45.458-0800][gc,cpu        ] GC(5) User=0.03s Sys=0.00s Real=0.00s
[2023-11-28T09:15:38.221-0800][gc,heap,exit  ] Heap
[2023-11-28T09:15:38.222-0800][gc,heap,exit  ]  garbage-first heap   total 1048576K, used 184359K [0x00000007c0000000, 0x0000000800000000)
[2023-11-28T09:15:38.222-0800][gc,heap,exit  ]   region size 1024K, 37 young (37888K), 7 survivors (7168K)
[2023-11-28T09:15:38.222-0800][gc,heap,exit  ]  Metaspace       used 44655K, capacity 46287K, committed 46416K, reserved 1089536K
[2023-11-28T09:15:38.222-0800][gc,heap,exit  ]   class space    used 5037K, capacity 5779K, committed 5792K, reserved 1048576K
