[2023-11-28T09:26:31.640-0800][gc,heap] Heap region size: 1M
[2023-11-28T09:26:31.650-0800][gc     ] Using G1
[2023-11-28T09:26:31.650-0800][gc,heap,coops] Heap address: 0x00000007c0000000, size: 1024 MB, Compressed Oops mode: Zero based, Oop shift amount: 3
[2023-11-28T09:26:32.344-0800][gc,start     ] GC(0) Pause Young (Concurrent Start) (Metadata GC Threshold)
[2023-11-28T09:26:32.345-0800][gc,task      ] GC(0) Using 10 workers of 10 for evacuation
[2023-11-28T09:26:32.352-0800][gc,phases    ] GC(0)   Pre Evacuate Collection Set: 0.0ms
[2023-11-28T09:26:32.352-0800][gc,phases    ] GC(0)   Evacuate Collection Set: 6.7ms
[2023-11-28T09:26:32.352-0800][gc,phases    ] GC(0)   Post Evacuate Collection Set: 0.4ms
[2023-11-28T09:26:32.352-0800][gc,phases    ] GC(0)   Other: 0.8ms
[2023-11-28T09:26:32.352-0800][gc,heap      ] GC(0) Eden regions: 44->0(44)
[2023-11-28T09:26:32.352-0800][gc,heap      ] GC(0) Survivor regions: 0->7(7)
[2023-11-28T09:26:32.352-0800][gc,heap      ] GC(0) Old regions: 0->0
[2023-11-28T09:26:32.352-0800][gc,heap      ] GC(0) Humongous regions: 0->0
[2023-11-28T09:26:32.352-0800][gc,metaspace ] GC(0) Metaspace: 20719K->20719K(1069056K)
[2023-11-28T09:26:32.353-0800][gc           ] GC(0) Pause Young (Concurrent Start) (Metadata GC Threshold) 44M->6M(1024M) 8.507ms
[2023-11-28T09:26:32.353-0800][gc,cpu       ] GC(0) User=0.02s Sys=0.01s Real=0.01s
[2023-11-28T09:26:32.353-0800][gc           ] GC(1) Concurrent Cycle
[2023-11-28T09:26:32.353-0800][gc,marking   ] GC(1) Concurrent Clear Claimed Marks
[2023-11-28T09:26:32.353-0800][gc,marking   ] GC(1) Concurrent Clear Claimed Marks 0.016ms
[2023-11-28T09:26:32.353-0800][gc,marking   ] GC(1) Concurrent Scan Root Regions
[2023-11-28T09:26:32.355-0800][gc,marking   ] GC(1) Concurrent Scan Root Regions 1.704ms
[2023-11-28T09:26:32.355-0800][gc,marking   ] GC(1) Concurrent Mark (0.722s)
[2023-11-28T09:26:32.355-0800][gc,marking   ] GC(1) Concurrent Mark From Roots
[2023-11-28T09:26:32.355-0800][gc,task      ] GC(1) Using 3 workers of 3 for marking
[2023-11-28T09:26:32.355-0800][gc,marking   ] GC(1) Concurrent Mark From Roots 0.161ms
[2023-11-28T09:26:32.355-0800][gc,marking   ] GC(1) Concurrent Preclean
[2023-11-28T09:26:32.355-0800][gc,marking   ] GC(1) Concurrent Preclean 0.035ms
[2023-11-28T09:26:32.355-0800][gc,marking   ] GC(1) Concurrent Mark (0.722s, 0.722s) 0.261ms
[2023-11-28T09:26:32.355-0800][gc,start     ] GC(1) Pause Remark
[2023-11-28T09:26:32.356-0800][gc,stringtable] GC(1) Cleaned string and symbol table, strings: 7627 processed, 0 removed, symbols: 63778 processed, 32 removed
[2023-11-28T09:26:32.357-0800][gc            ] GC(1) Pause Remark 7M->7M(1024M) 1.568ms
[2023-11-28T09:26:32.357-0800][gc,cpu        ] GC(1) User=0.01s Sys=0.00s Real=0.00s
[2023-11-28T09:26:32.357-0800][gc,marking    ] GC(1) Concurrent Rebuild Remembered Sets
[2023-11-28T09:26:32.357-0800][gc,marking    ] GC(1) Concurrent Rebuild Remembered Sets 0.063ms
[2023-11-28T09:26:32.357-0800][gc,start      ] GC(1) Pause Cleanup
[2023-11-28T09:26:32.357-0800][gc            ] GC(1) Pause Cleanup 7M->7M(1024M) 0.124ms
[2023-11-28T09:26:32.357-0800][gc,cpu        ] GC(1) User=0.00s Sys=0.00s Real=0.00s
[2023-11-28T09:26:32.357-0800][gc,marking    ] GC(1) Concurrent Cleanup for Next Mark
[2023-11-28T09:26:32.362-0800][gc,marking    ] GC(1) Concurrent Cleanup for Next Mark 4.759ms
[2023-11-28T09:26:32.362-0800][gc            ] GC(1) Concurrent Cycle 9.309ms
[2023-11-28T09:26:33.036-0800][gc,start      ] GC(2) Pause Young (Normal) (G1 Evacuation Pause)
[2023-11-28T09:26:33.036-0800][gc,task       ] GC(2) Using 10 workers of 10 for evacuation
[2023-11-28T09:26:33.043-0800][gc,phases     ] GC(2)   Pre Evacuate Collection Set: 0.0ms
[2023-11-28T09:26:33.043-0800][gc,phases     ] GC(2)   Evacuate Collection Set: 6.9ms
[2023-11-28T09:26:33.043-0800][gc,phases     ] GC(2)   Post Evacuate Collection Set: 0.5ms
[2023-11-28T09:26:33.043-0800][gc,phases     ] GC(2)   Other: 0.3ms
[2023-11-28T09:26:33.043-0800][gc,heap       ] GC(2) Eden regions: 44->0(49)
[2023-11-28T09:26:33.043-0800][gc,heap       ] GC(2) Survivor regions: 7->2(7)
[2023-11-28T09:26:33.043-0800][gc,heap       ] GC(2) Old regions: 0->7
[2023-11-28T09:26:33.043-0800][gc,heap       ] GC(2) Humongous regions: 9->9
[2023-11-28T09:26:33.043-0800][gc,metaspace  ] GC(2) Metaspace: 31128K->31128K(1077248K)
[2023-11-28T09:26:33.043-0800][gc            ] GC(2) Pause Young (Normal) (G1 Evacuation Pause) 59M->17M(1024M) 7.788ms
[2023-11-28T09:26:33.043-0800][gc,cpu        ] GC(2) User=0.05s Sys=0.01s Real=0.01s
[2023-11-28T09:26:33.207-0800][gc,start      ] GC(3) Pause Young (Concurrent Start) (Metadata GC Threshold)
[2023-11-28T09:26:33.207-0800][gc,task       ] GC(3) Using 10 workers of 10 for evacuation
[2023-11-28T09:26:33.209-0800][gc,phases     ] GC(3)   Pre Evacuate Collection Set: 0.0ms
[2023-11-28T09:26:33.209-0800][gc,phases     ] GC(3)   Evacuate Collection Set: 1.4ms
[2023-11-28T09:26:33.209-0800][gc,phases     ] GC(3)   Post Evacuate Collection Set: 0.2ms
[2023-11-28T09:26:33.209-0800][gc,phases     ] GC(3)   Other: 0.1ms
[2023-11-28T09:26:33.209-0800][gc,heap       ] GC(3) Eden regions: 19->0(48)
[2023-11-28T09:26:33.209-0800][gc,heap       ] GC(3) Survivor regions: 2->3(7)
[2023-11-28T09:26:33.209-0800][gc,heap       ] GC(3) Old regions: 7->7
[2023-11-28T09:26:33.209-0800][gc,heap       ] GC(3) Humongous regions: 9->9
[2023-11-28T09:26:33.209-0800][gc,metaspace  ] GC(3) Metaspace: 34886K->34886K(1081344K)
[2023-11-28T09:26:33.209-0800][gc            ] GC(3) Pause Young (Concurrent Start) (Metadata GC Threshold) 35M->17M(1024M) 1.920ms
[2023-11-28T09:26:33.209-0800][gc,cpu        ] GC(3) User=0.02s Sys=0.00s Real=0.00s
[2023-11-28T09:26:33.209-0800][gc            ] GC(4) Concurrent Cycle
[2023-11-28T09:26:33.209-0800][gc,marking    ] GC(4) Concurrent Clear Claimed Marks
[2023-11-28T09:26:33.209-0800][gc,marking    ] GC(4) Concurrent Clear Claimed Marks 0.016ms
[2023-11-28T09:26:33.209-0800][gc,marking    ] GC(4) Concurrent Scan Root Regions
[2023-11-28T09:26:33.210-0800][gc,marking    ] GC(4) Concurrent Scan Root Regions 0.920ms
[2023-11-28T09:26:33.210-0800][gc,marking    ] GC(4) Concurrent Mark (1.577s)
[2023-11-28T09:26:33.210-0800][gc,marking    ] GC(4) Concurrent Mark From Roots
[2023-11-28T09:26:33.210-0800][gc,task       ] GC(4) Using 3 workers of 3 for marking
[2023-11-28T09:26:33.213-0800][gc,marking    ] GC(4) Concurrent Mark From Roots 3.244ms
[2023-11-28T09:26:33.213-0800][gc,marking    ] GC(4) Concurrent Preclean
[2023-11-28T09:26:33.213-0800][gc,marking    ] GC(4) Concurrent Preclean 0.048ms
[2023-11-28T09:26:33.213-0800][gc,marking    ] GC(4) Concurrent Mark (1.577s, 1.581s) 3.344ms
[2023-11-28T09:26:33.213-0800][gc,start      ] GC(4) Pause Remark
[2023-11-28T09:26:33.215-0800][gc,stringtable] GC(4) Cleaned string and symbol table, strings: 11079 processed, 7 removed, symbols: 96667 processed, 20 removed
[2023-11-28T09:26:33.215-0800][gc            ] GC(4) Pause Remark 18M->18M(1024M) 1.709ms
[2023-11-28T09:26:33.215-0800][gc,cpu        ] GC(4) User=0.01s Sys=0.00s Real=0.00s
[2023-11-28T09:26:33.215-0800][gc,marking    ] GC(4) Concurrent Rebuild Remembered Sets
[2023-11-28T09:26:33.217-0800][gc,marking    ] GC(4) Concurrent Rebuild Remembered Sets 1.786ms
[2023-11-28T09:26:33.217-0800][gc,start      ] GC(4) Pause Cleanup
[2023-11-28T09:26:33.217-0800][gc            ] GC(4) Pause Cleanup 18M->18M(1024M) 0.126ms
[2023-11-28T09:26:33.217-0800][gc,cpu        ] GC(4) User=0.00s Sys=0.00s Real=0.00s
[2023-11-28T09:26:33.217-0800][gc,marking    ] GC(4) Concurrent Cleanup for Next Mark
[2023-11-28T09:26:33.221-0800][gc,marking    ] GC(4) Concurrent Cleanup for Next Mark 4.087ms
[2023-11-28T09:26:33.221-0800][gc            ] GC(4) Concurrent Cycle 12.438ms
[2023-11-28T09:26:33.826-0800][gc,start      ] GC(5) Pause Young (Normal) (G1 Evacuation Pause)
[2023-11-28T09:26:33.826-0800][gc,task       ] GC(5) Using 10 workers of 10 for evacuation
[2023-11-28T09:26:33.830-0800][gc,phases     ] GC(5)   Pre Evacuate Collection Set: 0.0ms
[2023-11-28T09:26:33.830-0800][gc,phases     ] GC(5)   Evacuate Collection Set: 3.3ms
[2023-11-28T09:26:33.830-0800][gc,phases     ] GC(5)   Post Evacuate Collection Set: 0.3ms
[2023-11-28T09:26:33.830-0800][gc,phases     ] GC(5)   Other: 0.2ms
[2023-11-28T09:26:33.830-0800][gc,heap       ] GC(5) Eden regions: 48->0(45)
[2023-11-28T09:26:33.830-0800][gc,heap       ] GC(5) Survivor regions: 3->6(7)
[2023-11-28T09:26:33.830-0800][gc,heap       ] GC(5) Old regions: 7->7
[2023-11-28T09:26:33.830-0800][gc,heap       ] GC(5) Humongous regions: 9->9
[2023-11-28T09:26:33.830-0800][gc,metaspace  ] GC(5) Metaspace: 42147K->42147K(1087488K)
[2023-11-28T09:26:33.830-0800][gc            ] GC(5) Pause Young (Normal) (G1 Evacuation Pause) 65M->21M(1024M) 3.964ms
[2023-11-28T09:26:33.830-0800][gc,cpu        ] GC(5) User=0.03s Sys=0.01s Real=0.01s
[2023-11-28T09:47:41.355-0800][gc,start      ] GC(6) Pause Young (Normal) (G1 Evacuation Pause)
[2023-11-28T09:47:41.356-0800][gc,task       ] GC(6) Using 10 workers of 10 for evacuation
[2023-11-28T09:47:41.365-0800][gc,phases     ] GC(6)   Pre Evacuate Collection Set: 0.0ms
[2023-11-28T09:47:41.365-0800][gc,phases     ] GC(6)   Evacuate Collection Set: 8.7ms
[2023-11-28T09:47:41.365-0800][gc,phases     ] GC(6)   Post Evacuate Collection Set: 0.5ms
[2023-11-28T09:47:41.365-0800][gc,phases     ] GC(6)   Other: 1.3ms
[2023-11-28T09:47:41.365-0800][gc,heap       ] GC(6) Eden regions: 45->0(48)
[2023-11-28T09:47:41.365-0800][gc,heap       ] GC(6) Survivor regions: 6->3(7)
[2023-11-28T09:47:41.365-0800][gc,heap       ] GC(6) Old regions: 7->13
[2023-11-28T09:47:41.366-0800][gc,heap       ] GC(6) Humongous regions: 138->138
[2023-11-28T09:47:41.366-0800][gc,metaspace  ] GC(6) Metaspace: 46414K->46414K(1091584K)
[2023-11-28T09:47:41.366-0800][gc            ] GC(6) Pause Young (Normal) (G1 Evacuation Pause) 195M->152M(1024M) 10.641ms
[2023-11-28T09:47:41.366-0800][gc,cpu        ] GC(6) User=0.05s Sys=0.03s Real=0.01s
[2023-11-28T09:53:39.086-0800][gc,start      ] GC(7) Pause Young (Normal) (G1 Evacuation Pause)
[2023-11-28T09:53:39.087-0800][gc,task       ] GC(7) Using 10 workers of 10 for evacuation
[2023-11-28T09:53:39.092-0800][gc,phases     ] GC(7)   Pre Evacuate Collection Set: 0.0ms
[2023-11-28T09:53:39.092-0800][gc,phases     ] GC(7)   Evacuate Collection Set: 3.5ms
[2023-11-28T09:53:39.092-0800][gc,phases     ] GC(7)   Post Evacuate Collection Set: 0.9ms
[2023-11-28T09:53:39.092-0800][gc,phases     ] GC(7)   Other: 1.1ms
[2023-11-28T09:53:39.092-0800][gc,heap       ] GC(7) Eden regions: 48->0(46)
[2023-11-28T09:53:39.092-0800][gc,heap       ] GC(7) Survivor regions: 3->5(7)
[2023-11-28T09:53:39.092-0800][gc,heap       ] GC(7) Old regions: 13->13
[2023-11-28T09:53:39.092-0800][gc,heap       ] GC(7) Humongous regions: 138->138
[2023-11-28T09:53:39.092-0800][gc,metaspace  ] GC(7) Metaspace: 49144K->49144K(1093632K)
[2023-11-28T09:53:39.092-0800][gc            ] GC(7) Pause Young (Normal) (G1 Evacuation Pause) 200M->154M(1024M) 5.714ms
[2023-11-28T09:53:39.092-0800][gc,cpu        ] GC(7) User=0.03s Sys=0.00s Real=0.01s
[2023-11-28T09:58:32.413-0800][gc,start      ] GC(8) Pause Young (Normal) (G1 Evacuation Pause)
[2023-11-28T09:58:32.414-0800][gc,task       ] GC(8) Using 10 workers of 10 for evacuation
[2023-11-28T09:58:32.419-0800][gc,phases     ] GC(8)   Pre Evacuate Collection Set: 0.0ms
[2023-11-28T09:58:32.419-0800][gc,phases     ] GC(8)   Evacuate Collection Set: 4.6ms
[2023-11-28T09:58:32.419-0800][gc,phases     ] GC(8)   Post Evacuate Collection Set: 0.5ms
[2023-11-28T09:58:32.419-0800][gc,phases     ] GC(8)   Other: 0.9ms
[2023-11-28T09:58:32.419-0800][gc,heap       ] GC(8) Eden regions: 46->0(47)
[2023-11-28T09:58:32.419-0800][gc,heap       ] GC(8) Survivor regions: 5->4(7)
[2023-11-28T09:58:32.419-0800][gc,heap       ] GC(8) Old regions: 13->14
[2023-11-28T09:58:32.419-0800][gc,heap       ] GC(8) Humongous regions: 138->138
[2023-11-28T09:58:32.419-0800][gc,metaspace  ] GC(8) Metaspace: 49330K->49330K(1093632K)
[2023-11-28T09:58:32.419-0800][gc            ] GC(8) Pause Young (Normal) (G1 Evacuation Pause) 200M->155M(1024M) 6.135ms
[2023-11-28T09:58:32.420-0800][gc,cpu        ] GC(8) User=0.03s Sys=0.00s Real=0.01s
[2023-11-28T10:04:02.931-0800][gc,start      ] GC(9) Pause Young (Normal) (G1 Evacuation Pause)
[2023-11-28T10:04:02.931-0800][gc,task       ] GC(9) Using 10 workers of 10 for evacuation
[2023-11-28T10:04:02.934-0800][gc,phases     ] GC(9)   Pre Evacuate Collection Set: 0.0ms
[2023-11-28T10:04:02.934-0800][gc,phases     ] GC(9)   Evacuate Collection Set: 2.7ms
[2023-11-28T10:04:02.935-0800][gc,phases     ] GC(9)   Post Evacuate Collection Set: 0.3ms
[2023-11-28T10:04:02.935-0800][gc,phases     ] GC(9)   Other: 0.9ms
[2023-11-28T10:04:02.935-0800][gc,heap       ] GC(9) Eden regions: 47->0(49)
[2023-11-28T10:04:02.935-0800][gc,heap       ] GC(9) Survivor regions: 4->5(7)
[2023-11-28T10:04:02.935-0800][gc,heap       ] GC(9) Old regions: 14->14
[2023-11-28T10:04:02.935-0800][gc,heap       ] GC(9) Humongous regions: 138->138
[2023-11-28T10:04:02.935-0800][gc,metaspace  ] GC(9) Metaspace: 49374K->49374K(1093632K)
[2023-11-28T10:04:02.935-0800][gc            ] GC(9) Pause Young (Normal) (G1 Evacuation Pause) 202M->156M(1024M) 4.029ms
[2023-11-28T10:04:02.935-0800][gc,cpu        ] GC(9) User=0.02s Sys=0.00s Real=0.00s
[2023-11-28T10:12:47.733-0800][gc,start      ] GC(10) Pause Young (Normal) (G1 Evacuation Pause)
[2023-11-28T10:12:47.734-0800][gc,task       ] GC(10) Using 10 workers of 10 for evacuation
[2023-11-28T10:12:47.738-0800][gc,phases     ] GC(10)   Pre Evacuate Collection Set: 0.1ms
[2023-11-28T10:12:47.738-0800][gc,phases     ] GC(10)   Evacuate Collection Set: 3.8ms
[2023-11-28T10:12:47.738-0800][gc,phases     ] GC(10)   Post Evacuate Collection Set: 0.3ms
[2023-11-28T10:12:47.738-0800][gc,phases     ] GC(10)   Other: 1.1ms
[2023-11-28T10:12:47.738-0800][gc,heap       ] GC(10) Eden regions: 49->0(231)
[2023-11-28T10:12:47.738-0800][gc,heap       ] GC(10) Survivor regions: 5->3(7)
[2023-11-28T10:12:47.738-0800][gc,heap       ] GC(10) Old regions: 14->16
[2023-11-28T10:12:47.738-0800][gc,heap       ] GC(10) Humongous regions: 138->138
[2023-11-28T10:12:47.738-0800][gc,metaspace  ] GC(10) Metaspace: 49397K->49397K(1093632K)
[2023-11-28T10:12:47.738-0800][gc            ] GC(10) Pause Young (Normal) (G1 Evacuation Pause) 205M->156M(1024M) 5.495ms
[2023-11-28T10:12:47.738-0800][gc,cpu        ] GC(10) User=0.03s Sys=0.00s Real=0.00s
[2023-11-28T10:57:55.847-0800][gc,start      ] GC(11) Pause Young (Normal) (G1 Evacuation Pause)
[2023-11-28T10:57:55.849-0800][gc,task       ] GC(11) Using 10 workers of 10 for evacuation
[2023-11-28T10:57:55.876-0800][gc,mmu        ] GC(11) MMU target violated: 21.0ms (20.0ms/21.0ms)
[2023-11-28T10:57:55.876-0800][gc,phases     ] GC(11)   Pre Evacuate Collection Set: 0.9ms
[2023-11-28T10:57:55.876-0800][gc,phases     ] GC(11)   Evacuate Collection Set: 24.3ms
[2023-11-28T10:57:55.876-0800][gc,phases     ] GC(11)   Post Evacuate Collection Set: 1.5ms
[2023-11-28T10:57:55.876-0800][gc,phases     ] GC(11)   Other: 2.4ms
[2023-11-28T10:57:55.876-0800][gc,heap       ] GC(11) Eden regions: 231->0(45)
[2023-11-28T10:57:55.876-0800][gc,heap       ] GC(11) Survivor regions: 3->6(30)
[2023-11-28T10:57:55.876-0800][gc,heap       ] GC(11) Old regions: 16->16
[2023-11-28T10:57:55.876-0800][gc,heap       ] GC(11) Humongous regions: 138->138
[2023-11-28T10:57:55.876-0800][gc,metaspace  ] GC(11) Metaspace: 49493K->49493K(1093632K)
[2023-11-28T10:57:55.877-0800][gc            ] GC(11) Pause Young (Normal) (G1 Evacuation Pause) 387M->159M(1024M) 29.070ms
[2023-11-28T10:57:55.877-0800][gc,cpu        ] GC(11) User=0.04s Sys=0.13s Real=0.03s
[2023-11-28T11:03:30.700-0800][gc,start      ] GC(12) Pause Young (Normal) (G1 Evacuation Pause)
[2023-11-28T11:03:30.701-0800][gc,task       ] GC(12) Using 10 workers of 10 for evacuation
[2023-11-28T11:03:30.730-0800][gc,mmu        ] GC(12) MMU target violated: 21.0ms (20.0ms/21.0ms)
[2023-11-28T11:03:30.731-0800][gc,phases     ] GC(12)   Pre Evacuate Collection Set: 6.9ms
[2023-11-28T11:03:30.731-0800][gc,phases     ] GC(12)   Evacuate Collection Set: 16.8ms
[2023-11-28T11:03:30.731-0800][gc,phases     ] GC(12)   Post Evacuate Collection Set: 2.4ms
[2023-11-28T11:03:30.731-0800][gc,phases     ] GC(12)   Other: 4.9ms
[2023-11-28T11:03:30.731-0800][gc,heap       ] GC(12) Eden regions: 45->0(48)
[2023-11-28T11:03:30.731-0800][gc,heap       ] GC(12) Survivor regions: 6->3(7)
[2023-11-28T11:03:30.731-0800][gc,heap       ] GC(12) Old regions: 16->19
[2023-11-28T11:03:30.731-0800][gc,heap       ] GC(12) Humongous regions: 138->138
[2023-11-28T11:03:30.731-0800][gc,metaspace  ] GC(12) Metaspace: 49501K->49501K(1093632K)
[2023-11-28T11:03:30.732-0800][gc            ] GC(12) Pause Young (Normal) (G1 Evacuation Pause) 204M->159M(1024M) 32.162ms
[2023-11-28T11:03:30.732-0800][gc,cpu        ] GC(12) User=0.04s Sys=0.07s Real=0.03s
[2023-11-28T11:09:29.968-0800][gc,start      ] GC(13) Pause Young (Normal) (G1 Evacuation Pause)
[2023-11-28T11:09:29.970-0800][gc,task       ] GC(13) Using 10 workers of 10 for evacuation
[2023-11-28T11:09:30.009-0800][gc,mmu        ] GC(13) MMU target violated: 21.0ms (20.0ms/21.0ms)
[2023-11-28T11:09:30.010-0800][gc,phases     ] GC(13)   Pre Evacuate Collection Set: 1.0ms
[2023-11-28T11:09:30.010-0800][gc,phases     ] GC(13)   Evacuate Collection Set: 36.5ms
[2023-11-28T11:09:30.010-0800][gc,phases     ] GC(13)   Post Evacuate Collection Set: 1.6ms
[2023-11-28T11:09:30.010-0800][gc,phases     ] GC(13)   Other: 2.4ms
[2023-11-28T11:09:30.010-0800][gc,heap       ] GC(13) Eden regions: 48->0(45)
[2023-11-28T11:09:30.010-0800][gc,heap       ] GC(13) Survivor regions: 3->6(7)
[2023-11-28T11:09:30.010-0800][gc,heap       ] GC(13) Old regions: 19->19
[2023-11-28T11:09:30.010-0800][gc,heap       ] GC(13) Humongous regions: 138->138
[2023-11-28T11:09:30.010-0800][gc,metaspace  ] GC(13) Metaspace: 49517K->49517K(1095680K)
[2023-11-28T11:09:30.010-0800][gc            ] GC(13) Pause Young (Normal) (G1 Evacuation Pause) 207M->162M(1024M) 41.661ms
[2023-11-28T11:09:30.010-0800][gc,cpu        ] GC(13) User=0.04s Sys=0.10s Real=0.05s
[2023-11-28T11:15:05.902-0800][gc,start      ] GC(14) Pause Young (Normal) (G1 Evacuation Pause)
[2023-11-28T11:15:05.904-0800][gc,task       ] GC(14) Using 10 workers of 10 for evacuation
[2023-11-28T11:15:05.931-0800][gc,mmu        ] GC(14) MMU target violated: 21.0ms (20.0ms/21.0ms)
[2023-11-28T11:15:05.931-0800][gc,phases     ] GC(14)   Pre Evacuate Collection Set: 1.3ms
[2023-11-28T11:15:05.931-0800][gc,phases     ] GC(14)   Evacuate Collection Set: 25.1ms
[2023-11-28T11:15:05.931-0800][gc,phases     ] GC(14)   Post Evacuate Collection Set: 0.6ms
[2023-11-28T11:15:05.931-0800][gc,phases     ] GC(14)   Other: 2.3ms
[2023-11-28T11:15:05.931-0800][gc,heap       ] GC(14) Eden regions: 45->0(46)
[2023-11-28T11:15:05.931-0800][gc,heap       ] GC(14) Survivor regions: 6->5(7)
[2023-11-28T11:15:05.931-0800][gc,heap       ] GC(14) Old regions: 19->24
[2023-11-28T11:15:05.931-0800][gc,heap       ] GC(14) Humongous regions: 138->138
[2023-11-28T11:15:05.931-0800][gc,metaspace  ] GC(14) Metaspace: 49521K->49521K(1095680K)
[2023-11-28T11:15:05.932-0800][gc            ] GC(14) Pause Young (Normal) (G1 Evacuation Pause) 207M->166M(1024M) 29.354ms
[2023-11-28T11:15:05.932-0800][gc,cpu        ] GC(14) User=0.05s Sys=0.11s Real=0.03s
[2023-11-28T11:20:47.136-0800][gc,start      ] GC(15) Pause Young (Normal) (G1 Evacuation Pause)
[2023-11-28T11:20:47.137-0800][gc,task       ] GC(15) Using 10 workers of 10 for evacuation
[2023-11-28T11:20:47.142-0800][gc,phases     ] GC(15)   Pre Evacuate Collection Set: 0.0ms
[2023-11-28T11:20:47.142-0800][gc,phases     ] GC(15)   Evacuate Collection Set: 5.4ms
[2023-11-28T11:20:47.143-0800][gc,phases     ] GC(15)   Post Evacuate Collection Set: 0.3ms
[2023-11-28T11:20:47.143-0800][gc,phases     ] GC(15)   Other: 0.7ms
[2023-11-28T11:20:47.143-0800][gc,heap       ] GC(15) Eden regions: 46->0(46)
[2023-11-28T11:20:47.143-0800][gc,heap       ] GC(15) Survivor regions: 5->5(7)
[2023-11-28T11:20:47.143-0800][gc,heap       ] GC(15) Old regions: 24->27
[2023-11-28T11:20:47.143-0800][gc,heap       ] GC(15) Humongous regions: 138->138
[2023-11-28T11:20:47.143-0800][gc,metaspace  ] GC(15) Metaspace: 49521K->49521K(1095680K)
[2023-11-28T11:20:47.143-0800][gc            ] GC(15) Pause Young (Normal) (G1 Evacuation Pause) 212M->169M(1024M) 6.571ms
[2023-11-28T11:20:47.143-0800][gc,cpu        ] GC(15) User=0.04s Sys=0.00s Real=0.01s
[2023-11-28T11:26:28.096-0800][gc,start      ] GC(16) Pause Young (Normal) (G1 Evacuation Pause)
[2023-11-28T11:26:28.098-0800][gc,task       ] GC(16) Using 10 workers of 10 for evacuation
[2023-11-28T11:26:28.109-0800][gc,phases     ] GC(16)   Pre Evacuate Collection Set: 0.0ms
[2023-11-28T11:26:28.109-0800][gc,phases     ] GC(16)   Evacuate Collection Set: 10.3ms
[2023-11-28T11:26:28.109-0800][gc,phases     ] GC(16)   Post Evacuate Collection Set: 0.2ms
[2023-11-28T11:26:28.109-0800][gc,phases     ] GC(16)   Other: 1.8ms
[2023-11-28T11:26:28.109-0800][gc,heap       ] GC(16) Eden regions: 46->0(46)
[2023-11-28T11:26:28.109-0800][gc,heap       ] GC(16) Survivor regions: 5->5(7)
[2023-11-28T11:26:28.109-0800][gc,heap       ] GC(16) Old regions: 27->31
[2023-11-28T11:26:28.109-0800][gc,heap       ] GC(16) Humongous regions: 138->138
[2023-11-28T11:26:28.109-0800][gc,metaspace  ] GC(16) Metaspace: 49539K->49539K(1095680K)
[2023-11-28T11:26:28.109-0800][gc            ] GC(16) Pause Young (Normal) (G1 Evacuation Pause) 215M->173M(1024M) 12.450ms
[2023-11-28T11:26:28.109-0800][gc,cpu        ] GC(16) User=0.05s Sys=0.03s Real=0.01s
[2023-11-28T11:32:09.543-0800][gc,start      ] GC(17) Pause Young (Normal) (G1 Evacuation Pause)
[2023-11-28T11:32:09.544-0800][gc,task       ] GC(17) Using 10 workers of 10 for evacuation
[2023-11-28T11:32:09.563-0800][gc,phases     ] GC(17)   Pre Evacuate Collection Set: 0.8ms
[2023-11-28T11:32:09.563-0800][gc,phases     ] GC(17)   Evacuate Collection Set: 16.7ms
[2023-11-28T11:32:09.563-0800][gc,phases     ] GC(17)   Post Evacuate Collection Set: 0.6ms
[2023-11-28T11:32:09.563-0800][gc,phases     ] GC(17)   Other: 1.6ms
[2023-11-28T11:32:09.563-0800][gc,heap       ] GC(17) Eden regions: 46->0(46)
[2023-11-28T11:32:09.563-0800][gc,heap       ] GC(17) Survivor regions: 5->5(7)
[2023-11-28T11:32:09.563-0800][gc,heap       ] GC(17) Old regions: 31->35
[2023-11-28T11:32:09.563-0800][gc,heap       ] GC(17) Humongous regions: 138->138
[2023-11-28T11:32:09.563-0800][gc,metaspace  ] GC(17) Metaspace: 49539K->49539K(1095680K)
[2023-11-28T11:32:09.563-0800][gc            ] GC(17) Pause Young (Normal) (G1 Evacuation Pause) 219M->177M(1024M) 19.862ms
[2023-11-28T11:32:09.563-0800][gc,cpu        ] GC(17) User=0.05s Sys=0.07s Real=0.02s
[2023-11-28T11:37:49.959-0800][gc,start      ] GC(18) Pause Young (Normal) (G1 Evacuation Pause)
[2023-11-28T11:37:49.960-0800][gc,task       ] GC(18) Using 10 workers of 10 for evacuation
[2023-11-28T11:37:49.972-0800][gc,phases     ] GC(18)   Pre Evacuate Collection Set: 0.1ms
[2023-11-28T11:37:49.972-0800][gc,phases     ] GC(18)   Evacuate Collection Set: 10.9ms
[2023-11-28T11:37:49.973-0800][gc,phases     ] GC(18)   Post Evacuate Collection Set: 0.9ms
[2023-11-28T11:37:49.973-0800][gc,phases     ] GC(18)   Other: 1.4ms
[2023-11-28T11:37:49.973-0800][gc,heap       ] GC(18) Eden regions: 46->0(46)
[2023-11-28T11:37:49.973-0800][gc,heap       ] GC(18) Survivor regions: 5->5(7)
[2023-11-28T11:37:49.973-0800][gc,heap       ] GC(18) Old regions: 35->38
[2023-11-28T11:37:49.973-0800][gc,heap       ] GC(18) Humongous regions: 138->138
[2023-11-28T11:37:49.973-0800][gc,metaspace  ] GC(18) Metaspace: 49544K->49544K(1095680K)
[2023-11-28T11:37:49.973-0800][gc            ] GC(18) Pause Young (Normal) (G1 Evacuation Pause) 223M->180M(1024M) 13.496ms
[2023-11-28T11:37:49.973-0800][gc,cpu        ] GC(18) User=0.05s Sys=0.03s Real=0.02s
[2023-11-28T11:43:31.888-0800][gc,start      ] GC(19) Pause Young (Normal) (G1 Evacuation Pause)
[2023-11-28T11:43:31.888-0800][gc,task       ] GC(19) Using 10 workers of 10 for evacuation
[2023-11-28T11:43:31.899-0800][gc,phases     ] GC(19)   Pre Evacuate Collection Set: 0.1ms
[2023-11-28T11:43:31.907-0800][gc,phases     ] GC(19)   Evacuate Collection Set: 9.8ms
[2023-11-28T11:43:31.907-0800][gc,phases     ] GC(19)   Post Evacuate Collection Set: 0.3ms
[2023-11-28T11:43:31.907-0800][gc,phases     ] GC(19)   Other: 0.8ms
[2023-11-28T11:43:31.908-0800][gc,heap       ] GC(19) Eden regions: 46->0(49)
[2023-11-28T11:43:31.908-0800][gc,heap       ] GC(19) Survivor regions: 5->6(7)
[2023-11-28T11:43:31.908-0800][gc,heap       ] GC(19) Old regions: 38->42
[2023-11-28T11:43:31.908-0800][gc,heap       ] GC(19) Humongous regions: 138->138
[2023-11-28T11:43:31.908-0800][gc,metaspace  ] GC(19) Metaspace: 49546K->49546K(1095680K)
[2023-11-28T11:43:31.908-0800][gc            ] GC(19) Pause Young (Normal) (G1 Evacuation Pause) 226M->184M(1024M) 20.075ms
[2023-11-28T11:43:31.908-0800][gc,cpu        ] GC(19) User=0.05s Sys=0.03s Real=0.02s
[2023-11-28T11:48:48.928-0800][gc,start      ] GC(20) Pause Young (Normal) (G1 Evacuation Pause)
[2023-11-28T11:48:48.929-0800][gc,task       ] GC(20) Using 10 workers of 10 for evacuation
[2023-11-28T11:48:48.944-0800][gc,phases     ] GC(20)   Pre Evacuate Collection Set: 0.0ms
[2023-11-28T11:48:48.944-0800][gc,phases     ] GC(20)   Evacuate Collection Set: 14.6ms
[2023-11-28T11:48:48.944-0800][gc,phases     ] GC(20)   Post Evacuate Collection Set: 0.3ms
[2023-11-28T11:48:48.944-0800][gc,phases     ] GC(20)   Other: 1.0ms
[2023-11-28T11:48:48.944-0800][gc,heap       ] GC(20) Eden regions: 46->0(49)
[2023-11-28T11:48:48.944-0800][gc,heap       ] GC(20) Survivor regions: 6->6(7)
[2023-11-28T11:48:48.944-0800][gc,heap       ] GC(20) Old regions: 42->46
[2023-11-28T11:48:48.944-0800][gc,heap       ] GC(20) Humongous regions: 138->138
[2023-11-28T11:48:48.944-0800][gc,metaspace  ] GC(20) Metaspace: 49549K->49549K(1095680K)
[2023-11-28T11:48:48.944-0800][gc            ] GC(20) Pause Young (Normal) (G1 Evacuation Pause) 230M->189M(1024M) 16.033ms
[2023-11-28T11:48:48.944-0800][gc,cpu        ] GC(20) User=0.05s Sys=0.04s Real=0.02s
[2023-11-28T11:54:24.623-0800][gc,start      ] GC(21) Pause Young (Normal) (G1 Evacuation Pause)
[2023-11-28T11:54:24.623-0800][gc,task       ] GC(21) Using 10 workers of 10 for evacuation
[2023-11-28T11:54:24.635-0800][gc,phases     ] GC(21)   Pre Evacuate Collection Set: 0.1ms
[2023-11-28T11:54:24.635-0800][gc,phases     ] GC(21)   Evacuate Collection Set: 10.0ms
[2023-11-28T11:54:24.635-0800][gc,phases     ] GC(21)   Post Evacuate Collection Set: 1.1ms
[2023-11-28T11:54:24.635-0800][gc,phases     ] GC(21)   Other: 1.0ms
[2023-11-28T11:54:24.635-0800][gc,heap       ] GC(21) Eden regions: 45->0(59)
[2023-11-28T11:54:24.635-0800][gc,heap       ] GC(21) Survivor regions: 6->3(7)
[2023-11-28T11:54:24.635-0800][gc,heap       ] GC(21) Old regions: 46->49
[2023-11-28T11:54:24.635-0800][gc,heap       ] GC(21) Humongous regions: 138->138
[2023-11-28T11:54:24.635-0800][gc,metaspace  ] GC(21) Metaspace: 49573K->49573K(1095680K)
[2023-11-28T11:54:24.635-0800][gc            ] GC(21) Pause Young (Normal) (G1 Evacuation Pause) 234M->189M(1024M) 12.465ms
[2023-11-28T11:54:24.635-0800][gc,cpu        ] GC(21) User=0.04s Sys=0.03s Real=0.01s
[2023-11-28T12:01:46.232-0800][gc,start      ] GC(22) Pause Young (Normal) (G1 Evacuation Pause)
[2023-11-28T12:01:46.233-0800][gc,task       ] GC(22) Using 10 workers of 10 for evacuation
[2023-11-28T12:01:46.272-0800][gc,mmu        ] GC(22) MMU target violated: 21.0ms (20.0ms/21.0ms)
[2023-11-28T12:01:46.272-0800][gc,phases     ] GC(22)   Pre Evacuate Collection Set: 0.0ms
[2023-11-28T12:01:46.272-0800][gc,phases     ] GC(22)   Evacuate Collection Set: 37.6ms
[2023-11-28T12:01:46.272-0800][gc,phases     ] GC(22)   Post Evacuate Collection Set: 0.2ms
[2023-11-28T12:01:46.272-0800][gc,phases     ] GC(22)   Other: 1.4ms
[2023-11-28T12:01:46.272-0800][gc,heap       ] GC(22) Eden regions: 59->0(44)
[2023-11-28T12:01:46.272-0800][gc,heap       ] GC(22) Survivor regions: 3->7(8)
[2023-11-28T12:01:46.272-0800][gc,heap       ] GC(22) Old regions: 49->49
[2023-11-28T12:01:46.272-0800][gc,heap       ] GC(22) Humongous regions: 138->138
[2023-11-28T12:01:46.272-0800][gc,metaspace  ] GC(22) Metaspace: 49588K->49588K(1095680K)
[2023-11-28T12:01:46.272-0800][gc            ] GC(22) Pause Young (Normal) (G1 Evacuation Pause) 248M->192M(1024M) 39.381ms
[2023-11-28T12:01:46.272-0800][gc,cpu        ] GC(22) User=0.04s Sys=0.11s Real=0.04s
[2023-11-28T12:20:58.224-0800][gc,start      ] GC(23) Pause Young (Normal) (G1 Evacuation Pause)
[2023-11-28T12:20:58.232-0800][gc,task       ] GC(23) Using 10 workers of 10 for evacuation
[2023-11-28T12:20:58.289-0800][gc,mmu        ] GC(23) MMU target violated: 21.0ms (20.0ms/21.0ms)
[2023-11-28T12:20:58.291-0800][gc,phases     ] GC(23)   Pre Evacuate Collection Set: 2.0ms
[2023-11-28T12:20:58.291-0800][gc,phases     ] GC(23)   Evacuate Collection Set: 52.1ms
[2023-11-28T12:20:58.291-0800][gc,phases     ] GC(23)   Post Evacuate Collection Set: 1.9ms
[2023-11-28T12:20:58.291-0800][gc,phases     ] GC(23)   Other: 10.6ms
[2023-11-28T12:20:58.291-0800][gc,heap       ] GC(23) Eden regions: 44->0(47)
[2023-11-28T12:20:58.291-0800][gc,heap       ] GC(23) Survivor regions: 7->4(7)
[2023-11-28T12:20:58.291-0800][gc,heap       ] GC(23) Old regions: 49->55
[2023-11-28T12:20:58.292-0800][gc,heap       ] GC(23) Humongous regions: 138->138
[2023-11-28T12:20:58.292-0800][gc,metaspace  ] GC(23) Metaspace: 49601K->49601K(1095680K)
[2023-11-28T12:20:58.292-0800][gc            ] GC(23) Pause Young (Normal) (G1 Evacuation Pause) 236M->196M(1024M) 67.141ms
[2023-11-28T12:20:58.292-0800][gc,cpu        ] GC(23) User=0.06s Sys=0.12s Real=0.07s
[2023-11-28T12:43:44.358-0800][gc,start      ] GC(24) Pause Young (Normal) (G1 Evacuation Pause)
[2023-11-28T12:43:44.359-0800][gc,task       ] GC(24) Using 10 workers of 10 for evacuation
[2023-11-28T12:43:44.382-0800][gc,mmu        ] GC(24) MMU target violated: 21.0ms (20.0ms/21.0ms)
[2023-11-28T12:43:44.382-0800][gc,phases     ] GC(24)   Pre Evacuate Collection Set: 0.0ms
[2023-11-28T12:43:44.382-0800][gc,phases     ] GC(24)   Evacuate Collection Set: 21.7ms
[2023-11-28T12:43:44.382-0800][gc,phases     ] GC(24)   Post Evacuate Collection Set: 0.5ms
[2023-11-28T12:43:44.382-0800][gc,phases     ] GC(24)   Other: 1.7ms
[2023-11-28T12:43:44.382-0800][gc,heap       ] GC(24) Eden regions: 47->0(46)
[2023-11-28T12:43:44.382-0800][gc,heap       ] GC(24) Survivor regions: 4->5(7)
[2023-11-28T12:43:44.382-0800][gc,heap       ] GC(24) Old regions: 55->58
[2023-11-28T12:43:44.382-0800][gc,heap       ] GC(24) Humongous regions: 138->138
[2023-11-28T12:43:44.382-0800][gc,metaspace  ] GC(24) Metaspace: 49604K->49604K(1095680K)
[2023-11-28T12:43:44.383-0800][gc            ] GC(24) Pause Young (Normal) (G1 Evacuation Pause) 243M->199M(1024M) 24.185ms
[2023-11-28T12:43:44.383-0800][gc,cpu        ] GC(24) User=0.09s Sys=0.07s Real=0.03s
[2023-11-28T12:49:26.362-0800][gc,start      ] GC(25) Pause Young (Normal) (G1 Evacuation Pause)
[2023-11-28T12:49:26.362-0800][gc,task       ] GC(25) Using 10 workers of 10 for evacuation
[2023-11-28T12:49:26.367-0800][gc,phases     ] GC(25)   Pre Evacuate Collection Set: 0.0ms
[2023-11-28T12:49:26.367-0800][gc,phases     ] GC(25)   Evacuate Collection Set: 4.8ms
[2023-11-28T12:49:26.367-0800][gc,phases     ] GC(25)   Post Evacuate Collection Set: 0.2ms
[2023-11-28T12:49:26.367-0800][gc,phases     ] GC(25)   Other: 0.2ms
[2023-11-28T12:49:26.367-0800][gc,heap       ] GC(25) Eden regions: 46->0(46)
[2023-11-28T12:49:26.367-0800][gc,heap       ] GC(25) Survivor regions: 5->5(7)
[2023-11-28T12:49:26.367-0800][gc,heap       ] GC(25) Old regions: 58->62
[2023-11-28T12:49:26.367-0800][gc,heap       ] GC(25) Humongous regions: 138->138
[2023-11-28T12:49:26.367-0800][gc,metaspace  ] GC(25) Metaspace: 49604K->49604K(1095680K)
[2023-11-28T12:49:26.367-0800][gc            ] GC(25) Pause Young (Normal) (G1 Evacuation Pause) 245M->203M(1024M) 5.342ms
[2023-11-28T12:49:26.367-0800][gc,cpu        ] GC(25) User=0.05s Sys=0.00s Real=0.00s
[2023-11-28T12:56:03.881-0800][gc,start      ] GC(26) Pause Young (Normal) (G1 Evacuation Pause)
[2023-11-28T12:56:03.882-0800][gc,task       ] GC(26) Using 10 workers of 10 for evacuation
[2023-11-28T12:56:03.888-0800][gc,phases     ] GC(26)   Pre Evacuate Collection Set: 0.0ms
[2023-11-28T12:56:03.888-0800][gc,phases     ] GC(26)   Evacuate Collection Set: 5.9ms
[2023-11-28T12:56:03.888-0800][gc,phases     ] GC(26)   Post Evacuate Collection Set: 0.2ms
[2023-11-28T12:56:03.888-0800][gc,phases     ] GC(26)   Other: 1.0ms
[2023-11-28T12:56:03.888-0800][gc,heap       ] GC(26) Eden regions: 46->0(46)
[2023-11-28T12:56:03.888-0800][gc,heap       ] GC(26) Survivor regions: 5->5(7)
[2023-11-28T12:56:03.888-0800][gc,heap       ] GC(26) Old regions: 62->65
[2023-11-28T12:56:03.888-0800][gc,heap       ] GC(26) Humongous regions: 138->138
[2023-11-28T12:56:03.888-0800][gc,metaspace  ] GC(26) Metaspace: 49612K->49612K(1095680K)
[2023-11-28T12:56:03.888-0800][gc            ] GC(26) Pause Young (Normal) (G1 Evacuation Pause) 249M->207M(1024M) 7.284ms
[2023-11-28T12:56:03.888-0800][gc,cpu        ] GC(26) User=0.05s Sys=0.01s Real=0.00s
[2023-11-28T13:45:14.403-0800][gc,start      ] GC(27) Pause Young (Normal) (G1 Evacuation Pause)
[2023-11-28T13:45:14.405-0800][gc,task       ] GC(27) Using 10 workers of 10 for evacuation
[2023-11-28T13:45:14.424-0800][gc,phases     ] GC(27)   Pre Evacuate Collection Set: 0.1ms
[2023-11-28T13:45:14.424-0800][gc,phases     ] GC(27)   Evacuate Collection Set: 18.0ms
[2023-11-28T13:45:14.424-0800][gc,phases     ] GC(27)   Post Evacuate Collection Set: 0.7ms
[2023-11-28T13:45:14.424-0800][gc,phases     ] GC(27)   Other: 2.3ms
[2023-11-28T13:45:14.424-0800][gc,heap       ] GC(27) Eden regions: 46->0(46)
[2023-11-28T13:45:14.424-0800][gc,heap       ] GC(27) Survivor regions: 5->5(7)
[2023-11-28T13:45:14.424-0800][gc,heap       ] GC(27) Old regions: 65->69
[2023-11-28T13:45:14.425-0800][gc,heap       ] GC(27) Humongous regions: 138->138
[2023-11-28T13:45:14.425-0800][gc,metaspace  ] GC(27) Metaspace: 49633K->49633K(1095680K)
[2023-11-28T13:45:14.425-0800][gc            ] GC(27) Pause Young (Normal) (G1 Evacuation Pause) 253M->210M(1024M) 21.495ms
[2023-11-28T13:45:14.425-0800][gc,cpu        ] GC(27) User=0.16s Sys=0.02s Real=0.02s
[2023-11-28T13:52:29.014-0800][gc,start      ] GC(28) Pause Young (Normal) (G1 Evacuation Pause)
[2023-11-28T13:52:29.016-0800][gc,task       ] GC(28) Using 10 workers of 10 for evacuation
[2023-11-28T13:52:29.034-0800][gc,phases     ] GC(28)   Pre Evacuate Collection Set: 0.0ms
[2023-11-28T13:52:29.034-0800][gc,phases     ] GC(28)   Evacuate Collection Set: 16.7ms
[2023-11-28T13:52:29.034-0800][gc,phases     ] GC(28)   Post Evacuate Collection Set: 0.7ms
[2023-11-28T13:52:29.034-0800][gc,phases     ] GC(28)   Other: 2.3ms
[2023-11-28T13:52:29.034-0800][gc,heap       ] GC(28) Eden regions: 46->0(46)
[2023-11-28T13:52:29.034-0800][gc,heap       ] GC(28) Survivor regions: 5->5(7)
[2023-11-28T13:52:29.034-0800][gc,heap       ] GC(28) Old regions: 69->72
[2023-11-28T13:52:29.034-0800][gc,heap       ] GC(28) Humongous regions: 138->138
[2023-11-28T13:52:29.034-0800][gc,metaspace  ] GC(28) Metaspace: 49633K->49633K(1095680K)
[2023-11-28T13:52:29.034-0800][gc            ] GC(28) Pause Young (Normal) (G1 Evacuation Pause) 256M->214M(1024M) 20.262ms
[2023-11-28T13:52:29.035-0800][gc,cpu        ] GC(28) User=0.15s Sys=0.01s Real=0.02s
[2023-11-28T13:59:43.741-0800][gc,start      ] GC(29) Pause Young (Normal) (G1 Evacuation Pause)
[2023-11-28T13:59:43.742-0800][gc,task       ] GC(29) Using 10 workers of 10 for evacuation
[2023-11-28T13:59:43.759-0800][gc,phases     ] GC(29)   Pre Evacuate Collection Set: 0.0ms
[2023-11-28T13:59:43.759-0800][gc,phases     ] GC(29)   Evacuate Collection Set: 15.9ms
[2023-11-28T13:59:43.759-0800][gc,phases     ] GC(29)   Post Evacuate Collection Set: 0.7ms
[2023-11-28T13:59:43.759-0800][gc,phases     ] GC(29)   Other: 1.5ms
[2023-11-28T13:59:43.759-0800][gc,heap       ] GC(29) Eden regions: 46->0(48)
[2023-11-28T13:59:43.759-0800][gc,heap       ] GC(29) Survivor regions: 5->5(7)
[2023-11-28T13:59:43.759-0800][gc,heap       ] GC(29) Old regions: 72->76
[2023-11-28T13:59:43.759-0800][gc,heap       ] GC(29) Humongous regions: 138->138
[2023-11-28T13:59:43.759-0800][gc,metaspace  ] GC(29) Metaspace: 49633K->49633K(1095680K)
[2023-11-28T13:59:43.759-0800][gc            ] GC(29) Pause Young (Normal) (G1 Evacuation Pause) 260M->218M(1024M) 18.658ms
[2023-11-28T13:59:43.760-0800][gc,cpu        ] GC(29) User=0.15s Sys=0.01s Real=0.02s
[2023-11-28T14:13:01.234-0800][gc,start      ] GC(30) Pause Young (Normal) (G1 Evacuation Pause)
[2023-11-28T14:13:01.235-0800][gc,task       ] GC(30) Using 10 workers of 10 for evacuation
[2023-11-28T14:13:01.260-0800][gc,mmu        ] GC(30) MMU target violated: 21.0ms (20.0ms/21.0ms)
[2023-11-28T14:13:01.260-0800][gc,phases     ] GC(30)   Pre Evacuate Collection Set: 1.1ms
[2023-11-28T14:13:01.260-0800][gc,phases     ] GC(30)   Evacuate Collection Set: 22.9ms
[2023-11-28T14:13:01.261-0800][gc,phases     ] GC(30)   Post Evacuate Collection Set: 0.6ms
[2023-11-28T14:13:01.261-0800][gc,phases     ] GC(30)   Other: 1.7ms
[2023-11-28T14:13:01.261-0800][gc,heap       ] GC(30) Eden regions: 48->0(45)
[2023-11-28T14:13:01.261-0800][gc,heap       ] GC(30) Survivor regions: 5->6(7)
[2023-11-28T14:13:01.261-0800][gc,heap       ] GC(30) Old regions: 76->80
[2023-11-28T14:13:01.261-0800][gc,heap       ] GC(30) Humongous regions: 138->138
[2023-11-28T14:13:01.261-0800][gc,metaspace  ] GC(30) Metaspace: 49635K->49635K(1095680K)
[2023-11-28T14:13:01.261-0800][gc            ] GC(30) Pause Young (Normal) (G1 Evacuation Pause) 266M->223M(1024M) 26.224ms
[2023-11-28T14:13:01.261-0800][gc,cpu        ] GC(30) User=0.06s Sys=0.09s Real=0.03s
[2023-11-28T14:18:32.107-0800][gc,start      ] GC(31) Pause Young (Normal) (G1 Evacuation Pause)
[2023-11-28T14:18:32.107-0800][gc,task       ] GC(31) Using 10 workers of 10 for evacuation
[2023-11-28T14:18:32.149-0800][gc,mmu        ] GC(31) MMU target violated: 21.0ms (20.0ms/21.0ms)
[2023-11-28T14:18:32.149-0800][gc,phases     ] GC(31)   Pre Evacuate Collection Set: 0.9ms
[2023-11-28T14:18:32.149-0800][gc,phases     ] GC(31)   Evacuate Collection Set: 39.3ms
[2023-11-28T14:18:32.149-0800][gc,phases     ] GC(31)   Post Evacuate Collection Set: 1.1ms
[2023-11-28T14:18:32.149-0800][gc,phases     ] GC(31)   Other: 1.1ms
[2023-11-28T14:18:32.149-0800][gc,heap       ] GC(31) Eden regions: 45->0(48)
[2023-11-28T14:18:32.149-0800][gc,heap       ] GC(31) Survivor regions: 6->3(7)
[2023-11-28T14:18:32.149-0800][gc,heap       ] GC(31) Old regions: 80->84
[2023-11-28T14:18:32.149-0800][gc,heap       ] GC(31) Humongous regions: 138->138
[2023-11-28T14:18:32.149-0800][gc,metaspace  ] GC(31) Metaspace: 49641K->49641K(1095680K)
[2023-11-28T14:18:32.149-0800][gc            ] GC(31) Pause Young (Normal) (G1 Evacuation Pause) 268M->223M(1024M) 42.704ms
[2023-11-28T14:18:32.149-0800][gc,cpu        ] GC(31) User=0.05s Sys=0.12s Real=0.04s
[2023-11-28T14:24:26.852-0800][gc,start      ] GC(32) Pause Young (Normal) (G1 Evacuation Pause)
[2023-11-28T14:24:26.853-0800][gc,task       ] GC(32) Using 10 workers of 10 for evacuation
[2023-11-28T14:24:26.863-0800][gc,phases     ] GC(32)   Pre Evacuate Collection Set: 0.0ms
[2023-11-28T14:24:26.863-0800][gc,phases     ] GC(32)   Evacuate Collection Set: 9.5ms
[2023-11-28T14:24:26.863-0800][gc,phases     ] GC(32)   Post Evacuate Collection Set: 0.3ms
[2023-11-28T14:24:26.863-0800][gc,phases     ] GC(32)   Other: 0.8ms
[2023-11-28T14:24:26.863-0800][gc,heap       ] GC(32) Eden regions: 48->0(45)
[2023-11-28T14:24:26.863-0800][gc,heap       ] GC(32) Survivor regions: 3->6(7)
[2023-11-28T14:24:26.863-0800][gc,heap       ] GC(32) Old regions: 84->84
[2023-11-28T14:24:26.863-0800][gc,heap       ] GC(32) Humongous regions: 138->138
[2023-11-28T14:24:26.863-0800][gc,metaspace  ] GC(32) Metaspace: 49642K->49642K(1095680K)
[2023-11-28T14:24:26.863-0800][gc            ] GC(32) Pause Young (Normal) (G1 Evacuation Pause) 271M->227M(1024M) 10.771ms
[2023-11-28T14:24:26.863-0800][gc,cpu        ] GC(32) User=0.04s Sys=0.03s Real=0.01s
[2023-11-28T14:29:59.373-0800][gc,start      ] GC(33) Pause Young (Normal) (G1 Evacuation Pause)
[2023-11-28T14:29:59.374-0800][gc,task       ] GC(33) Using 10 workers of 10 for evacuation
[2023-11-28T14:29:59.403-0800][gc,mmu        ] GC(33) MMU target violated: 21.0ms (20.0ms/21.0ms)
[2023-11-28T14:29:59.403-0800][gc,phases     ] GC(33)   Pre Evacuate Collection Set: 0.8ms
[2023-11-28T14:29:59.403-0800][gc,phases     ] GC(33)   Evacuate Collection Set: 26.4ms
[2023-11-28T14:29:59.403-0800][gc,phases     ] GC(33)   Post Evacuate Collection Set: 1.3ms
[2023-11-28T14:29:59.403-0800][gc,phases     ] GC(33)   Other: 1.5ms
[2023-11-28T14:29:59.403-0800][gc,heap       ] GC(33) Eden regions: 45->0(46)
[2023-11-28T14:29:59.403-0800][gc,heap       ] GC(33) Survivor regions: 6->5(7)
[2023-11-28T14:29:59.403-0800][gc,heap       ] GC(33) Old regions: 84->89
[2023-11-28T14:29:59.404-0800][gc,heap       ] GC(33) Humongous regions: 138->138
[2023-11-28T14:29:59.404-0800][gc,metaspace  ] GC(33) Metaspace: 49653K->49653K(1095680K)
[2023-11-28T14:29:59.404-0800][gc            ] GC(33) Pause Young (Normal) (G1 Evacuation Pause) 272M->230M(1024M) 30.055ms
[2023-11-28T14:29:59.404-0800][gc,cpu        ] GC(33) User=0.06s Sys=0.10s Real=0.03s
[2023-11-28T14:35:43.273-0800][gc,start      ] GC(34) Pause Young (Normal) (G1 Evacuation Pause)
[2023-11-28T14:35:43.274-0800][gc,task       ] GC(34) Using 10 workers of 10 for evacuation
[2023-11-28T14:35:43.341-0800][gc,mmu        ] GC(34) MMU target violated: 21.0ms (20.0ms/21.0ms)
[2023-11-28T14:35:43.341-0800][gc,phases     ] GC(34)   Pre Evacuate Collection Set: 1.7ms
[2023-11-28T14:35:43.341-0800][gc,phases     ] GC(34)   Evacuate Collection Set: 58.2ms
[2023-11-28T14:35:43.341-0800][gc,phases     ] GC(34)   Post Evacuate Collection Set: 4.6ms
[2023-11-28T14:35:43.341-0800][gc,phases     ] GC(34)   Other: 4.1ms
[2023-11-28T14:35:43.341-0800][gc,heap       ] GC(34) Eden regions: 46->0(46)
[2023-11-28T14:35:43.341-0800][gc,heap       ] GC(34) Survivor regions: 5->5(7)
[2023-11-28T14:35:43.341-0800][gc,heap       ] GC(34) Old regions: 89->92
[2023-11-28T14:35:43.341-0800][gc,heap       ] GC(34) Humongous regions: 138->138
[2023-11-28T14:35:43.341-0800][gc,metaspace  ] GC(34) Metaspace: 49657K->49657K(1095680K)
[2023-11-28T14:35:43.341-0800][gc            ] GC(34) Pause Young (Normal) (G1 Evacuation Pause) 276M->234M(1024M) 68.710ms
[2023-11-28T14:35:43.341-0800][gc,cpu        ] GC(34) User=0.06s Sys=0.10s Real=0.07s
[2023-11-28T14:41:25.870-0800][gc,start      ] GC(35) Pause Young (Normal) (G1 Evacuation Pause)
[2023-11-28T14:41:25.871-0800][gc,task       ] GC(35) Using 10 workers of 10 for evacuation
[2023-11-28T14:41:25.909-0800][gc,mmu        ] GC(35) MMU target violated: 21.0ms (20.0ms/21.0ms)
[2023-11-28T14:41:25.909-0800][gc,phases     ] GC(35)   Pre Evacuate Collection Set: 1.5ms
[2023-11-28T14:41:25.909-0800][gc,phases     ] GC(35)   Evacuate Collection Set: 34.5ms
[2023-11-28T14:41:25.909-0800][gc,phases     ] GC(35)   Post Evacuate Collection Set: 1.3ms
[2023-11-28T14:41:25.909-0800][gc,phases     ] GC(35)   Other: 1.7ms
[2023-11-28T14:41:25.909-0800][gc,heap       ] GC(35) Eden regions: 46->0(46)
[2023-11-28T14:41:25.909-0800][gc,heap       ] GC(35) Survivor regions: 5->5(7)
[2023-11-28T14:41:25.909-0800][gc,heap       ] GC(35) Old regions: 92->96
[2023-11-28T14:41:25.909-0800][gc,heap       ] GC(35) Humongous regions: 138->138
[2023-11-28T14:41:25.909-0800][gc,metaspace  ] GC(35) Metaspace: 49662K->49662K(1095680K)
[2023-11-28T14:41:25.909-0800][gc            ] GC(35) Pause Young (Normal) (G1 Evacuation Pause) 280M->237M(1024M) 39.079ms
[2023-11-28T14:41:25.909-0800][gc,cpu        ] GC(35) User=0.06s Sys=0.13s Real=0.03s
[2023-11-28T14:47:07.853-0800][gc,start      ] GC(36) Pause Young (Normal) (G1 Evacuation Pause)
[2023-11-28T14:47:07.855-0800][gc,task       ] GC(36) Using 10 workers of 10 for evacuation
[2023-11-28T14:47:07.881-0800][gc,mmu        ] GC(36) MMU target violated: 21.0ms (20.0ms/21.0ms)
[2023-11-28T14:47:07.881-0800][gc,phases     ] GC(36)   Pre Evacuate Collection Set: 1.2ms
[2023-11-28T14:47:07.881-0800][gc,phases     ] GC(36)   Evacuate Collection Set: 22.0ms
[2023-11-28T14:47:07.882-0800][gc,phases     ] GC(36)   Post Evacuate Collection Set: 3.0ms
[2023-11-28T14:47:07.882-0800][gc,phases     ] GC(36)   Other: 2.8ms
[2023-11-28T14:47:07.882-0800][gc,heap       ] GC(36) Eden regions: 46->0(46)
[2023-11-28T14:47:07.882-0800][gc,heap       ] GC(36) Survivor regions: 5->5(7)
[2023-11-28T14:47:07.882-0800][gc,heap       ] GC(36) Old regions: 96->99
[2023-11-28T14:47:07.882-0800][gc,heap       ] GC(36) Humongous regions: 138->138
[2023-11-28T14:47:07.882-0800][gc,metaspace  ] GC(36) Metaspace: 49662K->49662K(1095680K)
[2023-11-28T14:47:07.882-0800][gc            ] GC(36) Pause Young (Normal) (G1 Evacuation Pause) 283M->241M(1024M) 29.194ms
[2023-11-28T14:47:07.882-0800][gc,cpu        ] GC(36) User=0.06s Sys=0.10s Real=0.03s
[2023-11-28T14:52:51.392-0800][gc,start      ] GC(37) Pause Young (Normal) (G1 Evacuation Pause)
[2023-11-28T14:52:51.392-0800][gc,task       ] GC(37) Using 10 workers of 10 for evacuation
[2023-11-28T14:52:51.405-0800][gc,phases     ] GC(37)   Pre Evacuate Collection Set: 0.0ms
[2023-11-28T14:52:51.405-0800][gc,phases     ] GC(37)   Evacuate Collection Set: 10.7ms
[2023-11-28T14:52:51.405-0800][gc,phases     ] GC(37)   Post Evacuate Collection Set: 0.9ms
[2023-11-28T14:52:51.405-0800][gc,phases     ] GC(37)   Other: 1.5ms
[2023-11-28T14:52:51.405-0800][gc,heap       ] GC(37) Eden regions: 46->0(46)
[2023-11-28T14:52:51.405-0800][gc,heap       ] GC(37) Survivor regions: 5->5(7)
[2023-11-28T14:52:51.405-0800][gc,heap       ] GC(37) Old regions: 99->103
[2023-11-28T14:52:51.405-0800][gc,heap       ] GC(37) Humongous regions: 138->138
[2023-11-28T14:52:51.405-0800][gc,metaspace  ] GC(37) Metaspace: 49662K->49662K(1095680K)
[2023-11-28T14:52:51.405-0800][gc            ] GC(37) Pause Young (Normal) (G1 Evacuation Pause) 287M->245M(1024M) 13.343ms
[2023-11-28T14:52:51.405-0800][gc,cpu        ] GC(37) User=0.05s Sys=0.03s Real=0.01s
[2023-11-28T14:58:32.704-0800][gc,start      ] GC(38) Pause Young (Normal) (G1 Evacuation Pause)
[2023-11-28T14:58:32.705-0800][gc,task       ] GC(38) Using 10 workers of 10 for evacuation
[2023-11-28T14:58:32.728-0800][gc,mmu        ] GC(38) MMU target violated: 21.0ms (20.0ms/21.0ms)
[2023-11-28T14:58:32.729-0800][gc,phases     ] GC(38)   Pre Evacuate Collection Set: 1.2ms
[2023-11-28T14:58:32.729-0800][gc,phases     ] GC(38)   Evacuate Collection Set: 20.8ms
[2023-11-28T14:58:32.729-0800][gc,phases     ] GC(38)   Post Evacuate Collection Set: 0.6ms
[2023-11-28T14:58:32.729-0800][gc,phases     ] GC(38)   Other: 1.5ms
[2023-11-28T14:58:32.729-0800][gc,heap       ] GC(38) Eden regions: 46->0(46)
[2023-11-28T14:58:32.729-0800][gc,heap       ] GC(38) Survivor regions: 5->5(7)
[2023-11-28T14:58:32.729-0800][gc,heap       ] GC(38) Old regions: 103->107
[2023-11-28T14:58:32.729-0800][gc,heap       ] GC(38) Humongous regions: 138->138
[2023-11-28T14:58:32.729-0800][gc,metaspace  ] GC(38) Metaspace: 49663K->49663K(1095680K)
[2023-11-28T14:58:32.729-0800][gc            ] GC(38) Pause Young (Normal) (G1 Evacuation Pause) 291M->248M(1024M) 24.230ms
[2023-11-28T14:58:32.729-0800][gc,cpu        ] GC(38) User=0.05s Sys=0.09s Real=0.02s
[2023-11-28T15:04:16.204-0800][gc,start      ] GC(39) Pause Young (Normal) (G1 Evacuation Pause)
[2023-11-28T15:04:16.205-0800][gc,task       ] GC(39) Using 10 workers of 10 for evacuation
[2023-11-28T15:04:16.215-0800][gc,phases     ] GC(39)   Pre Evacuate Collection Set: 0.0ms
[2023-11-28T15:04:16.215-0800][gc,phases     ] GC(39)   Evacuate Collection Set: 9.0ms
[2023-11-28T15:04:16.215-0800][gc,phases     ] GC(39)   Post Evacuate Collection Set: 0.2ms
[2023-11-28T15:04:16.215-0800][gc,phases     ] GC(39)   Other: 1.1ms
[2023-11-28T15:04:16.215-0800][gc,heap       ] GC(39) Eden regions: 46->0(46)
[2023-11-28T15:04:16.215-0800][gc,heap       ] GC(39) Survivor regions: 5->5(7)
[2023-11-28T15:04:16.215-0800][gc,heap       ] GC(39) Old regions: 107->110
[2023-11-28T15:04:16.215-0800][gc,heap       ] GC(39) Humongous regions: 138->138
[2023-11-28T15:04:16.215-0800][gc,metaspace  ] GC(39) Metaspace: 49663K->49663K(1095680K)
[2023-11-28T15:04:16.215-0800][gc            ] GC(39) Pause Young (Normal) (G1 Evacuation Pause) 294M->252M(1024M) 10.433ms
[2023-11-28T15:04:16.215-0800][gc,cpu        ] GC(39) User=0.05s Sys=0.01s Real=0.01s
[2023-11-28T15:09:59.606-0800][gc,start      ] GC(40) Pause Young (Normal) (G1 Evacuation Pause)
[2023-11-28T15:09:59.607-0800][gc,task       ] GC(40) Using 10 workers of 10 for evacuation
[2023-11-28T15:09:59.629-0800][gc,mmu        ] GC(40) MMU target violated: 21.0ms (20.0ms/21.0ms)
[2023-11-28T15:09:59.629-0800][gc,phases     ] GC(40)   Pre Evacuate Collection Set: 0.9ms
[2023-11-28T15:09:59.629-0800][gc,phases     ] GC(40)   Evacuate Collection Set: 19.6ms
[2023-11-28T15:09:59.629-0800][gc,phases     ] GC(40)   Post Evacuate Collection Set: 0.7ms
[2023-11-28T15:09:59.629-0800][gc,phases     ] GC(40)   Other: 1.7ms
[2023-11-28T15:09:59.629-0800][gc,heap       ] GC(40) Eden regions: 46->0(45)
[2023-11-28T15:09:59.629-0800][gc,heap       ] GC(40) Survivor regions: 5->6(7)
[2023-11-28T15:09:59.629-0800][gc,heap       ] GC(40) Old regions: 110->114
[2023-11-28T15:09:59.629-0800][gc,heap       ] GC(40) Humongous regions: 138->138
[2023-11-28T15:09:59.629-0800][gc,metaspace  ] GC(40) Metaspace: 49668K->49668K(1095680K)
[2023-11-28T15:09:59.629-0800][gc            ] GC(40) Pause Young (Normal) (G1 Evacuation Pause) 298M->256M(1024M) 22.996ms
[2023-11-28T15:09:59.629-0800][gc,cpu        ] GC(40) User=0.05s Sys=0.08s Real=0.02s
[2023-11-28T15:15:06.922-0800][gc,start      ] GC(41) Pause Young (Normal) (G1 Evacuation Pause)
[2023-11-28T15:15:06.924-0800][gc,task       ] GC(41) Using 10 workers of 10 for evacuation
[2023-11-28T15:15:06.932-0800][gc,phases     ] GC(41)   Pre Evacuate Collection Set: 0.0ms
[2023-11-28T15:15:06.932-0800][gc,phases     ] GC(41)   Evacuate Collection Set: 7.4ms
[2023-11-28T15:15:06.932-0800][gc,phases     ] GC(41)   Post Evacuate Collection Set: 0.3ms
[2023-11-28T15:15:06.932-0800][gc,phases     ] GC(41)   Other: 2.7ms
[2023-11-28T15:15:06.932-0800][gc,heap       ] GC(41) Eden regions: 45->0(46)
[2023-11-28T15:15:06.932-0800][gc,heap       ] GC(41) Survivor regions: 6->5(7)
[2023-11-28T15:15:06.932-0800][gc,heap       ] GC(41) Old regions: 114->118
[2023-11-28T15:15:06.932-0800][gc,heap       ] GC(41) Humongous regions: 138->138
[2023-11-28T15:15:06.932-0800][gc,metaspace  ] GC(41) Metaspace: 49668K->49668K(1095680K)
[2023-11-28T15:15:06.932-0800][gc            ] GC(41) Pause Young (Normal) (G1 Evacuation Pause) 301M->260M(1024M) 10.642ms
[2023-11-28T15:15:06.932-0800][gc,cpu        ] GC(41) User=0.06s Sys=0.01s Real=0.01s
[2023-11-28T15:20:46.861-0800][gc,start      ] GC(42) Pause Young (Normal) (G1 Evacuation Pause)
[2023-11-28T15:20:46.863-0800][gc,task       ] GC(42) Using 10 workers of 10 for evacuation
[2023-11-28T15:20:46.871-0800][gc,phases     ] GC(42)   Pre Evacuate Collection Set: 0.0ms
[2023-11-28T15:20:46.871-0800][gc,phases     ] GC(42)   Evacuate Collection Set: 7.7ms
[2023-11-28T15:20:46.871-0800][gc,phases     ] GC(42)   Post Evacuate Collection Set: 0.3ms
[2023-11-28T15:20:46.871-0800][gc,phases     ] GC(42)   Other: 1.4ms
[2023-11-28T15:20:46.871-0800][gc,heap       ] GC(42) Eden regions: 46->0(53)
[2023-11-28T15:20:46.871-0800][gc,heap       ] GC(42) Survivor regions: 5->3(7)
[2023-11-28T15:20:46.871-0800][gc,heap       ] GC(42) Old regions: 118->120
[2023-11-28T15:20:46.871-0800][gc,heap       ] GC(42) Humongous regions: 138->138
[2023-11-28T15:20:46.871-0800][gc,metaspace  ] GC(42) Metaspace: 49668K->49668K(1095680K)
[2023-11-28T15:20:46.871-0800][gc            ] GC(42) Pause Young (Normal) (G1 Evacuation Pause) 306M->260M(1024M) 9.543ms
[2023-11-28T15:20:46.871-0800][gc,cpu        ] GC(42) User=0.04s Sys=0.03s Real=0.01s
[2023-11-28T15:27:19.581-0800][gc,start      ] GC(43) Pause Young (Normal) (G1 Evacuation Pause)
[2023-11-28T15:27:19.582-0800][gc,task       ] GC(43) Using 10 workers of 10 for evacuation
[2023-11-28T15:27:19.605-0800][gc,mmu        ] GC(43) MMU target violated: 21.0ms (20.0ms/21.0ms)
[2023-11-28T15:27:19.605-0800][gc,phases     ] GC(43)   Pre Evacuate Collection Set: 1.2ms
[2023-11-28T15:27:19.605-0800][gc,phases     ] GC(43)   Evacuate Collection Set: 21.0ms
[2023-11-28T15:27:19.605-0800][gc,phases     ] GC(43)   Post Evacuate Collection Set: 0.6ms
[2023-11-28T15:27:19.605-0800][gc,phases     ] GC(43)   Other: 1.9ms
[2023-11-28T15:27:19.605-0800][gc,heap       ] GC(43) Eden regions: 53->0(45)
[2023-11-28T15:27:19.605-0800][gc,heap       ] GC(43) Survivor regions: 3->7(7)
[2023-11-28T15:27:19.605-0800][gc,heap       ] GC(43) Old regions: 120->120
[2023-11-28T15:27:19.605-0800][gc,heap       ] GC(43) Humongous regions: 138->138
[2023-11-28T15:27:19.605-0800][gc,metaspace  ] GC(43) Metaspace: 49703K->49703K(1095680K)
[2023-11-28T15:27:19.605-0800][gc            ] GC(43) Pause Young (Normal) (G1 Evacuation Pause) 313M->264M(1024M) 24.782ms
[2023-11-28T15:27:19.605-0800][gc,cpu        ] GC(43) User=0.04s Sys=0.08s Real=0.02s
[2023-11-28T15:32:52.024-0800][gc,start      ] GC(44) Pause Young (Normal) (G1 Evacuation Pause)
[2023-11-28T15:32:52.025-0800][gc,task       ] GC(44) Using 10 workers of 10 for evacuation
[2023-11-28T15:32:52.032-0800][gc,phases     ] GC(44)   Pre Evacuate Collection Set: 0.0ms
[2023-11-28T15:32:52.032-0800][gc,phases     ] GC(44)   Evacuate Collection Set: 6.5ms
[2023-11-28T15:32:52.032-0800][gc,phases     ] GC(44)   Post Evacuate Collection Set: 0.3ms
[2023-11-28T15:32:52.032-0800][gc,phases     ] GC(44)   Other: 1.4ms
[2023-11-28T15:32:52.032-0800][gc,heap       ] GC(44) Eden regions: 45->0(48)
[2023-11-28T15:32:52.032-0800][gc,heap       ] GC(44) Survivor regions: 7->6(7)
[2023-11-28T15:32:52.032-0800][gc,heap       ] GC(44) Old regions: 120->125
[2023-11-28T15:32:52.032-0800][gc,heap       ] GC(44) Humongous regions: 138->138
[2023-11-28T15:32:52.032-0800][gc,metaspace  ] GC(44) Metaspace: 49703K->49703K(1095680K)
[2023-11-28T15:32:52.032-0800][gc            ] GC(44) Pause Young (Normal) (G1 Evacuation Pause) 309M->268M(1024M) 8.396ms
[2023-11-28T15:32:52.032-0800][gc,cpu        ] GC(44) User=0.05s Sys=0.01s Real=0.01s
[2023-11-28T15:38:47.909-0800][gc,start      ] GC(45) Pause Young (Normal) (G1 Evacuation Pause)
[2023-11-28T15:38:47.910-0800][gc,task       ] GC(45) Using 10 workers of 10 for evacuation
[2023-11-28T15:38:47.918-0800][gc,phases     ] GC(45)   Pre Evacuate Collection Set: 0.1ms
[2023-11-28T15:38:47.918-0800][gc,phases     ] GC(45)   Evacuate Collection Set: 7.5ms
[2023-11-28T15:38:47.918-0800][gc,phases     ] GC(45)   Post Evacuate Collection Set: 0.2ms
[2023-11-28T15:38:47.918-0800][gc,phases     ] GC(45)   Other: 1.4ms
[2023-11-28T15:38:47.918-0800][gc,heap       ] GC(45) Eden regions: 48->0(53)
[2023-11-28T15:38:47.918-0800][gc,heap       ] GC(45) Survivor regions: 6->6(7)
[2023-11-28T15:38:47.918-0800][gc,heap       ] GC(45) Old regions: 125->129
[2023-11-28T15:38:47.918-0800][gc,heap       ] GC(45) Humongous regions: 138->138
[2023-11-28T15:38:47.918-0800][gc,metaspace  ] GC(45) Metaspace: 49703K->49703K(1095680K)
[2023-11-28T15:38:47.918-0800][gc            ] GC(45) Pause Young (Normal) (G1 Evacuation Pause) 316M->271M(1024M) 9.356ms
[2023-11-28T15:38:47.918-0800][gc,cpu        ] GC(45) User=0.05s Sys=0.02s Real=0.01s
[2023-11-28T15:45:19.318-0800][gc,start      ] GC(46) Pause Young (Normal) (G1 Evacuation Pause)
[2023-11-28T15:45:19.319-0800][gc,task       ] GC(46) Using 10 workers of 10 for evacuation
[2023-11-28T15:45:19.331-0800][gc,phases     ] GC(46)   Pre Evacuate Collection Set: 0.0ms
[2023-11-28T15:45:19.331-0800][gc,phases     ] GC(46)   Evacuate Collection Set: 11.8ms
[2023-11-28T15:45:19.331-0800][gc,phases     ] GC(46)   Post Evacuate Collection Set: 0.3ms
[2023-11-28T15:45:19.331-0800][gc,phases     ] GC(46)   Other: 1.1ms
[2023-11-28T15:45:19.331-0800][gc,heap       ] GC(46) Eden regions: 53->0(57)
[2023-11-28T15:45:19.331-0800][gc,heap       ] GC(46) Survivor regions: 6->5(8)
[2023-11-28T15:45:19.331-0800][gc,heap       ] GC(46) Old regions: 129->133
[2023-11-28T15:45:19.331-0800][gc,heap       ] GC(46) Humongous regions: 138->138
[2023-11-28T15:45:19.331-0800][gc,metaspace  ] GC(46) Metaspace: 49703K->49703K(1095680K)
[2023-11-28T15:45:19.331-0800][gc            ] GC(46) Pause Young (Normal) (G1 Evacuation Pause) 324M->275M(1024M) 13.314ms
[2023-11-28T15:45:19.331-0800][gc,cpu        ] GC(46) User=0.05s Sys=0.04s Real=0.02s
[2023-11-28T15:52:23.813-0800][gc,start      ] GC(47) Pause Young (Normal) (G1 Evacuation Pause)
[2023-11-28T15:52:23.814-0800][gc,task       ] GC(47) Using 10 workers of 10 for evacuation
[2023-11-28T15:52:23.829-0800][gc,phases     ] GC(47)   Pre Evacuate Collection Set: 0.0ms
[2023-11-28T15:52:23.829-0800][gc,phases     ] GC(47)   Evacuate Collection Set: 14.9ms
[2023-11-28T15:52:23.830-0800][gc,phases     ] GC(47)   Post Evacuate Collection Set: 0.3ms
[2023-11-28T15:52:23.830-0800][gc,phases     ] GC(47)   Other: 1.2ms
[2023-11-28T15:52:23.830-0800][gc,heap       ] GC(47) Eden regions: 57->0(60)
[2023-11-28T15:52:23.830-0800][gc,heap       ] GC(47) Survivor regions: 5->7(8)
[2023-11-28T15:52:23.830-0800][gc,heap       ] GC(47) Old regions: 133->137
[2023-11-28T15:52:23.830-0800][gc,heap       ] GC(47) Humongous regions: 138->138
[2023-11-28T15:52:23.830-0800][gc,metaspace  ] GC(47) Metaspace: 49709K->49709K(1095680K)
[2023-11-28T15:52:23.830-0800][gc            ] GC(47) Pause Young (Normal) (G1 Evacuation Pause) 332M->280M(1024M) 16.640ms
[2023-11-28T15:52:23.830-0800][gc,cpu        ] GC(47) User=0.06s Sys=0.05s Real=0.02s
[2023-11-28T15:59:48.076-0800][gc,start      ] GC(48) Pause Young (Normal) (G1 Evacuation Pause)
[2023-11-28T15:59:48.078-0800][gc,task       ] GC(48) Using 10 workers of 10 for evacuation
[2023-11-28T15:59:48.156-0800][gc,mmu        ] GC(48) MMU target violated: 21.0ms (20.0ms/21.0ms)
[2023-11-28T15:59:48.156-0800][gc,phases     ] GC(48)   Pre Evacuate Collection Set: 0.9ms
[2023-11-28T15:59:48.156-0800][gc,phases     ] GC(48)   Evacuate Collection Set: 73.4ms
[2023-11-28T15:59:48.156-0800][gc,phases     ] GC(48)   Post Evacuate Collection Set: 3.4ms
[2023-11-28T15:59:48.156-0800][gc,phases     ] GC(48)   Other: 1.9ms
[2023-11-28T15:59:48.156-0800][gc,heap       ] GC(48) Eden regions: 60->0(45)
[2023-11-28T15:59:48.156-0800][gc,heap       ] GC(48) Survivor regions: 7->6(9)
[2023-11-28T15:59:48.156-0800][gc,heap       ] GC(48) Old regions: 137->141
[2023-11-28T15:59:48.156-0800][gc,heap       ] GC(48) Humongous regions: 138->138
[2023-11-28T15:59:48.156-0800][gc,metaspace  ] GC(48) Metaspace: 49714K->49714K(1095680K)
[2023-11-28T15:59:48.156-0800][gc            ] GC(48) Pause Young (Normal) (G1 Evacuation Pause) 340M->284M(1024M) 79.811ms
[2023-11-28T15:59:48.156-0800][gc,cpu        ] GC(48) User=0.06s Sys=0.15s Real=0.08s
[2023-11-28T16:05:22.142-0800][gc,start      ] GC(49) Pause Young (Normal) (G1 Evacuation Pause)
[2023-11-28T16:05:22.142-0800][gc,task       ] GC(49) Using 10 workers of 10 for evacuation
[2023-11-28T16:05:22.152-0800][gc,phases     ] GC(49)   Pre Evacuate Collection Set: 0.0ms
[2023-11-28T16:05:22.152-0800][gc,phases     ] GC(49)   Evacuate Collection Set: 9.4ms
[2023-11-28T16:05:22.152-0800][gc,phases     ] GC(49)   Post Evacuate Collection Set: 0.3ms
[2023-11-28T16:05:22.152-0800][gc,phases     ] GC(49)   Other: 1.1ms
[2023-11-28T16:05:22.152-0800][gc,heap       ] GC(49) Eden regions: 45->0(46)
[2023-11-28T16:05:22.152-0800][gc,heap       ] GC(49) Survivor regions: 6->5(7)
[2023-11-28T16:05:22.152-0800][gc,heap       ] GC(49) Old regions: 141->146
[2023-11-28T16:05:22.152-0800][gc,heap       ] GC(49) Humongous regions: 138->138
[2023-11-28T16:05:22.152-0800][gc,metaspace  ] GC(49) Metaspace: 49719K->49719K(1095680K)
[2023-11-28T16:05:22.152-0800][gc            ] GC(49) Pause Young (Normal) (G1 Evacuation Pause) 329M->288M(1024M) 10.904ms
[2023-11-28T16:05:22.152-0800][gc,cpu        ] GC(49) User=0.05s Sys=0.02s Real=0.01s
[2023-11-28T16:11:05.270-0800][gc,start      ] GC(50) Pause Young (Normal) (G1 Evacuation Pause)
[2023-11-28T16:11:05.271-0800][gc,task       ] GC(50) Using 10 workers of 10 for evacuation
[2023-11-28T16:11:05.295-0800][gc,mmu        ] GC(50) MMU target violated: 21.0ms (20.0ms/21.0ms)
[2023-11-28T16:11:05.295-0800][gc,phases     ] GC(50)   Pre Evacuate Collection Set: 1.4ms
[2023-11-28T16:11:05.295-0800][gc,phases     ] GC(50)   Evacuate Collection Set: 21.0ms
[2023-11-28T16:11:05.295-0800][gc,phases     ] GC(50)   Post Evacuate Collection Set: 1.2ms
[2023-11-28T16:11:05.295-0800][gc,phases     ] GC(50)   Other: 1.6ms
[2023-11-28T16:11:05.295-0800][gc,heap       ] GC(50) Eden regions: 46->0(46)
[2023-11-28T16:11:05.295-0800][gc,heap       ] GC(50) Survivor regions: 5->5(7)
[2023-11-28T16:11:05.295-0800][gc,heap       ] GC(50) Old regions: 146->149
[2023-11-28T16:11:05.295-0800][gc,heap       ] GC(50) Humongous regions: 138->138
[2023-11-28T16:11:05.295-0800][gc,metaspace  ] GC(50) Metaspace: 49731K->49731K(1095680K)
[2023-11-28T16:11:05.295-0800][gc            ] GC(50) Pause Young (Normal) (G1 Evacuation Pause) 334M->291M(1024M) 25.208ms
[2023-11-28T16:11:05.295-0800][gc,cpu        ] GC(50) User=0.04s Sys=0.08s Real=0.02s
[2023-11-28T16:16:21.874-0800][gc,start      ] GC(51) Pause Young (Normal) (G1 Evacuation Pause)
[2023-11-28T16:16:21.874-0800][gc,task       ] GC(51) Using 10 workers of 10 for evacuation
[2023-11-28T16:16:21.883-0800][gc,phases     ] GC(51)   Pre Evacuate Collection Set: 0.0ms
[2023-11-28T16:16:21.883-0800][gc,phases     ] GC(51)   Evacuate Collection Set: 8.3ms
[2023-11-28T16:16:21.883-0800][gc,phases     ] GC(51)   Post Evacuate Collection Set: 0.3ms
[2023-11-28T16:16:21.883-0800][gc,phases     ] GC(51)   Other: 0.8ms
[2023-11-28T16:16:21.883-0800][gc,heap       ] GC(51) Eden regions: 46->0(46)
[2023-11-28T16:16:21.883-0800][gc,heap       ] GC(51) Survivor regions: 5->5(7)
[2023-11-28T16:16:21.883-0800][gc,heap       ] GC(51) Old regions: 149->153
[2023-11-28T16:16:21.883-0800][gc,heap       ] GC(51) Humongous regions: 138->138
[2023-11-28T16:16:21.883-0800][gc,metaspace  ] GC(51) Metaspace: 49731K->49731K(1095680K)
[2023-11-28T16:16:21.883-0800][gc            ] GC(51) Pause Young (Normal) (G1 Evacuation Pause) 337M->294M(1024M) 9.593ms
[2023-11-28T16:16:21.883-0800][gc,cpu        ] GC(51) User=0.05s Sys=0.02s Real=0.01s
[2023-11-28T16:22:00.465-0800][gc,start      ] GC(52) Pause Young (Normal) (G1 Evacuation Pause)
[2023-11-28T16:22:00.467-0800][gc,task       ] GC(52) Using 10 workers of 10 for evacuation
[2023-11-28T16:22:00.476-0800][gc,phases     ] GC(52)   Pre Evacuate Collection Set: 0.1ms
[2023-11-28T16:22:00.476-0800][gc,phases     ] GC(52)   Evacuate Collection Set: 8.7ms
[2023-11-28T16:22:00.476-0800][gc,phases     ] GC(52)   Post Evacuate Collection Set: 0.3ms
[2023-11-28T16:22:00.476-0800][gc,phases     ] GC(52)   Other: 1.5ms
[2023-11-28T16:22:00.476-0800][gc,heap       ] GC(52) Eden regions: 46->0(49)
[2023-11-28T16:22:00.476-0800][gc,heap       ] GC(52) Survivor regions: 5->3(7)
[2023-11-28T16:22:00.476-0800][gc,heap       ] GC(52) Old regions: 153->155
[2023-11-28T16:22:00.476-0800][gc,heap       ] GC(52) Humongous regions: 138->138
[2023-11-28T16:22:00.476-0800][gc,metaspace  ] GC(52) Metaspace: 49731K->49731K(1095680K)
[2023-11-28T16:22:00.476-0800][gc            ] GC(52) Pause Young (Normal) (G1 Evacuation Pause) 340M->295M(1024M) 10.645ms
[2023-11-28T16:22:00.476-0800][gc,cpu        ] GC(52) User=0.03s Sys=0.03s Real=0.01s
[2023-11-28T16:28:03.270-0800][gc,start      ] GC(53) Pause Young (Normal) (G1 Evacuation Pause)
[2023-11-28T16:28:03.271-0800][gc,task       ] GC(53) Using 10 workers of 10 for evacuation
[2023-11-28T16:28:03.289-0800][gc,phases     ] GC(53)   Pre Evacuate Collection Set: 0.0ms
[2023-11-28T16:28:03.289-0800][gc,phases     ] GC(53)   Evacuate Collection Set: 17.1ms
[2023-11-28T16:28:03.289-0800][gc,phases     ] GC(53)   Post Evacuate Collection Set: 0.3ms
[2023-11-28T16:28:03.289-0800][gc,phases     ] GC(53)   Other: 1.7ms
[2023-11-28T16:28:03.289-0800][gc,heap       ] GC(53) Eden regions: 49->0(44)
[2023-11-28T16:28:03.289-0800][gc,heap       ] GC(53) Survivor regions: 3->7(7)
[2023-11-28T16:28:03.289-0800][gc,heap       ] GC(53) Old regions: 155->155
[2023-11-28T16:28:03.289-0800][gc,heap       ] GC(53) Humongous regions: 138->138
[2023-11-28T16:28:03.289-0800][gc,metaspace  ] GC(53) Metaspace: 49731K->49731K(1095680K)
[2023-11-28T16:28:03.289-0800][gc            ] GC(53) Pause Young (Normal) (G1 Evacuation Pause) 344M->299M(1024M) 19.290ms
[2023-11-28T16:28:03.289-0800][gc,cpu        ] GC(53) User=0.04s Sys=0.08s Real=0.01s
[2023-11-28T16:33:32.025-0800][gc,start      ] GC(54) Pause Young (Normal) (G1 Evacuation Pause)
[2023-11-28T16:33:32.028-0800][gc,task       ] GC(54) Using 10 workers of 10 for evacuation
[2023-11-28T16:33:32.035-0800][gc,phases     ] GC(54)   Pre Evacuate Collection Set: 0.1ms
[2023-11-28T16:33:32.035-0800][gc,phases     ] GC(54)   Evacuate Collection Set: 6.6ms
[2023-11-28T16:33:32.035-0800][gc,phases     ] GC(54)   Post Evacuate Collection Set: 0.3ms
[2023-11-28T16:33:32.035-0800][gc,phases     ] GC(54)   Other: 3.0ms
[2023-11-28T16:33:32.035-0800][gc,heap       ] GC(54) Eden regions: 44->0(50)
[2023-11-28T16:33:32.035-0800][gc,heap       ] GC(54) Survivor regions: 7->5(7)
[2023-11-28T16:33:32.035-0800][gc,heap       ] GC(54) Old regions: 155->160
[2023-11-28T16:33:32.035-0800][gc,heap       ] GC(54) Humongous regions: 138->138
[2023-11-28T16:33:32.035-0800][gc,metaspace  ] GC(54) Metaspace: 49742K->49742K(1095680K)
[2023-11-28T16:33:32.035-0800][gc            ] GC(54) Pause Young (Normal) (G1 Evacuation Pause) 343M->302M(1024M) 10.083ms
[2023-11-28T16:33:32.035-0800][gc,cpu        ] GC(54) User=0.06s Sys=0.01s Real=0.01s
[2023-11-28T16:39:15.124-0800][gc,start      ] GC(55) Pause Young (Normal) (G1 Evacuation Pause)
[2023-11-28T16:39:15.125-0800][gc,task       ] GC(55) Using 10 workers of 10 for evacuation
[2023-11-28T16:39:15.137-0800][gc,phases     ] GC(55)   Pre Evacuate Collection Set: 0.0ms
[2023-11-28T16:39:15.137-0800][gc,phases     ] GC(55)   Evacuate Collection Set: 10.9ms
[2023-11-28T16:39:15.137-0800][gc,phases     ] GC(55)   Post Evacuate Collection Set: 0.2ms
[2023-11-28T16:39:15.137-0800][gc,phases     ] GC(55)   Other: 1.2ms
[2023-11-28T16:39:15.137-0800][gc,heap       ] GC(55) Eden regions: 46->0(52)
[2023-11-28T16:39:15.137-0800][gc,heap       ] GC(55) Survivor regions: 5->5(7)
[2023-11-28T16:39:15.137-0800][gc,heap       ] GC(55) Old regions: 160->163
[2023-11-28T16:39:15.137-0800][gc,heap       ] GC(55) Humongous regions: 138->138
[2023-11-28T16:39:15.137-0800][gc,metaspace  ] GC(55) Metaspace: 49743K->49743K(1095680K)
[2023-11-28T16:39:15.137-0800][gc            ] GC(55) Pause Young (Normal) (G1 Evacuation Pause) 348M->305M(1024M) 12.464ms
[2023-11-28T16:39:15.137-0800][gc,cpu        ] GC(55) User=0.05s Sys=0.04s Real=0.01s
[2023-11-28T16:45:42.635-0800][gc,start      ] GC(56) Pause Young (Normal) (G1 Evacuation Pause)
[2023-11-28T16:45:42.636-0800][gc,task       ] GC(56) Using 10 workers of 10 for evacuation
[2023-11-28T16:45:42.656-0800][gc,mmu        ] GC(56) MMU target violated: 20.0ms (20.0ms/21.0ms)
[2023-11-28T16:45:42.656-0800][gc,phases     ] GC(56)   Pre Evacuate Collection Set: 0.0ms
[2023-11-28T16:45:42.656-0800][gc,phases     ] GC(56)   Evacuate Collection Set: 19.3ms
[2023-11-28T16:45:42.656-0800][gc,phases     ] GC(56)   Post Evacuate Collection Set: 0.6ms
[2023-11-28T16:45:42.656-0800][gc,phases     ] GC(56)   Other: 1.1ms
[2023-11-28T16:45:42.656-0800][gc,heap       ] GC(56) Eden regions: 52->0(49)
[2023-11-28T16:45:42.656-0800][gc,heap       ] GC(56) Survivor regions: 5->6(8)
[2023-11-28T16:45:42.656-0800][gc,heap       ] GC(56) Old regions: 163->167
[2023-11-28T16:45:42.657-0800][gc,heap       ] GC(56) Humongous regions: 138->138
[2023-11-28T16:45:42.657-0800][gc,metaspace  ] GC(56) Metaspace: 49743K->49743K(1095680K)
[2023-11-28T16:45:42.657-0800][gc            ] GC(56) Pause Young (Normal) (G1 Evacuation Pause) 357M->310M(1024M) 21.196ms
[2023-11-28T16:45:42.657-0800][gc,cpu        ] GC(56) User=0.05s Sys=0.07s Real=0.02s
[2023-11-28T16:51:32.065-0800][gc,start      ] GC(57) Pause Young (Normal) (G1 Evacuation Pause)
[2023-11-28T16:51:32.067-0800][gc,task       ] GC(57) Using 10 workers of 10 for evacuation
[2023-11-28T16:51:32.079-0800][gc,phases     ] GC(57)   Pre Evacuate Collection Set: 1.2ms
[2023-11-28T16:51:32.079-0800][gc,phases     ] GC(57)   Evacuate Collection Set: 10.2ms
[2023-11-28T16:51:32.079-0800][gc,phases     ] GC(57)   Post Evacuate Collection Set: 0.6ms
[2023-11-28T16:51:32.079-0800][gc,phases     ] GC(57)   Other: 2.2ms
[2023-11-28T16:51:32.079-0800][gc,heap       ] GC(57) Eden regions: 47->0(53)
[2023-11-28T16:51:32.079-0800][gc,heap       ] GC(57) Survivor regions: 6->5(7)
[2023-11-28T16:51:32.079-0800][gc,heap       ] GC(57) Old regions: 167->171
[2023-11-28T16:51:32.079-0800][gc,heap       ] GC(57) Humongous regions: 138->138
[2023-11-28T16:51:32.079-0800][gc,metaspace  ] GC(57) Metaspace: 49748K->49748K(1095680K)
[2023-11-28T16:51:32.080-0800][gc            ] GC(57) Pause Young (Normal) (G1 Evacuation Pause) 357M->312M(1024M) 14.384ms
[2023-11-28T16:51:32.080-0800][gc,cpu        ] GC(57) User=0.05s Sys=0.03s Real=0.02s
[2023-11-28T16:57:57.064-0800][gc,start      ] GC(58) Pause Young (Normal) (G1 Evacuation Pause)
[2023-11-28T16:57:57.065-0800][gc,task       ] GC(58) Using 10 workers of 10 for evacuation
[2023-11-28T16:57:57.080-0800][gc,phases     ] GC(58)   Pre Evacuate Collection Set: 0.1ms
[2023-11-28T16:57:57.080-0800][gc,phases     ] GC(58)   Evacuate Collection Set: 13.8ms
[2023-11-28T16:57:57.080-0800][gc,phases     ] GC(58)   Post Evacuate Collection Set: 0.3ms
[2023-11-28T16:57:57.080-0800][gc,phases     ] GC(58)   Other: 1.5ms
[2023-11-28T16:57:57.080-0800][gc,heap       ] GC(58) Eden regions: 52->0(54)
[2023-11-28T16:57:57.080-0800][gc,heap       ] GC(58) Survivor regions: 5->8(8)
[2023-11-28T16:57:57.080-0800][gc,heap       ] GC(58) Old regions: 171->171
[2023-11-28T16:57:57.080-0800][gc,heap       ] GC(58) Humongous regions: 138->138
[2023-11-28T16:57:57.080-0800][gc,metaspace  ] GC(58) Metaspace: 49752K->49752K(1095680K)
[2023-11-28T16:57:57.080-0800][gc            ] GC(58) Pause Young (Normal) (G1 Evacuation Pause) 364M->316M(1024M) 15.698ms
[2023-11-28T16:57:57.080-0800][gc,cpu        ] GC(58) User=0.04s Sys=0.04s Real=0.02s
[2023-11-28T17:04:16.824-0800][gc,start      ] GC(59) Pause Young (Normal) (G1 Evacuation Pause)
[2023-11-28T17:04:16.827-0800][gc,task       ] GC(59) Using 10 workers of 10 for evacuation
[2023-11-28T17:04:16.836-0800][gc,phases     ] GC(59)   Pre Evacuate Collection Set: 0.1ms
[2023-11-28T17:04:16.837-0800][gc,phases     ] GC(59)   Evacuate Collection Set: 9.1ms
[2023-11-28T17:04:16.837-0800][gc,phases     ] GC(59)   Post Evacuate Collection Set: 0.4ms
[2023-11-28T17:04:16.837-0800][gc,phases     ] GC(59)   Other: 2.9ms
[2023-11-28T17:04:16.837-0800][gc,heap       ] GC(59) Eden regions: 51->0(56)
[2023-11-28T17:04:16.837-0800][gc,heap       ] GC(59) Survivor regions: 8->6(8)
[2023-11-28T17:04:16.837-0800][gc,heap       ] GC(59) Old regions: 171->178
[2023-11-28T17:04:16.837-0800][gc,heap       ] GC(59) Humongous regions: 138->138
[2023-11-28T17:04:16.837-0800][gc,metaspace  ] GC(59) Metaspace: 49752K->49752K(1095680K)
[2023-11-28T17:04:16.837-0800][gc            ] GC(59) Pause Young (Normal) (G1 Evacuation Pause) 367M->321M(1024M) 12.601ms
[2023-11-28T17:04:16.837-0800][gc,cpu        ] GC(59) User=0.08s Sys=0.02s Real=0.01s
[2023-11-28T17:11:12.215-0800][gc,start      ] GC(60) Pause Young (Normal) (G1 Evacuation Pause)
[2023-11-28T17:11:12.216-0800][gc,task       ] GC(60) Using 10 workers of 10 for evacuation
[2023-11-28T17:11:12.239-0800][gc,mmu        ] GC(60) MMU target violated: 21.0ms (20.0ms/21.0ms)
[2023-11-28T17:11:12.239-0800][gc,phases     ] GC(60)   Pre Evacuate Collection Set: 0.1ms
[2023-11-28T17:11:12.239-0800][gc,phases     ] GC(60)   Evacuate Collection Set: 22.3ms
[2023-11-28T17:11:12.239-0800][gc,phases     ] GC(60)   Post Evacuate Collection Set: 0.3ms
[2023-11-28T17:11:12.239-0800][gc,phases     ] GC(60)   Other: 1.6ms
[2023-11-28T17:11:12.239-0800][gc,heap       ] GC(60) Eden regions: 56->0(52)
[2023-11-28T17:11:12.239-0800][gc,heap       ] GC(60) Survivor regions: 6->5(8)
[2023-11-28T17:11:12.239-0800][gc,heap       ] GC(60) Old regions: 178->182
[2023-11-28T17:11:12.239-0800][gc,heap       ] GC(60) Humongous regions: 138->138
[2023-11-28T17:11:12.239-0800][gc,metaspace  ] GC(60) Metaspace: 49752K->49752K(1095680K)
[2023-11-28T17:11:12.239-0800][gc            ] GC(60) Pause Young (Normal) (G1 Evacuation Pause) 377M->324M(1024M) 24.369ms
[2023-11-28T17:11:12.239-0800][gc,cpu        ] GC(60) User=0.05s Sys=0.09s Real=0.02s
[2023-11-28T17:16:57.012-0800][gc,start      ] GC(61) Pause Young (Normal) (G1 Evacuation Pause)
[2023-11-28T17:16:57.014-0800][gc,task       ] GC(61) Using 10 workers of 10 for evacuation
[2023-11-28T17:16:57.025-0800][gc,phases     ] GC(61)   Pre Evacuate Collection Set: 1.0ms
[2023-11-28T17:16:57.026-0800][gc,phases     ] GC(61)   Evacuate Collection Set: 9.7ms
[2023-11-28T17:16:57.026-0800][gc,phases     ] GC(61)   Post Evacuate Collection Set: 0.7ms
[2023-11-28T17:16:57.026-0800][gc,phases     ] GC(61)   Other: 2.1ms
[2023-11-28T17:16:57.026-0800][gc,heap       ] GC(61) Eden regions: 50->0(57)
[2023-11-28T17:16:57.026-0800][gc,heap       ] GC(61) Survivor regions: 5->4(7)
[2023-11-28T17:16:57.026-0800][gc,heap       ] GC(61) Old regions: 182->187
[2023-11-28T17:16:57.026-0800][gc,heap       ] GC(61) Humongous regions: 138->138
[2023-11-28T17:16:57.026-0800][gc,metaspace  ] GC(61) Metaspace: 49755K->49755K(1095680K)
[2023-11-28T17:16:57.026-0800][gc            ] GC(61) Pause Young (Normal) (G1 Evacuation Pause) 374M->328M(1024M) 13.629ms
[2023-11-28T17:16:57.026-0800][gc,cpu        ] GC(61) User=0.04s Sys=0.04s Real=0.01s
[2023-11-28T17:23:38.360-0800][gc,start      ] GC(62) Pause Young (Normal) (G1 Evacuation Pause)
[2023-11-28T17:23:38.361-0800][gc,task       ] GC(62) Using 10 workers of 10 for evacuation
[2023-11-28T17:23:38.381-0800][gc,phases     ] GC(62)   Pre Evacuate Collection Set: 0.1ms
[2023-11-28T17:23:38.381-0800][gc,phases     ] GC(62)   Evacuate Collection Set: 19.1ms
[2023-11-28T17:23:38.381-0800][gc,phases     ] GC(62)   Post Evacuate Collection Set: 0.4ms
[2023-11-28T17:23:38.381-0800][gc,phases     ] GC(62)   Other: 1.6ms
[2023-11-28T17:23:38.381-0800][gc,heap       ] GC(62) Eden regions: 54->0(46)
[2023-11-28T17:23:38.381-0800][gc,heap       ] GC(62) Survivor regions: 4->5(8)
[2023-11-28T17:23:38.381-0800][gc,heap       ] GC(62) Old regions: 187->187
[2023-11-28T17:23:38.381-0800][gc,heap       ] GC(62) Humongous regions: 138->138
[2023-11-28T17:23:38.381-0800][gc,metaspace  ] GC(62) Metaspace: 49761K->49761K(1095680K)
[2023-11-28T17:23:38.381-0800][gc            ] GC(62) Pause Young (Normal) (G1 Evacuation Pause) 382M->328M(1024M) 21.160ms
[2023-11-28T17:23:38.381-0800][gc,cpu        ] GC(62) User=0.03s Sys=0.07s Real=0.02s
[2023-11-28T17:29:18.880-0800][gc,start      ] GC(63) Pause Young (Normal) (G1 Evacuation Pause)
[2023-11-28T17:29:18.881-0800][gc,task       ] GC(63) Using 10 workers of 10 for evacuation
[2023-11-28T17:29:18.890-0800][gc,phases     ] GC(63)   Pre Evacuate Collection Set: 1.0ms
[2023-11-28T17:29:18.890-0800][gc,phases     ] GC(63)   Evacuate Collection Set: 6.8ms
[2023-11-28T17:29:18.890-0800][gc,phases     ] GC(63)   Post Evacuate Collection Set: 0.6ms
[2023-11-28T17:29:18.890-0800][gc,phases     ] GC(63)   Other: 1.4ms
[2023-11-28T17:29:18.890-0800][gc,heap       ] GC(63) Eden regions: 46->0(58)
[2023-11-28T17:29:18.890-0800][gc,heap       ] GC(63) Survivor regions: 5->4(7)
[2023-11-28T17:29:18.890-0800][gc,heap       ] GC(63) Old regions: 187->188
[2023-11-28T17:29:18.890-0800][gc,heap       ] GC(63) Humongous regions: 138->138
[2023-11-28T17:29:18.890-0800][gc,metaspace  ] GC(63) Metaspace: 49761K->49761K(1095680K)
[2023-11-28T17:29:18.890-0800][gc            ] GC(63) Pause Young (Normal) (G1 Evacuation Pause) 374M->328M(1024M) 9.924ms
[2023-11-28T17:29:18.890-0800][gc,cpu        ] GC(63) User=0.03s Sys=0.03s Real=0.01s
[2023-11-28T17:36:31.617-0800][gc,start      ] GC(64) Pause Young (Normal) (G1 Evacuation Pause)
[2023-11-28T17:36:31.618-0800][gc,task       ] GC(64) Using 10 workers of 10 for evacuation
[2023-11-28T17:36:31.632-0800][gc,phases     ] GC(64)   Pre Evacuate Collection Set: 1.0ms
[2023-11-28T17:36:31.632-0800][gc,phases     ] GC(64)   Evacuate Collection Set: 11.0ms
[2023-11-28T17:36:31.632-0800][gc,phases     ] GC(64)   Post Evacuate Collection Set: 1.1ms
[2023-11-28T17:36:31.632-0800][gc,phases     ] GC(64)   Other: 2.3ms
[2023-11-28T17:36:31.632-0800][gc,heap       ] GC(64) Eden regions: 58->0(59)
[2023-11-28T17:36:31.632-0800][gc,heap       ] GC(64) Survivor regions: 4->4(8)
[2023-11-28T17:36:31.632-0800][gc,heap       ] GC(64) Old regions: 188->188
[2023-11-28T17:36:31.632-0800][gc,heap       ] GC(64) Humongous regions: 138->138
[2023-11-28T17:36:31.632-0800][gc,metaspace  ] GC(64) Metaspace: 49775K->49775K(1095680K)
[2023-11-28T17:36:31.633-0800][gc            ] GC(64) Pause Young (Normal) (G1 Evacuation Pause) 386M->328M(1024M) 16.038ms
[2023-11-28T17:36:31.633-0800][gc,cpu        ] GC(64) User=0.02s Sys=0.05s Real=0.02s
[2023-11-28T17:43:52.873-0800][gc,start      ] GC(65) Pause Young (Normal) (G1 Evacuation Pause)
[2023-11-28T17:43:52.874-0800][gc,task       ] GC(65) Using 10 workers of 10 for evacuation
[2023-11-28T17:43:52.897-0800][gc,mmu        ] GC(65) MMU target violated: 21.0ms (20.0ms/21.0ms)
[2023-11-28T17:43:52.897-0800][gc,phases     ] GC(65)   Pre Evacuate Collection Set: 1.8ms
[2023-11-28T17:43:52.897-0800][gc,phases     ] GC(65)   Evacuate Collection Set: 17.7ms
[2023-11-28T17:43:52.897-0800][gc,phases     ] GC(65)   Post Evacuate Collection Set: 1.1ms
[2023-11-28T17:43:52.897-0800][gc,phases     ] GC(65)   Other: 3.8ms
[2023-11-28T17:43:52.897-0800][gc,heap       ] GC(65) Eden regions: 59->0(49)
[2023-11-28T17:43:52.897-0800][gc,heap       ] GC(65) Survivor regions: 4->5(8)
[2023-11-28T17:43:52.897-0800][gc,heap       ] GC(65) Old regions: 188->188
[2023-11-28T17:43:52.897-0800][gc,heap       ] GC(65) Humongous regions: 138->138
[2023-11-28T17:43:52.897-0800][gc,metaspace  ] GC(65) Metaspace: 49782K->49782K(1095680K)
[2023-11-28T17:43:52.897-0800][gc            ] GC(65) Pause Young (Normal) (G1 Evacuation Pause) 387M->330M(1024M) 24.425ms
[2023-11-28T17:43:52.897-0800][gc,cpu        ] GC(65) User=0.03s Sys=0.07s Real=0.02s
[2023-11-28T17:49:59.035-0800][gc,start      ] GC(66) Pause Young (Normal) (G1 Evacuation Pause)
[2023-11-28T17:49:59.036-0800][gc,task       ] GC(66) Using 10 workers of 10 for evacuation
[2023-11-28T17:49:59.059-0800][gc,mmu        ] GC(66) MMU target violated: 21.0ms (20.0ms/21.0ms)
[2023-11-28T17:49:59.059-0800][gc,phases     ] GC(66)   Pre Evacuate Collection Set: 0.8ms
[2023-11-28T17:49:59.059-0800][gc,phases     ] GC(66)   Evacuate Collection Set: 19.8ms
[2023-11-28T17:49:59.059-0800][gc,phases     ] GC(66)   Post Evacuate Collection Set: 1.3ms
[2023-11-28T17:49:59.059-0800][gc,phases     ] GC(66)   Other: 1.9ms
[2023-11-28T17:49:59.059-0800][gc,heap       ] GC(66) Eden regions: 49->0(48)
[2023-11-28T17:49:59.059-0800][gc,heap       ] GC(66) Survivor regions: 5->5(7)
[2023-11-28T17:49:59.059-0800][gc,heap       ] GC(66) Old regions: 188->190
[2023-11-28T17:49:59.059-0800][gc,heap       ] GC(66) Humongous regions: 138->138
[2023-11-28T17:49:59.059-0800][gc,metaspace  ] GC(66) Metaspace: 49787K->49787K(1095680K)
[2023-11-28T17:49:59.059-0800][gc            ] GC(66) Pause Young (Normal) (G1 Evacuation Pause) 379M->331M(1024M) 23.866ms
[2023-11-28T17:49:59.059-0800][gc,cpu        ] GC(66) User=0.04s Sys=0.08s Real=0.02s
[2023-11-28T17:55:53.968-0800][gc,start      ] GC(67) Pause Young (Normal) (G1 Evacuation Pause)
[2023-11-28T17:55:53.969-0800][gc,task       ] GC(67) Using 10 workers of 10 for evacuation
[2023-11-28T17:55:53.993-0800][gc,mmu        ] GC(67) MMU target violated: 21.0ms (20.0ms/21.0ms)
[2023-11-28T17:55:53.993-0800][gc,phases     ] GC(67)   Pre Evacuate Collection Set: 1.0ms
[2023-11-28T17:55:53.993-0800][gc,phases     ] GC(67)   Evacuate Collection Set: 20.9ms
[2023-11-28T17:55:53.993-0800][gc,phases     ] GC(67)   Post Evacuate Collection Set: 1.2ms
[2023-11-28T17:55:53.993-0800][gc,phases     ] GC(67)   Other: 1.6ms
[2023-11-28T17:55:53.993-0800][gc,heap       ] GC(67) Eden regions: 48->0(48)
[2023-11-28T17:55:53.993-0800][gc,heap       ] GC(67) Survivor regions: 5->3(7)
[2023-11-28T17:55:53.993-0800][gc,heap       ] GC(67) Old regions: 190->191
[2023-11-28T17:55:53.993-0800][gc,heap       ] GC(67) Humongous regions: 138->138
[2023-11-28T17:55:53.993-0800][gc,metaspace  ] GC(67) Metaspace: 49789K->49789K(1095680K)
[2023-11-28T17:55:53.993-0800][gc            ] GC(67) Pause Young (Normal) (G1 Evacuation Pause) 379M->330M(1024M) 25.323ms
[2023-11-28T17:55:53.993-0800][gc,cpu        ] GC(67) User=0.03s Sys=0.09s Real=0.03s
[2023-11-28T18:01:50.041-0800][gc,start      ] GC(68) Pause Young (Normal) (G1 Evacuation Pause)
[2023-11-28T18:01:50.042-0800][gc,task       ] GC(68) Using 10 workers of 10 for evacuation
[2023-11-28T18:01:50.062-0800][gc,phases     ] GC(68)   Pre Evacuate Collection Set: 1.2ms
[2023-11-28T18:01:50.062-0800][gc,phases     ] GC(68)   Evacuate Collection Set: 16.8ms
[2023-11-28T18:01:50.062-0800][gc,phases     ] GC(68)   Post Evacuate Collection Set: 0.6ms
[2023-11-28T18:01:50.062-0800][gc,phases     ] GC(68)   Other: 2.8ms
[2023-11-28T18:01:50.062-0800][gc,heap       ] GC(68) Eden regions: 48->0(47)
[2023-11-28T18:01:50.062-0800][gc,heap       ] GC(68) Survivor regions: 3->4(7)
[2023-11-28T18:01:50.062-0800][gc,heap       ] GC(68) Old regions: 191->191
[2023-11-28T18:01:50.062-0800][gc,heap       ] GC(68) Humongous regions: 138->138
[2023-11-28T18:01:50.062-0800][gc,metaspace  ] GC(68) Metaspace: 49789K->49789K(1095680K)
[2023-11-28T18:01:50.062-0800][gc            ] GC(68) Pause Young (Normal) (G1 Evacuation Pause) 378M->331M(1024M) 21.525ms
[2023-11-28T18:01:50.062-0800][gc,cpu        ] GC(68) User=0.03s Sys=0.06s Real=0.02s
[2023-11-28T18:07:41.249-0800][gc,start      ] GC(69) Pause Young (Normal) (G1 Evacuation Pause)
[2023-11-28T18:07:41.250-0800][gc,task       ] GC(69) Using 10 workers of 10 for evacuation
[2023-11-28T18:07:41.271-0800][gc,mmu        ] GC(69) MMU target violated: 21.0ms (20.0ms/21.0ms)
[2023-11-28T18:07:41.271-0800][gc,phases     ] GC(69)   Pre Evacuate Collection Set: 1.3ms
[2023-11-28T18:07:41.271-0800][gc,phases     ] GC(69)   Evacuate Collection Set: 17.1ms
[2023-11-28T18:07:41.271-0800][gc,phases     ] GC(69)   Post Evacuate Collection Set: 1.2ms
[2023-11-28T18:07:41.271-0800][gc,phases     ] GC(69)   Other: 2.4ms
[2023-11-28T18:07:41.271-0800][gc,heap       ] GC(69) Eden regions: 47->0(46)
[2023-11-28T18:07:41.271-0800][gc,heap       ] GC(69) Survivor regions: 4->5(7)
[2023-11-28T18:07:41.271-0800][gc,heap       ] GC(69) Old regions: 191->191
[2023-11-28T18:07:41.271-0800][gc,heap       ] GC(69) Humongous regions: 138->138
[2023-11-28T18:07:41.271-0800][gc,metaspace  ] GC(69) Metaspace: 49789K->49789K(1095680K)
[2023-11-28T18:07:41.271-0800][gc            ] GC(69) Pause Young (Normal) (G1 Evacuation Pause) 378M->332M(1024M) 22.106ms
[2023-11-28T18:07:41.271-0800][gc,cpu        ] GC(69) User=0.03s Sys=0.07s Real=0.03s
[2023-11-28T18:12:55.935-0800][gc,start      ] GC(70) Pause Young (Normal) (G1 Evacuation Pause)
[2023-11-28T18:12:55.938-0800][gc,task       ] GC(70) Using 10 workers of 10 for evacuation
[2023-11-28T18:12:55.986-0800][gc,mmu        ] GC(70) MMU target violated: 21.0ms (20.0ms/21.0ms)
[2023-11-28T18:12:55.986-0800][gc,phases     ] GC(70)   Pre Evacuate Collection Set: 4.6ms
[2023-11-28T18:12:55.986-0800][gc,phases     ] GC(70)   Evacuate Collection Set: 35.0ms
[2023-11-28T18:12:55.986-0800][gc,phases     ] GC(70)   Post Evacuate Collection Set: 1.1ms
[2023-11-28T18:12:55.986-0800][gc,phases     ] GC(70)   Other: 10.7ms
[2023-11-28T18:12:55.986-0800][gc,heap       ] GC(70) Eden regions: 46->0(45)
[2023-11-28T18:12:55.986-0800][gc,heap       ] GC(70) Survivor regions: 5->6(7)
[2023-11-28T18:12:55.986-0800][gc,heap       ] GC(70) Old regions: 191->191
[2023-11-28T18:12:55.986-0800][gc,heap       ] GC(70) Humongous regions: 138->138
[2023-11-28T18:12:55.986-0800][gc,metaspace  ] GC(70) Metaspace: 49789K->49789K(1095680K)
[2023-11-28T18:12:55.986-0800][gc            ] GC(70) Pause Young (Normal) (G1 Evacuation Pause) 378M->333M(1024M) 51.283ms
[2023-11-28T18:12:55.986-0800][gc,cpu        ] GC(70) User=0.04s Sys=0.16s Real=0.05s
[2023-11-28T18:18:31.280-0800][gc,start      ] GC(71) Pause Young (Normal) (G1 Evacuation Pause)
[2023-11-28T18:18:31.281-0800][gc,task       ] GC(71) Using 10 workers of 10 for evacuation
[2023-11-28T18:18:31.323-0800][gc,mmu        ] GC(71) MMU target violated: 21.0ms (20.0ms/21.0ms)
[2023-11-28T18:18:31.323-0800][gc,phases     ] GC(71)   Pre Evacuate Collection Set: 1.6ms
[2023-11-28T18:18:31.323-0800][gc,phases     ] GC(71)   Evacuate Collection Set: 35.8ms
[2023-11-28T18:18:31.323-0800][gc,phases     ] GC(71)   Post Evacuate Collection Set: 1.6ms
[2023-11-28T18:18:31.323-0800][gc,phases     ] GC(71)   Other: 3.5ms
[2023-11-28T18:18:31.323-0800][gc,heap       ] GC(71) Eden regions: 45->0(47)
[2023-11-28T18:18:31.323-0800][gc,heap       ] GC(71) Survivor regions: 6->4(7)
[2023-11-28T18:18:31.323-0800][gc,heap       ] GC(71) Old regions: 191->193
[2023-11-28T18:18:31.323-0800][gc,heap       ] GC(71) Humongous regions: 138->138
[2023-11-28T18:18:31.323-0800][gc,metaspace  ] GC(71) Metaspace: 49789K->49789K(1095680K)
[2023-11-28T18:18:31.323-0800][gc            ] GC(71) Pause Young (Normal) (G1 Evacuation Pause) 378M->334M(1024M) 42.518ms
[2023-11-28T18:18:31.323-0800][gc,cpu        ] GC(71) User=0.04s Sys=0.12s Real=0.04s
[2023-11-28T18:24:19.176-0800][gc,start      ] GC(72) Pause Young (Normal) (G1 Evacuation Pause)
[2023-11-28T18:24:19.178-0800][gc,task       ] GC(72) Using 10 workers of 10 for evacuation
[2023-11-28T18:24:19.237-0800][gc,mmu        ] GC(72) MMU target violated: 21.0ms (20.0ms/21.0ms)
[2023-11-28T18:24:19.237-0800][gc,phases     ] GC(72)   Pre Evacuate Collection Set: 1.7ms
[2023-11-28T18:24:19.237-0800][gc,phases     ] GC(72)   Evacuate Collection Set: 53.0ms
[2023-11-28T18:24:19.237-0800][gc,phases     ] GC(72)   Post Evacuate Collection Set: 2.2ms
[2023-11-28T18:24:19.237-0800][gc,phases     ] GC(72)   Other: 4.4ms
[2023-11-28T18:24:19.237-0800][gc,heap       ] GC(72) Eden regions: 47->0(47)
[2023-11-28T18:24:19.237-0800][gc,heap       ] GC(72) Survivor regions: 4->4(7)
[2023-11-28T18:24:19.237-0800][gc,heap       ] GC(72) Old regions: 193->193
[2023-11-28T18:24:19.237-0800][gc,heap       ] GC(72) Humongous regions: 138->138
[2023-11-28T18:24:19.237-0800][gc,metaspace  ] GC(72) Metaspace: 49789K->49789K(1095680K)
[2023-11-28T18:24:19.238-0800][gc            ] GC(72) Pause Young (Normal) (G1 Evacuation Pause) 381M->334M(1024M) 60.968ms
[2023-11-28T18:24:19.238-0800][gc,cpu        ] GC(72) User=0.03s Sys=0.10s Real=0.06s
[2023-11-28T18:30:10.497-0800][gc,start      ] GC(73) Pause Young (Normal) (G1 Evacuation Pause)
[2023-11-28T18:30:10.498-0800][gc,task       ] GC(73) Using 10 workers of 10 for evacuation
[2023-11-28T18:30:10.516-0800][gc,phases     ] GC(73)   Pre Evacuate Collection Set: 1.0ms
[2023-11-28T18:30:10.516-0800][gc,phases     ] GC(73)   Evacuate Collection Set: 14.5ms
[2023-11-28T18:30:10.516-0800][gc,phases     ] GC(73)   Post Evacuate Collection Set: 0.7ms
[2023-11-28T18:30:10.516-0800][gc,phases     ] GC(73)   Other: 2.1ms
[2023-11-28T18:30:10.516-0800][gc,heap       ] GC(73) Eden regions: 47->0(47)
[2023-11-28T18:30:10.516-0800][gc,heap       ] GC(73) Survivor regions: 4->4(7)
[2023-11-28T18:30:10.516-0800][gc,heap       ] GC(73) Old regions: 193->194
[2023-11-28T18:30:10.516-0800][gc,heap       ] GC(73) Humongous regions: 138->138
[2023-11-28T18:30:10.516-0800][gc,metaspace  ] GC(73) Metaspace: 49790K->49790K(1095680K)
[2023-11-28T18:30:10.516-0800][gc            ] GC(73) Pause Young (Normal) (G1 Evacuation Pause) 381M->334M(1024M) 18.425ms
[2023-11-28T18:30:10.516-0800][gc,cpu        ] GC(73) User=0.03s Sys=0.07s Real=0.02s
[2023-11-28T18:49:23.914-0800][gc,start      ] GC(74) Pause Young (Normal) (G1 Evacuation Pause)
[2023-11-28T18:49:23.918-0800][gc,task       ] GC(74) Using 10 workers of 10 for evacuation
[2023-11-28T18:49:23.946-0800][gc,mmu        ] GC(74) MMU target violated: 21.0ms (20.0ms/21.0ms)
[2023-11-28T18:49:23.948-0800][gc,phases     ] GC(74)   Pre Evacuate Collection Set: 0.2ms
[2023-11-28T18:49:23.948-0800][gc,phases     ] GC(74)   Evacuate Collection Set: 26.4ms
[2023-11-28T18:49:23.948-0800][gc,phases     ] GC(74)   Post Evacuate Collection Set: 0.9ms
[2023-11-28T18:49:23.948-0800][gc,phases     ] GC(74)   Other: 5.2ms
[2023-11-28T18:49:23.948-0800][gc,heap       ] GC(74) Eden regions: 47->0(47)
[2023-11-28T18:49:23.949-0800][gc,heap       ] GC(74) Survivor regions: 4->4(7)
[2023-11-28T18:49:23.949-0800][gc,heap       ] GC(74) Old regions: 194->194
[2023-11-28T18:49:23.949-0800][gc,heap       ] GC(74) Humongous regions: 138->138
[2023-11-28T18:49:23.949-0800][gc,metaspace  ] GC(74) Metaspace: 49847K->49847K(1095680K)
[2023-11-28T18:49:23.950-0800][gc            ] GC(74) Pause Young (Normal) (G1 Evacuation Pause) 381M->335M(1024M) 35.615ms
[2023-11-28T18:49:23.950-0800][gc,cpu        ] GC(74) User=0.14s Sys=0.07s Real=0.04s
[2023-11-28T19:06:44.829-0800][gc,start      ] GC(75) Pause Young (Normal) (G1 Evacuation Pause)
[2023-11-28T19:06:44.830-0800][gc,task       ] GC(75) Using 10 workers of 10 for evacuation
[2023-11-28T19:06:44.846-0800][gc,phases     ] GC(75)   Pre Evacuate Collection Set: 0.0ms
[2023-11-28T19:06:44.846-0800][gc,phases     ] GC(75)   Evacuate Collection Set: 14.8ms
[2023-11-28T19:06:44.846-0800][gc,phases     ] GC(75)   Post Evacuate Collection Set: 0.8ms
[2023-11-28T19:06:44.846-0800][gc,phases     ] GC(75)   Other: 1.1ms
[2023-11-28T19:06:44.846-0800][gc,heap       ] GC(75) Eden regions: 47->0(46)
[2023-11-28T19:06:44.846-0800][gc,heap       ] GC(75) Survivor regions: 4->5(7)
[2023-11-28T19:06:44.846-0800][gc,heap       ] GC(75) Old regions: 194->194
[2023-11-28T19:06:44.846-0800][gc,heap       ] GC(75) Humongous regions: 138->138
[2023-11-28T19:06:44.846-0800][gc,metaspace  ] GC(75) Metaspace: 49851K->49851K(1095680K)
[2023-11-28T19:06:44.846-0800][gc            ] GC(75) Pause Young (Normal) (G1 Evacuation Pause) 382M->335M(1024M) 16.868ms
[2023-11-28T19:06:44.846-0800][gc,cpu        ] GC(75) User=0.03s Sys=0.04s Real=0.02s
[2023-11-28T19:12:28.016-0800][gc,start      ] GC(76) Pause Young (Normal) (G1 Evacuation Pause)
[2023-11-28T19:12:28.021-0800][gc,task       ] GC(76) Using 10 workers of 10 for evacuation
[2023-11-28T19:12:28.050-0800][gc,mmu        ] GC(76) MMU target violated: 21.0ms (20.0ms/21.0ms)
[2023-11-28T19:12:28.060-0800][gc,phases     ] GC(76)   Pre Evacuate Collection Set: 1.9ms
[2023-11-28T19:12:28.060-0800][gc,phases     ] GC(76)   Evacuate Collection Set: 21.6ms
[2023-11-28T19:12:28.060-0800][gc,phases     ] GC(76)   Post Evacuate Collection Set: 1.6ms
[2023-11-28T19:12:28.060-0800][gc,phases     ] GC(76)   Other: 18.9ms
[2023-11-28T19:12:28.060-0800][gc,heap       ] GC(76) Eden regions: 46->0(47)
[2023-11-28T19:12:28.060-0800][gc,heap       ] GC(76) Survivor regions: 5->4(7)
[2023-11-28T19:12:28.060-0800][gc,heap       ] GC(76) Old regions: 194->195
[2023-11-28T19:12:28.060-0800][gc,heap       ] GC(76) Humongous regions: 138->138
[2023-11-28T19:12:28.060-0800][gc,metaspace  ] GC(76) Metaspace: 49854K->49854K(1095680K)
[2023-11-28T19:12:28.060-0800][gc            ] GC(76) Pause Young (Normal) (G1 Evacuation Pause) 381M->335M(1024M) 43.722ms
[2023-11-28T19:12:28.060-0800][gc,cpu        ] GC(76) User=0.04s Sys=0.07s Real=0.05s
[2023-11-28T19:18:18.653-0800][gc,start      ] GC(77) Pause Young (Normal) (G1 Evacuation Pause)
[2023-11-28T19:18:18.654-0800][gc,task       ] GC(77) Using 10 workers of 10 for evacuation
[2023-11-28T19:18:18.677-0800][gc,mmu        ] GC(77) MMU target violated: 21.0ms (20.0ms/21.0ms)
[2023-11-28T19:18:18.690-0800][gc,phases     ] GC(77)   Pre Evacuate Collection Set: 0.8ms
[2023-11-28T19:18:18.690-0800][gc,phases     ] GC(77)   Evacuate Collection Set: 18.5ms
[2023-11-28T19:18:18.690-0800][gc,phases     ] GC(77)   Post Evacuate Collection Set: 1.2ms
[2023-11-28T19:18:18.690-0800][gc,phases     ] GC(77)   Other: 16.2ms
[2023-11-28T19:18:18.690-0800][gc,heap       ] GC(77) Eden regions: 47->0(46)
[2023-11-28T19:18:18.690-0800][gc,heap       ] GC(77) Survivor regions: 4->5(7)
[2023-11-28T19:18:18.691-0800][gc,heap       ] GC(77) Old regions: 195->195
[2023-11-28T19:18:18.691-0800][gc,heap       ] GC(77) Humongous regions: 138->138
[2023-11-28T19:18:18.691-0800][gc,metaspace  ] GC(77) Metaspace: 49854K->49854K(1095680K)
[2023-11-28T19:18:18.691-0800][gc            ] GC(77) Pause Young (Normal) (G1 Evacuation Pause) 382M->336M(1024M) 37.826ms
[2023-11-28T19:18:18.691-0800][gc,cpu        ] GC(77) User=0.03s Sys=0.07s Real=0.04s
[2023-11-28T19:24:01.275-0800][gc,start      ] GC(78) Pause Young (Normal) (G1 Evacuation Pause)
[2023-11-28T19:24:01.277-0800][gc,task       ] GC(78) Using 10 workers of 10 for evacuation
[2023-11-28T19:24:01.294-0800][gc,phases     ] GC(78)   Pre Evacuate Collection Set: 1.1ms
[2023-11-28T19:24:01.294-0800][gc,phases     ] GC(78)   Evacuate Collection Set: 14.7ms
[2023-11-28T19:24:01.294-0800][gc,phases     ] GC(78)   Post Evacuate Collection Set: 1.2ms
[2023-11-28T19:24:01.295-0800][gc,phases     ] GC(78)   Other: 2.3ms
[2023-11-28T19:24:01.295-0800][gc,heap       ] GC(78) Eden regions: 46->0(46)
[2023-11-28T19:24:01.295-0800][gc,heap       ] GC(78) Survivor regions: 5->5(7)
[2023-11-28T19:24:01.295-0800][gc,heap       ] GC(78) Old regions: 195->195
[2023-11-28T19:24:01.295-0800][gc,heap       ] GC(78) Humongous regions: 138->138
[2023-11-28T19:24:01.295-0800][gc,metaspace  ] GC(78) Metaspace: 49854K->49854K(1095680K)
[2023-11-28T19:24:01.295-0800][gc            ] GC(78) Pause Young (Normal) (G1 Evacuation Pause) 382M->337M(1024M) 19.477ms
[2023-11-28T19:24:01.295-0800][gc,cpu        ] GC(78) User=0.04s Sys=0.06s Real=0.02s
[2023-11-28T19:29:43.210-0800][gc,start      ] GC(79) Pause Young (Normal) (G1 Evacuation Pause)
[2023-11-28T19:29:43.211-0800][gc,task       ] GC(79) Using 10 workers of 10 for evacuation
[2023-11-28T19:29:43.231-0800][gc,phases     ] GC(79)   Pre Evacuate Collection Set: 1.4ms
[2023-11-28T19:29:43.231-0800][gc,phases     ] GC(79)   Evacuate Collection Set: 16.5ms
[2023-11-28T19:29:43.231-0800][gc,phases     ] GC(79)   Post Evacuate Collection Set: 0.7ms
[2023-11-28T19:29:43.231-0800][gc,phases     ] GC(79)   Other: 2.0ms
[2023-11-28T19:29:43.231-0800][gc,heap       ] GC(79) Eden regions: 46->0(46)
[2023-11-28T19:29:43.231-0800][gc,heap       ] GC(79) Survivor regions: 5->5(7)
[2023-11-28T19:29:43.231-0800][gc,heap       ] GC(79) Old regions: 195->196
[2023-11-28T19:29:43.231-0800][gc,heap       ] GC(79) Humongous regions: 138->138
[2023-11-28T19:29:43.231-0800][gc,metaspace  ] GC(79) Metaspace: 49854K->49854K(1095680K)
[2023-11-28T19:29:43.231-0800][gc            ] GC(79) Pause Young (Normal) (G1 Evacuation Pause) 383M->337M(1024M) 21.264ms
[2023-11-28T19:29:43.231-0800][gc,cpu        ] GC(79) User=0.04s Sys=0.06s Real=0.02s
[2023-11-28T19:35:24.863-0800][gc,start      ] GC(80) Pause Young (Normal) (G1 Evacuation Pause)
[2023-11-28T19:35:24.865-0800][gc,task       ] GC(80) Using 10 workers of 10 for evacuation
[2023-11-28T19:35:24.876-0800][gc,phases     ] GC(80)   Pre Evacuate Collection Set: 0.1ms
[2023-11-28T19:35:24.877-0800][gc,phases     ] GC(80)   Evacuate Collection Set: 9.7ms
[2023-11-28T19:35:24.877-0800][gc,phases     ] GC(80)   Post Evacuate Collection Set: 1.0ms
[2023-11-28T19:35:24.877-0800][gc,phases     ] GC(80)   Other: 2.3ms
[2023-11-28T19:35:24.877-0800][gc,heap       ] GC(80) Eden regions: 46->0(51)
[2023-11-28T19:35:24.877-0800][gc,heap       ] GC(80) Survivor regions: 5->5(7)
[2023-11-28T19:35:24.877-0800][gc,heap       ] GC(80) Old regions: 196->196
[2023-11-28T19:35:24.877-0800][gc,heap       ] GC(80) Humongous regions: 138->138
[2023-11-28T19:35:24.877-0800][gc,metaspace  ] GC(80) Metaspace: 49854K->49854K(1095680K)
[2023-11-28T19:35:24.877-0800][gc            ] GC(80) Pause Young (Normal) (G1 Evacuation Pause) 383M->338M(1024M) 13.289ms
[2023-11-28T19:35:24.877-0800][gc,cpu        ] GC(80) User=0.03s Sys=0.03s Real=0.01s
[2023-11-28T19:41:18.651-0800][gc,start      ] GC(81) Pause Young (Normal) (G1 Evacuation Pause)
[2023-11-28T19:41:18.652-0800][gc,task       ] GC(81) Using 10 workers of 10 for evacuation
[2023-11-28T19:41:18.721-0800][gc,mmu        ] GC(81) MMU target violated: 21.0ms (20.0ms/21.0ms)
[2023-11-28T19:41:18.721-0800][gc,phases     ] GC(81)   Pre Evacuate Collection Set: 4.3ms
[2023-11-28T19:41:18.743-0800][gc,phases     ] GC(81)   Evacuate Collection Set: 61.1ms
[2023-11-28T19:41:18.743-0800][gc,phases     ] GC(81)   Post Evacuate Collection Set: 1.4ms
[2023-11-28T19:41:18.743-0800][gc,phases     ] GC(81)   Other: 4.0ms
[2023-11-28T19:41:18.743-0800][gc,heap       ] GC(81) Eden regions: 51->0(45)
[2023-11-28T19:41:18.743-0800][gc,heap       ] GC(81) Survivor regions: 5->6(7)
[2023-11-28T19:41:18.743-0800][gc,heap       ] GC(81) Old regions: 196->197
[2023-11-28T19:41:18.743-0800][gc,heap       ] GC(81) Humongous regions: 138->138
[2023-11-28T19:41:18.743-0800][gc,metaspace  ] GC(81) Metaspace: 49854K->49854K(1095680K)
[2023-11-28T19:41:18.743-0800][gc            ] GC(81) Pause Young (Normal) (G1 Evacuation Pause) 389M->339M(1024M) 92.178ms
[2023-11-28T19:41:18.743-0800][gc,cpu        ] GC(81) User=0.07s Sys=0.24s Real=0.09s
[2023-11-28T19:47:38.359-0800][gc,start      ] GC(82) Pause Young (Normal) (G1 Evacuation Pause)
[2023-11-28T19:47:38.362-0800][gc,task       ] GC(82) Using 10 workers of 10 for evacuation
[2023-11-28T19:47:38.420-0800][gc,mmu        ] GC(82) MMU target violated: 21.0ms (20.0ms/21.0ms)
[2023-11-28T19:47:38.421-0800][gc,phases     ] GC(82)   Pre Evacuate Collection Set: 5.2ms
[2023-11-28T19:47:38.421-0800][gc,phases     ] GC(82)   Evacuate Collection Set: 36.9ms
[2023-11-28T19:47:38.421-0800][gc,phases     ] GC(82)   Post Evacuate Collection Set: 6.3ms
[2023-11-28T19:47:38.421-0800][gc,phases     ] GC(82)   Other: 16.1ms
[2023-11-28T19:47:38.422-0800][gc,heap       ] GC(82) Eden regions: 45->0(47)
[2023-11-28T19:47:38.422-0800][gc,heap       ] GC(82) Survivor regions: 6->4(7)
[2023-11-28T19:47:38.422-0800][gc,heap       ] GC(82) Old regions: 197->199
[2023-11-28T19:47:38.422-0800][gc,heap       ] GC(82) Humongous regions: 138->138
[2023-11-28T19:47:38.422-0800][gc,metaspace  ] GC(82) Metaspace: 49858K->49858K(1095680K)
[2023-11-28T19:47:38.422-0800][gc            ] GC(82) Pause Young (Normal) (G1 Evacuation Pause) 384M->340M(1024M) 63.867ms
[2023-11-28T19:47:38.422-0800][gc,cpu        ] GC(82) User=0.04s Sys=0.14s Real=0.07s
[2023-11-28T19:55:43.519-0800][gc,start      ] GC(83) Pause Young (Normal) (G1 Evacuation Pause)
[2023-11-28T19:55:43.520-0800][gc,task       ] GC(83) Using 10 workers of 10 for evacuation
[2023-11-28T19:55:43.551-0800][gc,mmu        ] GC(83) MMU target violated: 21.0ms (20.0ms/21.0ms)
[2023-11-28T19:55:43.551-0800][gc,phases     ] GC(83)   Pre Evacuate Collection Set: 1.5ms
[2023-11-28T19:55:43.551-0800][gc,phases     ] GC(83)   Evacuate Collection Set: 28.1ms
[2023-11-28T19:55:43.551-0800][gc,phases     ] GC(83)   Post Evacuate Collection Set: 1.1ms
[2023-11-28T19:55:43.551-0800][gc,phases     ] GC(83)   Other: 1.6ms
[2023-11-28T19:55:43.551-0800][gc,heap       ] GC(83) Eden regions: 47->0(44)
[2023-11-28T19:55:43.551-0800][gc,heap       ] GC(83) Survivor regions: 4->7(7)
[2023-11-28T19:55:43.551-0800][gc,heap       ] GC(83) Old regions: 199->199
[2023-11-28T19:55:43.551-0800][gc,heap       ] GC(83) Humongous regions: 138->138
[2023-11-28T19:55:43.551-0800][gc,metaspace  ] GC(83) Metaspace: 49865K->49865K(1095680K)
[2023-11-28T19:55:43.551-0800][gc            ] GC(83) Pause Young (Normal) (G1 Evacuation Pause) 387M->343M(1024M) 32.331ms
[2023-11-28T19:55:43.551-0800][gc,cpu        ] GC(83) User=0.04s Sys=0.11s Real=0.04s
[2023-11-28T20:01:09.969-0800][gc,start      ] GC(84) Pause Young (Normal) (G1 Evacuation Pause)
[2023-11-28T20:01:09.970-0800][gc,task       ] GC(84) Using 10 workers of 10 for evacuation
[2023-11-28T20:01:10.012-0800][gc,mmu        ] GC(84) MMU target violated: 21.0ms (20.0ms/21.0ms)
[2023-11-28T20:01:10.012-0800][gc,phases     ] GC(84)   Pre Evacuate Collection Set: 1.7ms
[2023-11-28T20:01:10.012-0800][gc,phases     ] GC(84)   Evacuate Collection Set: 36.1ms
[2023-11-28T20:01:10.012-0800][gc,phases     ] GC(84)   Post Evacuate Collection Set: 2.1ms
[2023-11-28T20:01:10.012-0800][gc,phases     ] GC(84)   Other: 3.3ms
[2023-11-28T20:01:10.012-0800][gc,heap       ] GC(84) Eden regions: 44->0(45)
[2023-11-28T20:01:10.012-0800][gc,heap       ] GC(84) Survivor regions: 7->6(7)
[2023-11-28T20:01:10.012-0800][gc,heap       ] GC(84) Old regions: 199->204
[2023-11-28T20:01:10.012-0800][gc,heap       ] GC(84) Humongous regions: 138->138
[2023-11-28T20:01:10.012-0800][gc,metaspace  ] GC(84) Metaspace: 49865K->49865K(1095680K)
[2023-11-28T20:01:10.012-0800][gc            ] GC(84) Pause Young (Normal) (G1 Evacuation Pause) 387M->346M(1024M) 43.209ms
[2023-11-28T20:01:10.012-0800][gc,cpu        ] GC(84) User=0.07s Sys=0.15s Real=0.05s
[2023-11-28T20:06:45.821-0800][gc,start      ] GC(85) Pause Young (Normal) (G1 Evacuation Pause)
[2023-11-28T20:06:45.822-0800][gc,task       ] GC(85) Using 10 workers of 10 for evacuation
[2023-11-28T20:06:45.854-0800][gc,mmu        ] GC(85) MMU target violated: 21.0ms (20.0ms/21.0ms)
[2023-11-28T20:06:45.854-0800][gc,phases     ] GC(85)   Pre Evacuate Collection Set: 1.7ms
[2023-11-28T20:06:45.855-0800][gc,phases     ] GC(85)   Evacuate Collection Set: 27.7ms
[2023-11-28T20:06:45.855-0800][gc,phases     ] GC(85)   Post Evacuate Collection Set: 2.3ms
[2023-11-28T20:06:45.855-0800][gc,phases     ] GC(85)   Other: 1.8ms
[2023-11-28T20:06:45.855-0800][gc,heap       ] GC(85) Eden regions: 45->0(45)
[2023-11-28T20:06:45.855-0800][gc,heap       ] GC(85) Survivor regions: 6->6(7)
[2023-11-28T20:06:45.855-0800][gc,heap       ] GC(85) Old regions: 204->207
[2023-11-28T20:06:45.855-0800][gc,heap       ] GC(85) Humongous regions: 138->138
[2023-11-28T20:06:45.855-0800][gc,metaspace  ] GC(85) Metaspace: 49865K->49865K(1095680K)
[2023-11-28T20:06:45.855-0800][gc            ] GC(85) Pause Young (Normal) (G1 Evacuation Pause) 391M->349M(1024M) 33.700ms
[2023-11-28T20:06:45.855-0800][gc,cpu        ] GC(85) User=0.07s Sys=0.11s Real=0.03s
[2023-11-28T20:12:20.818-0800][gc,start      ] GC(86) Pause Young (Normal) (G1 Evacuation Pause)
[2023-11-28T20:12:20.819-0800][gc,task       ] GC(86) Using 10 workers of 10 for evacuation
[2023-11-28T20:12:20.861-0800][gc,mmu        ] GC(86) MMU target violated: 21.0ms (20.0ms/21.0ms)
[2023-11-28T20:12:20.861-0800][gc,phases     ] GC(86)   Pre Evacuate Collection Set: 1.3ms
[2023-11-28T20:12:20.861-0800][gc,phases     ] GC(86)   Evacuate Collection Set: 36.8ms
[2023-11-28T20:12:20.861-0800][gc,phases     ] GC(86)   Post Evacuate Collection Set: 1.2ms
[2023-11-28T20:12:20.861-0800][gc,phases     ] GC(86)   Other: 4.0ms
[2023-11-28T20:12:20.861-0800][gc,heap       ] GC(86) Eden regions: 45->0(45)
[2023-11-28T20:12:20.861-0800][gc,heap       ] GC(86) Survivor regions: 6->6(7)
[2023-11-28T20:12:20.861-0800][gc,heap       ] GC(86) Old regions: 207->211
[2023-11-28T20:12:20.861-0800][gc,heap       ] GC(86) Humongous regions: 138->138
[2023-11-28T20:12:20.861-0800][gc,metaspace  ] GC(86) Metaspace: 49866K->49866K(1095680K)
[2023-11-28T20:12:20.861-0800][gc            ] GC(86) Pause Young (Normal) (G1 Evacuation Pause) 394M->353M(1024M) 43.538ms
[2023-11-28T20:12:20.861-0800][gc,cpu        ] GC(86) User=0.08s Sys=0.13s Real=0.05s
[2023-11-28T20:17:58.501-0800][gc,start      ] GC(87) Pause Young (Normal) (G1 Evacuation Pause)
[2023-11-28T20:17:58.502-0800][gc,task       ] GC(87) Using 10 workers of 10 for evacuation
[2023-11-28T20:17:58.524-0800][gc,mmu        ] GC(87) MMU target violated: 21.0ms (20.0ms/21.0ms)
[2023-11-28T20:17:58.524-0800][gc,phases     ] GC(87)   Pre Evacuate Collection Set: 1.2ms
[2023-11-28T20:17:58.524-0800][gc,phases     ] GC(87)   Evacuate Collection Set: 19.0ms
[2023-11-28T20:17:58.524-0800][gc,phases     ] GC(87)   Post Evacuate Collection Set: 0.7ms
[2023-11-28T20:17:58.524-0800][gc,phases     ] GC(87)   Other: 2.5ms
[2023-11-28T20:17:58.524-0800][gc,heap       ] GC(87) Eden regions: 45->0(45)
[2023-11-28T20:17:58.524-0800][gc,heap       ] GC(87) Survivor regions: 6->6(7)
[2023-11-28T20:17:58.524-0800][gc,heap       ] GC(87) Old regions: 211->214
[2023-11-28T20:17:58.524-0800][gc,heap       ] GC(87) Humongous regions: 138->138
[2023-11-28T20:17:58.524-0800][gc,metaspace  ] GC(87) Metaspace: 49866K->49866K(1095680K)
[2023-11-28T20:17:58.524-0800][gc            ] GC(87) Pause Young (Normal) (G1 Evacuation Pause) 398M->357M(1024M) 23.520ms
[2023-11-28T20:17:58.524-0800][gc,cpu        ] GC(87) User=0.05s Sys=0.08s Real=0.02s
[2023-11-28T20:24:39.548-0800][gc,start      ] GC(88) Pause Young (Normal) (G1 Evacuation Pause)
[2023-11-28T20:24:39.551-0800][gc,task       ] GC(88) Using 10 workers of 10 for evacuation
[2023-11-28T20:24:39.599-0800][gc,mmu        ] GC(88) MMU target violated: 21.0ms (20.0ms/21.0ms)
[2023-11-28T20:24:39.599-0800][gc,phases     ] GC(88)   Pre Evacuate Collection Set: 2.1ms
[2023-11-28T20:24:39.599-0800][gc,phases     ] GC(88)   Evacuate Collection Set: 38.8ms
[2023-11-28T20:24:39.600-0800][gc,phases     ] GC(88)   Post Evacuate Collection Set: 3.0ms
[2023-11-28T20:24:39.600-0800][gc,phases     ] GC(88)   Other: 11.1ms
[2023-11-28T20:24:39.600-0800][gc,heap       ] GC(88) Eden regions: 45->0(45)
[2023-11-28T20:24:39.600-0800][gc,heap       ] GC(88) Survivor regions: 6->6(7)
[2023-11-28T20:24:39.600-0800][gc,heap       ] GC(88) Old regions: 214->218
[2023-11-28T20:24:39.600-0800][gc,heap       ] GC(88) Humongous regions: 138->138
[2023-11-28T20:24:39.600-0800][gc,metaspace  ] GC(88) Metaspace: 49869K->49869K(1095680K)
[2023-11-28T20:24:39.600-0800][gc            ] GC(88) Pause Young (Normal) (G1 Evacuation Pause) 402M->360M(1024M) 52.999ms
[2023-11-28T20:24:39.600-0800][gc,cpu        ] GC(88) User=0.06s Sys=0.15s Real=0.06s
[2023-11-28T20:30:14.206-0800][gc,start      ] GC(89) Pause Young (Normal) (G1 Evacuation Pause)
[2023-11-28T20:30:14.206-0800][gc,task       ] GC(89) Using 10 workers of 10 for evacuation
[2023-11-28T20:30:14.235-0800][gc,mmu        ] GC(89) MMU target violated: 21.0ms (20.0ms/21.0ms)
[2023-11-28T20:30:14.235-0800][gc,phases     ] GC(89)   Pre Evacuate Collection Set: 1.0ms
[2023-11-28T20:30:14.235-0800][gc,phases     ] GC(89)   Evacuate Collection Set: 26.0ms
[2023-11-28T20:30:14.235-0800][gc,phases     ] GC(89)   Post Evacuate Collection Set: 1.2ms
[2023-11-28T20:30:14.235-0800][gc,phases     ] GC(89)   Other: 1.6ms
[2023-11-28T20:30:14.235-0800][gc,heap       ] GC(89) Eden regions: 45->0(45)
[2023-11-28T20:30:14.235-0800][gc,heap       ] GC(89) Survivor regions: 6->6(7)
[2023-11-28T20:30:14.235-0800][gc,heap       ] GC(89) Old regions: 218->222
[2023-11-28T20:30:14.235-0800][gc,heap       ] GC(89) Humongous regions: 138->138
[2023-11-28T20:30:14.235-0800][gc,metaspace  ] GC(89) Metaspace: 49869K->49869K(1095680K)
[2023-11-28T20:30:14.235-0800][gc            ] GC(89) Pause Young (Normal) (G1 Evacuation Pause) 405M->364M(1024M) 29.886ms
[2023-11-28T20:30:14.236-0800][gc,cpu        ] GC(89) User=0.06s Sys=0.11s Real=0.03s
[2023-11-28T20:35:49.524-0800][gc,start      ] GC(90) Pause Young (Concurrent Start) (G1 Evacuation Pause)
[2023-11-28T20:35:49.525-0800][gc,task       ] GC(90) Using 10 workers of 10 for evacuation
[2023-11-28T20:35:49.678-0800][gc,mmu        ] GC(90) MMU target violated: 21.0ms (20.0ms/21.0ms)
[2023-11-28T20:35:49.699-0800][gc,phases     ] GC(90)   Pre Evacuate Collection Set: 0.5ms
[2023-11-28T20:35:49.699-0800][gc,phases     ] GC(90)   Evacuate Collection Set: 143.0ms
[2023-11-28T20:35:49.699-0800][gc,phases     ] GC(90)   Post Evacuate Collection Set: 1.9ms
[2023-11-28T20:35:49.699-0800][gc,phases     ] GC(90)   Other: 29.9ms
[2023-11-28T20:35:49.700-0800][gc,heap       ] GC(90) Eden regions: 45->0(45)
[2023-11-28T20:35:49.700-0800][gc,heap       ] GC(90) Survivor regions: 6->6(7)
[2023-11-28T20:35:49.700-0800][gc,heap       ] GC(90) Old regions: 222->225
[2023-11-28T20:35:49.700-0800][gc,heap       ] GC(90) Humongous regions: 138->138
[2023-11-28T20:35:49.700-0800][gc,metaspace  ] GC(90) Metaspace: 49869K->49869K(1095680K)
[2023-11-28T20:35:49.700-0800][gc            ] GC(90) Pause Young (Concurrent Start) (G1 Evacuation Pause) 409M->367M(1024M) 175.451ms
[2023-11-28T20:35:49.700-0800][gc,cpu        ] GC(90) User=0.07s Sys=0.13s Real=0.18s
[2023-11-28T20:35:49.701-0800][gc            ] GC(91) Concurrent Cycle
[2023-11-28T20:35:49.702-0800][gc,marking    ] GC(91) Concurrent Clear Claimed Marks
[2023-11-28T20:35:49.705-0800][gc,marking    ] GC(91) Concurrent Clear Claimed Marks 2.505ms
[2023-11-28T20:35:49.705-0800][gc,marking    ] GC(91) Concurrent Scan Root Regions
[2023-11-28T20:35:49.849-0800][gc,marking    ] GC(91) Concurrent Scan Root Regions 144.035ms
[2023-11-28T20:35:49.850-0800][gc,marking    ] GC(91) Concurrent Mark (32160.394s)
[2023-11-28T20:35:49.850-0800][gc,marking    ] GC(91) Concurrent Mark From Roots
[2023-11-28T20:35:49.850-0800][gc,task       ] GC(91) Using 3 workers of 3 for marking
[2023-11-28T20:35:50.209-0800][gc,marking    ] GC(91) Concurrent Mark From Roots 359.917ms
[2023-11-28T20:35:50.210-0800][gc,marking    ] GC(91) Concurrent Preclean
[2023-11-28T20:35:50.211-0800][gc,marking    ] GC(91) Concurrent Preclean 1.397ms
[2023-11-28T20:35:50.211-0800][gc,marking    ] GC(91) Concurrent Mark (32160.394s, 32160.756s) 361.644ms
[2023-11-28T20:35:50.212-0800][gc,start      ] GC(91) Pause Remark
[2023-11-28T20:35:50.925-0800][gc,stringtable] GC(91) Cleaned string and symbol table, strings: 16155 processed, 313 removed, symbols: 120216 processed, 12 removed
[2023-11-28T20:35:50.951-0800][gc,mmu        ] GC(91) MMU target violated: 21.0ms (20.0ms/21.0ms)
[2023-11-28T20:35:50.952-0800][gc            ] GC(91) Pause Remark 368M->256M(1024M) 740.042ms
[2023-11-28T20:35:50.952-0800][gc,cpu        ] GC(91) User=0.12s Sys=1.44s Real=0.74s
[2023-11-28T20:35:50.952-0800][gc,marking    ] GC(91) Concurrent Rebuild Remembered Sets
[2023-11-28T20:35:51.064-0800][gc,marking    ] GC(91) Concurrent Rebuild Remembered Sets 112.310ms
[2023-11-28T20:35:51.067-0800][gc,start      ] GC(91) Pause Cleanup
[2023-11-28T20:35:51.071-0800][gc            ] GC(91) Pause Cleanup 256M->256M(1024M) 3.616ms
[2023-11-28T20:35:51.071-0800][gc,cpu        ] GC(91) User=0.00s Sys=0.00s Real=0.01s
[2023-11-28T20:35:51.071-0800][gc,marking    ] GC(91) Concurrent Cleanup for Next Mark
[2023-11-28T20:35:51.094-0800][gc,marking    ] GC(91) Concurrent Cleanup for Next Mark 22.456ms
[2023-11-28T20:35:51.094-0800][gc            ] GC(91) Concurrent Cycle 1393.240ms
[2023-11-28T21:00:22.711-0800][gc,start      ] GC(92) Pause Young (Prepare Mixed) (G1 Evacuation Pause)
[2023-11-28T21:00:22.712-0800][gc,task       ] GC(92) Using 10 workers of 10 for evacuation
[2023-11-28T21:00:22.833-0800][gc,mmu        ] GC(92) MMU target violated: 21.0ms (20.0ms/21.0ms)
[2023-11-28T21:00:22.834-0800][gc,phases     ] GC(92)   Pre Evacuate Collection Set: 2.6ms
[2023-11-28T21:00:22.834-0800][gc,phases     ] GC(92)   Evacuate Collection Set: 112.1ms
[2023-11-28T21:00:22.834-0800][gc,phases     ] GC(92)   Post Evacuate Collection Set: 2.1ms
[2023-11-28T21:00:22.834-0800][gc,phases     ] GC(92)   Other: 7.2ms
[2023-11-28T21:00:22.834-0800][gc,heap       ] GC(92) Eden regions: 45->0(44)
[2023-11-28T21:00:22.834-0800][gc,heap       ] GC(92) Survivor regions: 6->7(7)
[2023-11-28T21:00:22.834-0800][gc,heap       ] GC(92) Old regions: 113->117
[2023-11-28T21:00:22.834-0800][gc,heap       ] GC(92) Humongous regions: 138->138
[2023-11-28T21:00:22.834-0800][gc,metaspace  ] GC(92) Metaspace: 49696K->49696K(1095680K)
[2023-11-28T21:00:22.834-0800][gc            ] GC(92) Pause Young (Prepare Mixed) (G1 Evacuation Pause) 300M->261M(1024M) 123.251ms
[2023-11-28T21:00:22.834-0800][gc,cpu        ] GC(92) User=0.23s Sys=0.50s Real=0.12s
[2023-11-28T21:26:39.561-0800][gc,start      ] GC(93) Pause Young (Mixed) (G1 Evacuation Pause)
[2023-11-28T21:26:39.562-0800][gc,task       ] GC(93) Using 10 workers of 10 for evacuation
[2023-11-28T21:26:39.599-0800][gc,mmu        ] GC(93) MMU target violated: 21.0ms (20.0ms/21.0ms)
[2023-11-28T21:26:39.599-0800][gc,phases     ] GC(93)   Pre Evacuate Collection Set: 0.6ms
[2023-11-28T21:26:39.599-0800][gc,phases     ] GC(93)   Evacuate Collection Set: 32.1ms
[2023-11-28T21:26:39.599-0800][gc,phases     ] GC(93)   Post Evacuate Collection Set: 2.1ms
[2023-11-28T21:26:39.599-0800][gc,phases     ] GC(93)   Other: 2.9ms
[2023-11-28T21:26:39.599-0800][gc,heap       ] GC(93) Eden regions: 44->0(48)
[2023-11-28T21:26:39.599-0800][gc,heap       ] GC(93) Survivor regions: 7->3(7)
[2023-11-28T21:26:39.599-0800][gc,heap       ] GC(93) Old regions: 117->108
[2023-11-28T21:26:39.599-0800][gc,heap       ] GC(93) Humongous regions: 138->138
[2023-11-28T21:26:39.599-0800][gc,metaspace  ] GC(93) Metaspace: 49709K->49709K(1095680K)
[2023-11-28T21:26:39.599-0800][gc            ] GC(93) Pause Young (Mixed) (G1 Evacuation Pause) 305M->248M(1024M) 37.781ms
[2023-11-28T21:26:39.599-0800][gc,cpu        ] GC(93) User=0.04s Sys=0.04s Real=0.03s
[2023-11-28T21:32:39.728-0800][gc,start      ] GC(94) Pause Young (Mixed) (G1 Evacuation Pause)
[2023-11-28T21:32:39.728-0800][gc,task       ] GC(94) Using 10 workers of 10 for evacuation
[2023-11-28T21:32:39.743-0800][gc,phases     ] GC(94)   Pre Evacuate Collection Set: 1.0ms
[2023-11-28T21:32:39.743-0800][gc,phases     ] GC(94)   Evacuate Collection Set: 12.5ms
[2023-11-28T21:32:39.743-0800][gc,phases     ] GC(94)   Post Evacuate Collection Set: 0.6ms
[2023-11-28T21:32:39.743-0800][gc,phases     ] GC(94)   Other: 1.4ms
[2023-11-28T21:32:39.743-0800][gc,heap       ] GC(94) Eden regions: 48->0(47)
[2023-11-28T21:32:39.743-0800][gc,heap       ] GC(94) Survivor regions: 3->4(7)
[2023-11-28T21:32:39.743-0800][gc,heap       ] GC(94) Old regions: 108->95
[2023-11-28T21:32:39.743-0800][gc,heap       ] GC(94) Humongous regions: 138->138
[2023-11-28T21:32:39.743-0800][gc,metaspace  ] GC(94) Metaspace: 49717K->49717K(1095680K)
[2023-11-28T21:32:39.743-0800][gc            ] GC(94) Pause Young (Mixed) (G1 Evacuation Pause) 296M->236M(1024M) 15.527ms
[2023-11-28T21:32:39.743-0800][gc,cpu        ] GC(94) User=0.03s Sys=0.05s Real=0.02s
[2023-11-28T21:55:28.638-0800][gc,start      ] GC(95) Pause Young (Mixed) (G1 Evacuation Pause)
[2023-11-28T21:55:28.638-0800][gc,task       ] GC(95) Using 10 workers of 10 for evacuation
[2023-11-28T21:55:28.645-0800][gc,phases     ] GC(95)   Pre Evacuate Collection Set: 0.0ms
[2023-11-28T21:55:28.645-0800][gc,phases     ] GC(95)   Evacuate Collection Set: 5.9ms
[2023-11-28T21:55:28.645-0800][gc,phases     ] GC(95)   Post Evacuate Collection Set: 0.9ms
[2023-11-28T21:55:28.645-0800][gc,phases     ] GC(95)   Other: 0.4ms
[2023-11-28T21:55:28.645-0800][gc,heap       ] GC(95) Eden regions: 47->0(46)
[2023-11-28T21:55:28.645-0800][gc,heap       ] GC(95) Survivor regions: 4->5(7)
[2023-11-28T21:55:28.645-0800][gc,heap       ] GC(95) Old regions: 95->83
[2023-11-28T21:55:28.645-0800][gc,heap       ] GC(95) Humongous regions: 138->138
[2023-11-28T21:55:28.645-0800][gc,metaspace  ] GC(95) Metaspace: 49721K->49721K(1095680K)
[2023-11-28T21:55:28.645-0800][gc            ] GC(95) Pause Young (Mixed) (G1 Evacuation Pause) 283M->225M(1024M) 7.456ms
[2023-11-28T21:55:28.645-0800][gc,cpu        ] GC(95) User=0.04s Sys=0.01s Real=0.01s
[2023-11-28T22:19:37.796-0800][gc,start      ] GC(96) Pause Young (Mixed) (G1 Evacuation Pause)
[2023-11-28T22:19:37.797-0800][gc,task       ] GC(96) Using 10 workers of 10 for evacuation
[2023-11-28T22:19:37.813-0800][gc,phases     ] GC(96)   Pre Evacuate Collection Set: 0.1ms
[2023-11-28T22:19:37.813-0800][gc,phases     ] GC(96)   Evacuate Collection Set: 12.3ms
[2023-11-28T22:19:37.813-0800][gc,phases     ] GC(96)   Post Evacuate Collection Set: 2.3ms
[2023-11-28T22:19:37.813-0800][gc,phases     ] GC(96)   Other: 1.9ms
[2023-11-28T22:19:37.813-0800][gc,heap       ] GC(96) Eden regions: 46->0(45)
[2023-11-28T22:19:37.813-0800][gc,heap       ] GC(96) Survivor regions: 5->6(7)
[2023-11-28T22:19:37.813-0800][gc,heap       ] GC(96) Old regions: 83->78
[2023-11-28T22:19:37.813-0800][gc,heap       ] GC(96) Humongous regions: 138->138
[2023-11-28T22:19:37.813-0800][gc,metaspace  ] GC(96) Metaspace: 49761K->49761K(1095680K)
[2023-11-28T22:19:37.813-0800][gc            ] GC(96) Pause Young (Mixed) (G1 Evacuation Pause) 271M->220M(1024M) 16.727ms
[2023-11-28T22:19:37.813-0800][gc,cpu        ] GC(96) User=0.04s Sys=0.04s Real=0.02s
[2023-11-28T22:25:13.267-0800][gc,start      ] GC(97) Pause Young (Normal) (G1 Evacuation Pause)
[2023-11-28T22:25:13.268-0800][gc,task       ] GC(97) Using 10 workers of 10 for evacuation
[2023-11-28T22:25:13.281-0800][gc,phases     ] GC(97)   Pre Evacuate Collection Set: 0.0ms
[2023-11-28T22:25:13.281-0800][gc,phases     ] GC(97)   Evacuate Collection Set: 12.3ms
[2023-11-28T22:25:13.281-0800][gc,phases     ] GC(97)   Post Evacuate Collection Set: 0.4ms
[2023-11-28T22:25:13.281-0800][gc,phases     ] GC(97)   Other: 1.2ms
[2023-11-28T22:25:13.281-0800][gc,heap       ] GC(97) Eden regions: 45->0(46)
[2023-11-28T22:25:13.281-0800][gc,heap       ] GC(97) Survivor regions: 6->5(7)
[2023-11-28T22:25:13.281-0800][gc,heap       ] GC(97) Old regions: 78->80
[2023-11-28T22:25:13.281-0800][gc,heap       ] GC(97) Humongous regions: 138->138
[2023-11-28T22:25:13.281-0800][gc,metaspace  ] GC(97) Metaspace: 49761K->49761K(1095680K)
[2023-11-28T22:25:13.281-0800][gc            ] GC(97) Pause Young (Normal) (G1 Evacuation Pause) 265M->222M(1024M) 14.217ms
[2023-11-28T22:25:13.282-0800][gc,cpu        ] GC(97) User=0.04s Sys=0.03s Real=0.02s
[2023-11-28T22:30:57.315-0800][gc,start      ] GC(98) Pause Young (Normal) (G1 Evacuation Pause)
[2023-11-28T22:30:57.316-0800][gc,task       ] GC(98) Using 10 workers of 10 for evacuation
[2023-11-28T22:30:57.326-0800][gc,phases     ] GC(98)   Pre Evacuate Collection Set: 0.0ms
[2023-11-28T22:30:57.326-0800][gc,phases     ] GC(98)   Evacuate Collection Set: 9.5ms
[2023-11-28T22:30:57.326-0800][gc,phases     ] GC(98)   Post Evacuate Collection Set: 0.3ms
[2023-11-28T22:30:57.327-0800][gc,phases     ] GC(98)   Other: 1.3ms
[2023-11-28T22:30:57.327-0800][gc,heap       ] GC(98) Eden regions: 46->0(46)
[2023-11-28T22:30:57.327-0800][gc,heap       ] GC(98) Survivor regions: 5->5(7)
[2023-11-28T22:30:57.327-0800][gc,heap       ] GC(98) Old regions: 80->81
[2023-11-28T22:30:57.327-0800][gc,heap       ] GC(98) Humongous regions: 138->138
[2023-11-28T22:30:57.327-0800][gc,metaspace  ] GC(98) Metaspace: 49761K->49761K(1095680K)
[2023-11-28T22:30:57.327-0800][gc            ] GC(98) Pause Young (Normal) (G1 Evacuation Pause) 268M->223M(1024M) 11.337ms
[2023-11-28T22:30:57.327-0800][gc,cpu        ] GC(98) User=0.05s Sys=0.01s Real=0.01s
[2023-11-28T22:36:41.689-0800][gc,start      ] GC(99) Pause Young (Normal) (G1 Evacuation Pause)
[2023-11-28T22:36:41.689-0800][gc,task       ] GC(99) Using 10 workers of 10 for evacuation
[2023-11-28T22:36:41.698-0800][gc,phases     ] GC(99)   Pre Evacuate Collection Set: 0.0ms
[2023-11-28T22:36:41.698-0800][gc,phases     ] GC(99)   Evacuate Collection Set: 8.1ms
[2023-11-28T22:36:41.698-0800][gc,phases     ] GC(99)   Post Evacuate Collection Set: 0.2ms
[2023-11-28T22:36:41.698-0800][gc,phases     ] GC(99)   Other: 0.5ms
[2023-11-28T22:36:41.698-0800][gc,heap       ] GC(99) Eden regions: 46->0(50)
[2023-11-28T22:36:41.698-0800][gc,heap       ] GC(99) Survivor regions: 5->6(7)
[2023-11-28T22:36:41.698-0800][gc,heap       ] GC(99) Old regions: 81->83
[2023-11-28T22:36:41.698-0800][gc,heap       ] GC(99) Humongous regions: 138->138
[2023-11-28T22:36:41.698-0800][gc,metaspace  ] GC(99) Metaspace: 49761K->49761K(1095680K)
[2023-11-28T22:36:41.698-0800][gc            ] GC(99) Pause Young (Normal) (G1 Evacuation Pause) 269M->225M(1024M) 8.927ms
[2023-11-28T22:36:41.698-0800][gc,cpu        ] GC(99) User=0.03s Sys=0.02s Real=0.01s
[2023-11-28T22:42:54.746-0800][gc,start      ] GC(100) Pause Young (Normal) (G1 Evacuation Pause)
[2023-11-28T22:42:54.747-0800][gc,task       ] GC(100) Using 10 workers of 10 for evacuation
[2023-11-28T22:42:54.778-0800][gc,mmu        ] GC(100) MMU target violated: 21.0ms (20.0ms/21.0ms)
[2023-11-28T22:42:54.778-0800][gc,phases     ] GC(100)   Pre Evacuate Collection Set: 0.3ms
[2023-11-28T22:42:54.778-0800][gc,phases     ] GC(100)   Evacuate Collection Set: 29.5ms
[2023-11-28T22:42:54.778-0800][gc,phases     ] GC(100)   Post Evacuate Collection Set: 0.3ms
[2023-11-28T22:42:54.778-0800][gc,phases     ] GC(100)   Other: 1.8ms
[2023-11-28T22:42:54.778-0800][gc,heap       ] GC(100) Eden regions: 50->0(45)
[2023-11-28T22:42:54.778-0800][gc,heap       ] GC(100) Survivor regions: 6->6(7)
[2023-11-28T22:42:54.778-0800][gc,heap       ] GC(100) Old regions: 83->84
[2023-11-28T22:42:54.778-0800][gc,heap       ] GC(100) Humongous regions: 138->138
[2023-11-28T22:42:54.778-0800][gc,metaspace  ] GC(100) Metaspace: 49761K->49761K(1095680K)
[2023-11-28T22:42:54.778-0800][gc            ] GC(100) Pause Young (Normal) (G1 Evacuation Pause) 275M->227M(1024M) 31.976ms
[2023-11-28T22:42:54.778-0800][gc,cpu        ] GC(100) User=0.04s Sys=0.10s Real=0.03s
[2023-11-28T22:48:30.161-0800][gc,start      ] GC(101) Pause Young (Normal) (G1 Evacuation Pause)
[2023-11-28T22:48:30.162-0800][gc,task       ] GC(101) Using 10 workers of 10 for evacuation
[2023-11-28T22:48:30.176-0800][gc,phases     ] GC(101)   Pre Evacuate Collection Set: 0.0ms
[2023-11-28T22:48:30.176-0800][gc,phases     ] GC(101)   Evacuate Collection Set: 13.7ms
[2023-11-28T22:48:30.177-0800][gc,phases     ] GC(101)   Post Evacuate Collection Set: 0.2ms
[2023-11-28T22:48:30.177-0800][gc,phases     ] GC(101)   Other: 1.1ms
[2023-11-28T22:48:30.177-0800][gc,heap       ] GC(101) Eden regions: 45->0(46)
[2023-11-28T22:48:30.177-0800][gc,heap       ] GC(101) Survivor regions: 6->5(7)
[2023-11-28T22:48:30.177-0800][gc,heap       ] GC(101) Old regions: 84->87
[2023-11-28T22:48:30.177-0800][gc,heap       ] GC(101) Humongous regions: 138->138
[2023-11-28T22:48:30.177-0800][gc,metaspace  ] GC(101) Metaspace: 49761K->49761K(1095680K)
[2023-11-28T22:48:30.177-0800][gc            ] GC(101) Pause Young (Normal) (G1 Evacuation Pause) 272M->228M(1024M) 15.167ms
[2023-11-28T22:48:30.177-0800][gc,cpu        ] GC(101) User=0.04s Sys=0.03s Real=0.01s
[2023-11-28T22:54:11.282-0800][gc,start      ] GC(102) Pause Young (Normal) (G1 Evacuation Pause)
[2023-11-28T22:54:11.282-0800][gc,task       ] GC(102) Using 10 workers of 10 for evacuation
[2023-11-28T22:54:11.314-0800][gc,mmu        ] GC(102) MMU target violated: 21.0ms (20.0ms/21.0ms)
[2023-11-28T22:54:11.314-0800][gc,phases     ] GC(102)   Pre Evacuate Collection Set: 0.1ms
[2023-11-28T22:54:11.314-0800][gc,phases     ] GC(102)   Evacuate Collection Set: 30.7ms
[2023-11-28T22:54:11.314-0800][gc,phases     ] GC(102)   Post Evacuate Collection Set: 0.4ms
[2023-11-28T22:54:11.314-0800][gc,phases     ] GC(102)   Other: 1.2ms
[2023-11-28T22:54:11.314-0800][gc,heap       ] GC(102) Eden regions: 46->0(47)
[2023-11-28T22:54:11.314-0800][gc,heap       ] GC(102) Survivor regions: 5->4(7)
[2023-11-28T22:54:11.314-0800][gc,heap       ] GC(102) Old regions: 87->89
[2023-11-28T22:54:11.314-0800][gc,heap       ] GC(102) Humongous regions: 138->138
[2023-11-28T22:54:11.314-0800][gc,metaspace  ] GC(102) Metaspace: 49761K->49761K(1095680K)
[2023-11-28T22:54:11.314-0800][gc            ] GC(102) Pause Young (Normal) (G1 Evacuation Pause) 274M->230M(1024M) 32.674ms
[2023-11-28T22:54:11.314-0800][gc,cpu        ] GC(102) User=0.04s Sys=0.07s Real=0.03s
[2023-11-28T22:59:34.830-0800][gc,start      ] GC(103) Pause Young (Normal) (G1 Evacuation Pause)
[2023-11-28T22:59:34.831-0800][gc,task       ] GC(103) Using 10 workers of 10 for evacuation
[2023-11-28T22:59:34.859-0800][gc,mmu        ] GC(103) MMU target violated: 21.0ms (20.0ms/21.0ms)
[2023-11-28T22:59:34.859-0800][gc,phases     ] GC(103)   Pre Evacuate Collection Set: 0.0ms
[2023-11-28T22:59:34.859-0800][gc,phases     ] GC(103)   Evacuate Collection Set: 27.4ms
[2023-11-28T22:59:34.859-0800][gc,phases     ] GC(103)   Post Evacuate Collection Set: 0.3ms
[2023-11-28T22:59:34.859-0800][gc,phases     ] GC(103)   Other: 1.3ms
[2023-11-28T22:59:34.859-0800][gc,heap       ] GC(103) Eden regions: 47->0(44)
[2023-11-28T22:59:34.859-0800][gc,heap       ] GC(103) Survivor regions: 4->7(7)
[2023-11-28T22:59:34.859-0800][gc,heap       ] GC(103) Old regions: 89->91
[2023-11-28T22:59:34.859-0800][gc,heap       ] GC(103) Humongous regions: 138->138
[2023-11-28T22:59:34.860-0800][gc,metaspace  ] GC(103) Metaspace: 49761K->49761K(1095680K)
[2023-11-28T22:59:34.860-0800][gc            ] GC(103) Pause Young (Normal) (G1 Evacuation Pause) 277M->235M(1024M) 29.122ms
[2023-11-28T22:59:34.860-0800][gc,cpu        ] GC(103) User=0.05s Sys=0.09s Real=0.03s
[2023-11-28T23:05:01.117-0800][gc,start      ] GC(104) Pause Young (Normal) (G1 Evacuation Pause)
[2023-11-28T23:05:01.118-0800][gc,task       ] GC(104) Using 10 workers of 10 for evacuation
[2023-11-28T23:05:01.158-0800][gc,mmu        ] GC(104) MMU target violated: 21.0ms (20.0ms/21.0ms)
[2023-11-28T23:05:01.158-0800][gc,phases     ] GC(104)   Pre Evacuate Collection Set: 1.1ms
[2023-11-28T23:05:01.158-0800][gc,phases     ] GC(104)   Evacuate Collection Set: 37.2ms
[2023-11-28T23:05:01.158-0800][gc,phases     ] GC(104)   Post Evacuate Collection Set: 0.5ms
[2023-11-28T23:05:01.158-0800][gc,phases     ] GC(104)   Other: 1.8ms
[2023-11-28T23:05:01.158-0800][gc,heap       ] GC(104) Eden regions: 44->0(46)
[2023-11-28T23:05:01.158-0800][gc,heap       ] GC(104) Survivor regions: 7->5(7)
[2023-11-28T23:05:01.158-0800][gc,heap       ] GC(104) Old regions: 91->96
[2023-11-28T23:05:01.158-0800][gc,heap       ] GC(104) Humongous regions: 138->138
[2023-11-28T23:05:01.158-0800][gc,metaspace  ] GC(104) Metaspace: 49761K->49761K(1095680K)
[2023-11-28T23:05:01.158-0800][gc            ] GC(104) Pause Young (Normal) (G1 Evacuation Pause) 279M->238M(1024M) 40.646ms
[2023-11-28T23:05:01.158-0800][gc,cpu        ] GC(104) User=0.04s Sys=0.10s Real=0.04s
[2023-11-28T23:10:38.482-0800][gc,start      ] GC(105) Pause Young (Normal) (G1 Evacuation Pause)
[2023-11-28T23:10:38.483-0800][gc,task       ] GC(105) Using 10 workers of 10 for evacuation
[2023-11-28T23:10:38.520-0800][gc,mmu        ] GC(105) MMU target violated: 21.0ms (20.0ms/21.0ms)
[2023-11-28T23:10:38.520-0800][gc,phases     ] GC(105)   Pre Evacuate Collection Set: 0.1ms
[2023-11-28T23:10:38.520-0800][gc,phases     ] GC(105)   Evacuate Collection Set: 36.5ms
[2023-11-28T23:10:38.520-0800][gc,phases     ] GC(105)   Post Evacuate Collection Set: 0.2ms
[2023-11-28T23:10:38.520-0800][gc,phases     ] GC(105)   Other: 1.7ms
[2023-11-28T23:10:38.520-0800][gc,heap       ] GC(105) Eden regions: 46->0(45)
[2023-11-28T23:10:38.520-0800][gc,heap       ] GC(105) Survivor regions: 5->6(7)
[2023-11-28T23:10:38.520-0800][gc,heap       ] GC(105) Old regions: 96->99
[2023-11-28T23:10:38.520-0800][gc,heap       ] GC(105) Humongous regions: 138->138
[2023-11-28T23:10:38.520-0800][gc,metaspace  ] GC(105) Metaspace: 49761K->49761K(1095680K)
[2023-11-28T23:10:38.520-0800][gc            ] GC(105) Pause Young (Normal) (G1 Evacuation Pause) 284M->242M(1024M) 38.583ms
[2023-11-28T23:10:38.520-0800][gc,cpu        ] GC(105) User=0.05s Sys=0.10s Real=0.04s
[2023-11-28T23:16:11.946-0800][gc,start      ] GC(106) Pause Young (Normal) (G1 Evacuation Pause)
[2023-11-28T23:16:11.948-0800][gc,task       ] GC(106) Using 10 workers of 10 for evacuation
[2023-11-28T23:16:11.980-0800][gc,mmu        ] GC(106) MMU target violated: 21.0ms (20.0ms/21.0ms)
[2023-11-28T23:16:11.980-0800][gc,phases     ] GC(106)   Pre Evacuate Collection Set: 0.0ms
[2023-11-28T23:16:11.980-0800][gc,phases     ] GC(106)   Evacuate Collection Set: 31.4ms
[2023-11-28T23:16:11.980-0800][gc,phases     ] GC(106)   Post Evacuate Collection Set: 0.7ms
[2023-11-28T23:16:11.980-0800][gc,phases     ] GC(106)   Other: 1.7ms
[2023-11-28T23:16:11.980-0800][gc,heap       ] GC(106) Eden regions: 45->0(45)
[2023-11-28T23:16:11.980-0800][gc,heap       ] GC(106) Survivor regions: 6->6(7)
[2023-11-28T23:16:11.980-0800][gc,heap       ] GC(106) Old regions: 99->103
[2023-11-28T23:16:11.980-0800][gc,heap       ] GC(106) Humongous regions: 138->138
[2023-11-28T23:16:11.980-0800][gc,metaspace  ] GC(106) Metaspace: 49761K->49761K(1095680K)
[2023-11-28T23:16:11.980-0800][gc            ] GC(106) Pause Young (Normal) (G1 Evacuation Pause) 287M->246M(1024M) 33.864ms
[2023-11-28T23:16:11.980-0800][gc,cpu        ] GC(106) User=0.05s Sys=0.06s Real=0.04s
[2023-11-28T23:21:46.758-0800][gc,start      ] GC(107) Pause Young (Normal) (G1 Evacuation Pause)
[2023-11-28T23:21:46.759-0800][gc,task       ] GC(107) Using 10 workers of 10 for evacuation
[2023-11-28T23:21:46.792-0800][gc,mmu        ] GC(107) MMU target violated: 21.0ms (20.0ms/21.0ms)
[2023-11-28T23:21:46.792-0800][gc,phases     ] GC(107)   Pre Evacuate Collection Set: 0.9ms
[2023-11-28T23:21:46.792-0800][gc,phases     ] GC(107)   Evacuate Collection Set: 29.2ms
[2023-11-28T23:21:46.792-0800][gc,phases     ] GC(107)   Post Evacuate Collection Set: 2.1ms
[2023-11-28T23:21:46.793-0800][gc,phases     ] GC(107)   Other: 2.2ms
[2023-11-28T23:21:46.793-0800][gc,heap       ] GC(107) Eden regions: 45->0(45)
[2023-11-28T23:21:46.793-0800][gc,heap       ] GC(107) Survivor regions: 6->6(7)
[2023-11-28T23:21:46.793-0800][gc,heap       ] GC(107) Old regions: 103->107
[2023-11-28T23:21:46.793-0800][gc,heap       ] GC(107) Humongous regions: 138->138
[2023-11-28T23:21:46.793-0800][gc,metaspace  ] GC(107) Metaspace: 49761K->49761K(1095680K)
[2023-11-28T23:21:46.793-0800][gc            ] GC(107) Pause Young (Normal) (G1 Evacuation Pause) 291M->249M(1024M) 34.576ms
[2023-11-28T23:21:46.793-0800][gc,cpu        ] GC(107) User=0.05s Sys=0.10s Real=0.04s
[2023-11-28T23:27:20.371-0800][gc,start      ] GC(108) Pause Young (Normal) (G1 Evacuation Pause)
[2023-11-28T23:27:20.371-0800][gc,task       ] GC(108) Using 10 workers of 10 for evacuation
[2023-11-28T23:27:20.396-0800][gc,mmu        ] GC(108) MMU target violated: 21.0ms (20.0ms/21.0ms)
[2023-11-28T23:27:20.396-0800][gc,phases     ] GC(108)   Pre Evacuate Collection Set: 0.1ms
[2023-11-28T23:27:20.396-0800][gc,phases     ] GC(108)   Evacuate Collection Set: 24.2ms
[2023-11-28T23:27:20.396-0800][gc,phases     ] GC(108)   Post Evacuate Collection Set: 0.2ms
[2023-11-28T23:27:20.396-0800][gc,phases     ] GC(108)   Other: 1.2ms
[2023-11-28T23:27:20.396-0800][gc,heap       ] GC(108) Eden regions: 45->0(45)
[2023-11-28T23:27:20.396-0800][gc,heap       ] GC(108) Survivor regions: 6->6(7)
[2023-11-28T23:27:20.396-0800][gc,heap       ] GC(108) Old regions: 107->111
[2023-11-28T23:27:20.396-0800][gc,heap       ] GC(108) Humongous regions: 138->138
[2023-11-28T23:27:20.396-0800][gc,metaspace  ] GC(108) Metaspace: 49761K->49761K(1095680K)
[2023-11-28T23:27:20.396-0800][gc            ] GC(108) Pause Young (Normal) (G1 Evacuation Pause) 294M->253M(1024M) 25.739ms
[2023-11-28T23:27:20.396-0800][gc,cpu        ] GC(108) User=0.06s Sys=0.07s Real=0.02s
[2023-11-28T23:32:56.125-0800][gc,start      ] GC(109) Pause Young (Normal) (G1 Evacuation Pause)
[2023-11-28T23:32:56.125-0800][gc,task       ] GC(109) Using 10 workers of 10 for evacuation
[2023-11-28T23:32:56.150-0800][gc,mmu        ] GC(109) MMU target violated: 21.0ms (20.0ms/21.0ms)
[2023-11-28T23:32:56.150-0800][gc,phases     ] GC(109)   Pre Evacuate Collection Set: 0.0ms
[2023-11-28T23:32:56.150-0800][gc,phases     ] GC(109)   Evacuate Collection Set: 23.9ms
[2023-11-28T23:32:56.150-0800][gc,phases     ] GC(109)   Post Evacuate Collection Set: 0.2ms
[2023-11-28T23:32:56.150-0800][gc,phases     ] GC(109)   Other: 1.0ms
[2023-11-28T23:32:56.150-0800][gc,heap       ] GC(109) Eden regions: 45->0(45)
[2023-11-28T23:32:56.150-0800][gc,heap       ] GC(109) Survivor regions: 6->6(7)
[2023-11-28T23:32:56.150-0800][gc,heap       ] GC(109) Old regions: 111->114
[2023-11-28T23:32:56.150-0800][gc,heap       ] GC(109) Humongous regions: 138->138
[2023-11-28T23:32:56.150-0800][gc,metaspace  ] GC(109) Metaspace: 49761K->49761K(1095680K)
[2023-11-28T23:32:56.150-0800][gc            ] GC(109) Pause Young (Normal) (G1 Evacuation Pause) 298M->257M(1024M) 25.162ms
[2023-11-28T23:32:56.150-0800][gc,cpu        ] GC(109) User=0.04s Sys=0.07s Real=0.03s
[2023-11-28T23:38:30.255-0800][gc,start      ] GC(110) Pause Young (Normal) (G1 Evacuation Pause)
[2023-11-28T23:38:30.255-0800][gc,task       ] GC(110) Using 10 workers of 10 for evacuation
[2023-11-28T23:38:30.299-0800][gc,mmu        ] GC(110) MMU target violated: 21.0ms (20.0ms/21.0ms)
[2023-11-28T23:38:30.299-0800][gc,phases     ] GC(110)   Pre Evacuate Collection Set: 0.1ms
[2023-11-28T23:38:30.299-0800][gc,phases     ] GC(110)   Evacuate Collection Set: 42.5ms
[2023-11-28T23:38:30.299-0800][gc,phases     ] GC(110)   Post Evacuate Collection Set: 0.3ms
[2023-11-28T23:38:30.299-0800][gc,phases     ] GC(110)   Other: 2.0ms
[2023-11-28T23:38:30.299-0800][gc,heap       ] GC(110) Eden regions: 45->0(45)
[2023-11-28T23:38:30.299-0800][gc,heap       ] GC(110) Survivor regions: 6->6(7)
[2023-11-28T23:38:30.299-0800][gc,heap       ] GC(110) Old regions: 114->118
[2023-11-28T23:38:30.300-0800][gc,heap       ] GC(110) Humongous regions: 138->138
[2023-11-28T23:38:30.300-0800][gc,metaspace  ] GC(110) Metaspace: 49761K->49761K(1095680K)
[2023-11-28T23:38:30.300-0800][gc            ] GC(110) Pause Young (Normal) (G1 Evacuation Pause) 302M->261M(1024M) 45.025ms
[2023-11-28T23:38:30.300-0800][gc,cpu        ] GC(110) User=0.06s Sys=0.10s Real=0.05s
[2023-11-28T23:44:05.847-0800][gc,start      ] GC(111) Pause Young (Normal) (G1 Evacuation Pause)
[2023-11-28T23:44:05.848-0800][gc,task       ] GC(111) Using 10 workers of 10 for evacuation
[2023-11-28T23:44:05.891-0800][gc,mmu        ] GC(111) MMU target violated: 21.0ms (20.0ms/21.0ms)
[2023-11-28T23:44:05.891-0800][gc,phases     ] GC(111)   Pre Evacuate Collection Set: 0.0ms
[2023-11-28T23:44:05.891-0800][gc,phases     ] GC(111)   Evacuate Collection Set: 42.0ms
[2023-11-28T23:44:05.891-0800][gc,phases     ] GC(111)   Post Evacuate Collection Set: 0.3ms
[2023-11-28T23:44:05.891-0800][gc,phases     ] GC(111)   Other: 1.9ms
[2023-11-28T23:44:05.891-0800][gc,heap       ] GC(111) Eden regions: 45->0(45)
[2023-11-28T23:44:05.891-0800][gc,heap       ] GC(111) Survivor regions: 6->6(7)
[2023-11-28T23:44:05.891-0800][gc,heap       ] GC(111) Old regions: 118->122
[2023-11-28T23:44:05.891-0800][gc,heap       ] GC(111) Humongous regions: 138->138
[2023-11-28T23:44:05.891-0800][gc,metaspace  ] GC(111) Metaspace: 49761K->49761K(1095680K)
[2023-11-28T23:44:05.891-0800][gc            ] GC(111) Pause Young (Normal) (G1 Evacuation Pause) 306M->264M(1024M) 44.299ms
[2023-11-28T23:44:05.891-0800][gc,cpu        ] GC(111) User=0.05s Sys=0.07s Real=0.05s
[2023-11-28T23:49:42.703-0800][gc,start      ] GC(112) Pause Young (Normal) (G1 Evacuation Pause)
[2023-11-28T23:49:42.703-0800][gc,task       ] GC(112) Using 10 workers of 10 for evacuation
[2023-11-28T23:49:42.728-0800][gc,mmu        ] GC(112) MMU target violated: 21.0ms (20.0ms/21.0ms)
[2023-11-28T23:49:42.728-0800][gc,phases     ] GC(112)   Pre Evacuate Collection Set: 0.0ms
[2023-11-28T23:49:42.728-0800][gc,phases     ] GC(112)   Evacuate Collection Set: 24.2ms
[2023-11-28T23:49:42.728-0800][gc,phases     ] GC(112)   Post Evacuate Collection Set: 0.2ms
[2023-11-28T23:49:42.728-0800][gc,phases     ] GC(112)   Other: 0.6ms
[2023-11-28T23:49:42.728-0800][gc,heap       ] GC(112) Eden regions: 45->0(45)
[2023-11-28T23:49:42.728-0800][gc,heap       ] GC(112) Survivor regions: 6->6(7)
[2023-11-28T23:49:42.728-0800][gc,heap       ] GC(112) Old regions: 122->125
[2023-11-28T23:49:42.728-0800][gc,heap       ] GC(112) Humongous regions: 138->138
[2023-11-28T23:49:42.728-0800][gc,metaspace  ] GC(112) Metaspace: 49761K->49761K(1095680K)
[2023-11-28T23:49:42.729-0800][gc            ] GC(112) Pause Young (Normal) (G1 Evacuation Pause) 309M->268M(1024M) 25.088ms
[2023-11-28T23:49:42.729-0800][gc,cpu        ] GC(112) User=0.04s Sys=0.06s Real=0.02s
[2023-11-28T23:55:16.938-0800][gc,start      ] GC(113) Pause Young (Normal) (G1 Evacuation Pause)
[2023-11-28T23:55:16.938-0800][gc,task       ] GC(113) Using 10 workers of 10 for evacuation
[2023-11-28T23:55:16.959-0800][gc,mmu        ] GC(113) MMU target violated: 20.6ms (20.0ms/21.0ms)
[2023-11-28T23:55:16.959-0800][gc,phases     ] GC(113)   Pre Evacuate Collection Set: 0.0ms
[2023-11-28T23:55:16.959-0800][gc,phases     ] GC(113)   Evacuate Collection Set: 19.0ms
[2023-11-28T23:55:16.959-0800][gc,phases     ] GC(113)   Post Evacuate Collection Set: 0.4ms
[2023-11-28T23:55:16.959-0800][gc,phases     ] GC(113)   Other: 2.1ms
[2023-11-28T23:55:16.959-0800][gc,heap       ] GC(113) Eden regions: 45->0(45)
[2023-11-28T23:55:16.959-0800][gc,heap       ] GC(113) Survivor regions: 6->6(7)
[2023-11-28T23:55:16.959-0800][gc,heap       ] GC(113) Old regions: 125->129
[2023-11-28T23:55:16.959-0800][gc,heap       ] GC(113) Humongous regions: 138->138
[2023-11-28T23:55:16.959-0800][gc,metaspace  ] GC(113) Metaspace: 49769K->49769K(1095680K)
[2023-11-28T23:55:16.959-0800][gc            ] GC(113) Pause Young (Normal) (G1 Evacuation Pause) 313M->271M(1024M) 21.681ms
[2023-11-28T23:55:16.959-0800][gc,cpu        ] GC(113) User=0.05s Sys=0.05s Real=0.02s
[2023-11-29T00:00:22.700-0800][gc,start      ] GC(114) Pause Young (Normal) (G1 Evacuation Pause)
[2023-11-29T00:00:22.701-0800][gc,task       ] GC(114) Using 10 workers of 10 for evacuation
[2023-11-29T00:00:22.731-0800][gc,mmu        ] GC(114) MMU target violated: 21.0ms (20.0ms/21.0ms)
[2023-11-29T00:00:22.731-0800][gc,phases     ] GC(114)   Pre Evacuate Collection Set: 1.0ms
[2023-11-29T00:00:22.731-0800][gc,phases     ] GC(114)   Evacuate Collection Set: 27.3ms
[2023-11-29T00:00:22.731-0800][gc,phases     ] GC(114)   Post Evacuate Collection Set: 1.1ms
[2023-11-29T00:00:22.731-0800][gc,phases     ] GC(114)   Other: 1.5ms
[2023-11-29T00:00:22.731-0800][gc,heap       ] GC(114) Eden regions: 45->0(46)
[2023-11-29T00:00:22.731-0800][gc,heap       ] GC(114) Survivor regions: 6->5(7)
[2023-11-29T00:00:22.731-0800][gc,heap       ] GC(114) Old regions: 129->132
[2023-11-29T00:00:22.731-0800][gc,heap       ] GC(114) Humongous regions: 138->138
[2023-11-29T00:00:22.731-0800][gc,metaspace  ] GC(114) Metaspace: 49769K->49769K(1095680K)
[2023-11-29T00:00:22.731-0800][gc            ] GC(114) Pause Young (Normal) (G1 Evacuation Pause) 316M->274M(1024M) 30.798ms
[2023-11-29T00:00:22.731-0800][gc,cpu        ] GC(114) User=0.05s Sys=0.12s Real=0.03s
[2023-11-29T00:06:04.522-0800][gc,start      ] GC(115) Pause Young (Normal) (G1 Evacuation Pause)
[2023-11-29T00:06:04.523-0800][gc,task       ] GC(115) Using 10 workers of 10 for evacuation
[2023-11-29T00:06:04.536-0800][gc,phases     ] GC(115)   Pre Evacuate Collection Set: 0.0ms
[2023-11-29T00:06:04.536-0800][gc,phases     ] GC(115)   Evacuate Collection Set: 12.6ms
[2023-11-29T00:06:04.536-0800][gc,phases     ] GC(115)   Post Evacuate Collection Set: 0.2ms
[2023-11-29T00:06:04.536-0800][gc,phases     ] GC(115)   Other: 1.8ms
[2023-11-29T00:06:04.537-0800][gc,heap       ] GC(115) Eden regions: 46->0(47)
[2023-11-29T00:06:04.537-0800][gc,heap       ] GC(115) Survivor regions: 5->4(7)
[2023-11-29T00:06:04.537-0800][gc,heap       ] GC(115) Old regions: 132->134
[2023-11-29T00:06:04.537-0800][gc,heap       ] GC(115) Humongous regions: 138->138
[2023-11-29T00:06:04.537-0800][gc,metaspace  ] GC(115) Metaspace: 49769K->49769K(1095680K)
[2023-11-29T00:06:04.537-0800][gc            ] GC(115) Pause Young (Normal) (G1 Evacuation Pause) 320M->275M(1024M) 14.848ms
[2023-11-29T00:06:04.537-0800][gc,cpu        ] GC(115) User=0.03s Sys=0.03s Real=0.01s
[2023-11-29T00:11:50.562-0800][gc,start      ] GC(116) Pause Young (Normal) (G1 Evacuation Pause)
[2023-11-29T00:11:50.563-0800][gc,task       ] GC(116) Using 10 workers of 10 for evacuation
[2023-11-29T00:11:50.607-0800][gc,mmu        ] GC(116) MMU target violated: 21.0ms (20.0ms/21.0ms)
[2023-11-29T00:11:50.607-0800][gc,phases     ] GC(116)   Pre Evacuate Collection Set: 2.6ms
[2023-11-29T00:11:50.607-0800][gc,phases     ] GC(116)   Evacuate Collection Set: 39.4ms
[2023-11-29T00:11:50.607-0800][gc,phases     ] GC(116)   Post Evacuate Collection Set: 0.9ms
[2023-11-29T00:11:50.607-0800][gc,phases     ] GC(116)   Other: 2.4ms
[2023-11-29T00:11:50.607-0800][gc,heap       ] GC(116) Eden regions: 47->0(44)
[2023-11-29T00:11:50.607-0800][gc,heap       ] GC(116) Survivor regions: 4->7(7)
[2023-11-29T00:11:50.607-0800][gc,heap       ] GC(116) Old regions: 134->134
[2023-11-29T00:11:50.607-0800][gc,heap       ] GC(116) Humongous regions: 138->138
[2023-11-29T00:11:50.607-0800][gc,metaspace  ] GC(116) Metaspace: 49769K->49769K(1095680K)
[2023-11-29T00:11:50.607-0800][gc            ] GC(116) Pause Young (Normal) (G1 Evacuation Pause) 322M->278M(1024M) 45.302ms
[2023-11-29T00:11:50.607-0800][gc,cpu        ] GC(116) User=0.07s Sys=0.12s Real=0.04s
[2023-11-29T03:16:46.428-0800][gc,start      ] GC(117) Pause Young (Normal) (G1 Evacuation Pause)
[2023-11-29T03:16:46.428-0800][gc,task       ] GC(117) Using 10 workers of 10 for evacuation
[2023-11-29T03:16:46.478-0800][gc,mmu        ] GC(117) MMU target violated: 21.0ms (20.0ms/21.0ms)
[2023-11-29T03:16:46.478-0800][gc,phases     ] GC(117)   Pre Evacuate Collection Set: 0.6ms
[2023-11-29T03:16:46.478-0800][gc,phases     ] GC(117)   Evacuate Collection Set: 47.7ms
[2023-11-29T03:16:46.478-0800][gc,phases     ] GC(117)   Post Evacuate Collection Set: 0.5ms
[2023-11-29T03:16:46.478-0800][gc,phases     ] GC(117)   Other: 1.5ms
[2023-11-29T03:16:46.478-0800][gc,heap       ] GC(117) Eden regions: 44->0(45)
[2023-11-29T03:16:46.478-0800][gc,heap       ] GC(117) Survivor regions: 7->6(7)
[2023-11-29T03:16:46.478-0800][gc,heap       ] GC(117) Old regions: 134->139
[2023-11-29T03:16:46.478-0800][gc,heap       ] GC(117) Humongous regions: 138->138
[2023-11-29T03:16:46.478-0800][gc,metaspace  ] GC(117) Metaspace: 49866K->49866K(1095680K)
[2023-11-29T03:16:46.478-0800][gc            ] GC(117) Pause Young (Normal) (G1 Evacuation Pause) 322M->281M(1024M) 50.686ms
[2023-11-29T03:16:46.479-0800][gc,cpu        ] GC(117) User=0.05s Sys=0.19s Real=0.05s
[2023-11-29T08:05:37.804-0800][gc,start      ] GC(118) Pause Young (Normal) (G1 Evacuation Pause)
[2023-11-29T08:05:37.805-0800][gc,task       ] GC(118) Using 10 workers of 10 for evacuation
[2023-11-29T08:05:37.849-0800][gc,mmu        ] GC(118) MMU target violated: 21.0ms (20.0ms/21.0ms)
[2023-11-29T08:05:37.849-0800][gc,phases     ] GC(118)   Pre Evacuate Collection Set: 2.1ms
[2023-11-29T08:05:37.849-0800][gc,phases     ] GC(118)   Evacuate Collection Set: 37.0ms
[2023-11-29T08:05:37.849-0800][gc,phases     ] GC(118)   Post Evacuate Collection Set: 1.1ms
[2023-11-29T08:05:37.849-0800][gc,phases     ] GC(118)   Other: 4.9ms
[2023-11-29T08:05:37.850-0800][gc,heap       ] GC(118) Eden regions: 45->0(47)
[2023-11-29T08:05:37.850-0800][gc,heap       ] GC(118) Survivor regions: 6->4(7)
[2023-11-29T08:05:37.850-0800][gc,heap       ] GC(118) Old regions: 139->143
[2023-11-29T08:05:37.850-0800][gc,heap       ] GC(118) Humongous regions: 138->138
[2023-11-29T08:05:37.850-0800][gc,metaspace  ] GC(118) Metaspace: 49991K->49991K(1095680K)
[2023-11-29T08:05:37.850-0800][gc            ] GC(118) Pause Young (Normal) (G1 Evacuation Pause) 326M->284M(1024M) 46.843ms
[2023-11-29T08:05:37.851-0800][gc,cpu        ] GC(118) User=0.05s Sys=0.12s Real=0.05s
[2023-11-29T08:13:20.526-0800][gc,start      ] GC(119) Pause Young (Normal) (G1 Evacuation Pause)
[2023-11-29T08:13:20.527-0800][gc,task       ] GC(119) Using 10 workers of 10 for evacuation
[2023-11-29T08:13:20.539-0800][gc,phases     ] GC(119)   Pre Evacuate Collection Set: 0.0ms
[2023-11-29T08:13:20.539-0800][gc,phases     ] GC(119)   Evacuate Collection Set: 11.6ms
[2023-11-29T08:13:20.539-0800][gc,phases     ] GC(119)   Post Evacuate Collection Set: 0.3ms
[2023-11-29T08:13:20.539-0800][gc,phases     ] GC(119)   Other: 1.2ms
[2023-11-29T08:13:20.539-0800][gc,heap       ] GC(119) Eden regions: 47->0(44)
[2023-11-29T08:13:20.539-0800][gc,heap       ] GC(119) Survivor regions: 4->7(7)
[2023-11-29T08:13:20.539-0800][gc,heap       ] GC(119) Old regions: 143->143
[2023-11-29T08:13:20.539-0800][gc,heap       ] GC(119) Humongous regions: 138->138
[2023-11-29T08:13:20.539-0800][gc,metaspace  ] GC(119) Metaspace: 49991K->49991K(1095680K)
[2023-11-29T08:13:20.539-0800][gc            ] GC(119) Pause Young (Normal) (G1 Evacuation Pause) 331M->287M(1024M) 13.340ms
[2023-11-29T08:13:20.540-0800][gc,cpu        ] GC(119) User=0.04s Sys=0.04s Real=0.02s
[2023-11-29T08:18:44.493-0800][gc,start      ] GC(120) Pause Young (Normal) (G1 Evacuation Pause)
[2023-11-29T08:18:44.494-0800][gc,task       ] GC(120) Using 10 workers of 10 for evacuation
[2023-11-29T08:18:44.526-0800][gc,mmu        ] GC(120) MMU target violated: 21.0ms (20.0ms/21.0ms)
[2023-11-29T08:18:44.526-0800][gc,phases     ] GC(120)   Pre Evacuate Collection Set: 1.3ms
[2023-11-29T08:18:44.526-0800][gc,phases     ] GC(120)   Evacuate Collection Set: 29.7ms
[2023-11-29T08:18:44.526-0800][gc,phases     ] GC(120)   Post Evacuate Collection Set: 0.6ms
[2023-11-29T08:18:44.526-0800][gc,phases     ] GC(120)   Other: 1.5ms
[2023-11-29T08:18:44.526-0800][gc,heap       ] GC(120) Eden regions: 44->0(46)
[2023-11-29T08:18:44.526-0800][gc,heap       ] GC(120) Survivor regions: 7->5(7)
[2023-11-29T08:18:44.526-0800][gc,heap       ] GC(120) Old regions: 143->150
[2023-11-29T08:18:44.526-0800][gc,heap       ] GC(120) Humongous regions: 138->138
[2023-11-29T08:18:44.526-0800][gc,metaspace  ] GC(120) Metaspace: 49991K->49991K(1095680K)
[2023-11-29T08:18:44.526-0800][gc            ] GC(120) Pause Young (Normal) (G1 Evacuation Pause) 331M->291M(1024M) 33.123ms
[2023-11-29T08:18:44.526-0800][gc,cpu        ] GC(120) User=0.06s Sys=0.11s Real=0.03s
[2023-11-29T08:24:20.980-0800][gc,start      ] GC(121) Pause Young (Normal) (G1 Evacuation Pause)
[2023-11-29T08:24:20.995-0800][gc,task       ] GC(121) Using 10 workers of 10 for evacuation
[2023-11-29T08:24:21.018-0800][gc,mmu        ] GC(121) MMU target violated: 21.0ms (20.0ms/21.0ms)
[2023-11-29T08:24:21.018-0800][gc,phases     ] GC(121)   Pre Evacuate Collection Set: 0.1ms
[2023-11-29T08:24:21.018-0800][gc,phases     ] GC(121)   Evacuate Collection Set: 22.6ms
[2023-11-29T08:24:21.018-0800][gc,phases     ] GC(121)   Post Evacuate Collection Set: 0.3ms
[2023-11-29T08:24:21.018-0800][gc,phases     ] GC(121)   Other: 15.7ms
[2023-11-29T08:24:21.018-0800][gc,heap       ] GC(121) Eden regions: 46->0(46)
[2023-11-29T08:24:21.018-0800][gc,heap       ] GC(121) Survivor regions: 5->5(7)
[2023-11-29T08:24:21.018-0800][gc,heap       ] GC(121) Old regions: 150->153
[2023-11-29T08:24:21.018-0800][gc,heap       ] GC(121) Humongous regions: 138->138
[2023-11-29T08:24:21.018-0800][gc,metaspace  ] GC(121) Metaspace: 50002K->50002K(1095680K)
[2023-11-29T08:24:21.019-0800][gc            ] GC(121) Pause Young (Normal) (G1 Evacuation Pause) 337M->295M(1024M) 38.828ms
[2023-11-29T08:24:21.019-0800][gc,cpu        ] GC(121) User=0.05s Sys=0.07s Real=0.03s
[2023-11-29T08:29:37.639-0800][gc,start      ] GC(122) Pause Young (Normal) (G1 Evacuation Pause)
[2023-11-29T08:29:37.640-0800][gc,task       ] GC(122) Using 10 workers of 10 for evacuation
[2023-11-29T08:29:37.659-0800][gc,phases     ] GC(122)   Pre Evacuate Collection Set: 0.8ms
[2023-11-29T08:29:37.659-0800][gc,phases     ] GC(122)   Evacuate Collection Set: 17.5ms
[2023-11-29T08:29:37.659-0800][gc,phases     ] GC(122)   Post Evacuate Collection Set: 0.5ms
[2023-11-29T08:29:37.659-0800][gc,phases     ] GC(122)   Other: 1.4ms
[2023-11-29T08:29:37.659-0800][gc,heap       ] GC(122) Eden regions: 46->0(47)
[2023-11-29T08:29:37.659-0800][gc,heap       ] GC(122) Survivor regions: 5->4(7)
[2023-11-29T08:29:37.659-0800][gc,heap       ] GC(122) Old regions: 153->157
[2023-11-29T08:29:37.659-0800][gc,heap       ] GC(122) Humongous regions: 138->138
[2023-11-29T08:29:37.659-0800][gc,metaspace  ] GC(122) Metaspace: 50245K->50245K(1095680K)
[2023-11-29T08:29:37.659-0800][gc            ] GC(122) Pause Young (Normal) (G1 Evacuation Pause) 341M->298M(1024M) 20.394ms
[2023-11-29T08:29:37.659-0800][gc,cpu        ] GC(122) User=0.05s Sys=0.06s Real=0.02s
[2023-11-29T08:34:34.291-0800][gc,start      ] GC(123) Pause Young (Normal) (G1 Evacuation Pause)
[2023-11-29T08:34:34.298-0800][gc,task       ] GC(123) Using 10 workers of 10 for evacuation
[2023-11-29T08:34:34.319-0800][gc,phases     ] GC(123)   Pre Evacuate Collection Set: 0.2ms
[2023-11-29T08:34:34.319-0800][gc,phases     ] GC(123)   Evacuate Collection Set: 18.9ms
[2023-11-29T08:34:34.319-0800][gc,phases     ] GC(123)   Post Evacuate Collection Set: 0.4ms
[2023-11-29T08:34:34.319-0800][gc,phases     ] GC(123)   Other: 7.8ms
[2023-11-29T08:34:34.319-0800][gc,heap       ] GC(123) Eden regions: 47->0(44)
[2023-11-29T08:34:34.320-0800][gc,heap       ] GC(123) Survivor regions: 4->7(7)
[2023-11-29T08:34:34.320-0800][gc,heap       ] GC(123) Old regions: 157->157
[2023-11-29T08:34:34.320-0800][gc,heap       ] GC(123) Humongous regions: 138->138
[2023-11-29T08:34:34.320-0800][gc,metaspace  ] GC(123) Metaspace: 50309K->50309K(1095680K)
[2023-11-29T08:34:34.320-0800][gc            ] GC(123) Pause Young (Normal) (G1 Evacuation Pause) 345M->302M(1024M) 28.474ms
[2023-11-29T08:34:34.320-0800][gc,cpu        ] GC(123) User=0.06s Sys=0.06s Real=0.03s
[2023-11-29T08:38:49.835-0800][gc,start      ] GC(124) Pause Young (Normal) (G1 Evacuation Pause)
[2023-11-29T08:38:49.835-0800][gc,task       ] GC(124) Using 10 workers of 10 for evacuation
[2023-11-29T08:38:49.894-0800][gc,mmu        ] GC(124) MMU target violated: 21.0ms (20.0ms/21.0ms)
[2023-11-29T08:38:49.894-0800][gc,phases     ] GC(124)   Pre Evacuate Collection Set: 0.0ms
[2023-11-29T08:38:49.894-0800][gc,phases     ] GC(124)   Evacuate Collection Set: 57.5ms
[2023-11-29T08:38:49.894-0800][gc,phases     ] GC(124)   Post Evacuate Collection Set: 0.3ms
[2023-11-29T08:38:49.894-0800][gc,phases     ] GC(124)   Other: 1.4ms
[2023-11-29T08:38:49.894-0800][gc,heap       ] GC(124) Eden regions: 44->0(46)
[2023-11-29T08:38:49.894-0800][gc,heap       ] GC(124) Survivor regions: 7->5(7)
[2023-11-29T08:38:49.894-0800][gc,heap       ] GC(124) Old regions: 157->164
[2023-11-29T08:38:49.894-0800][gc,heap       ] GC(124) Humongous regions: 138->138
[2023-11-29T08:38:49.894-0800][gc,metaspace  ] GC(124) Metaspace: 50309K->50309K(1095680K)
[2023-11-29T08:38:49.894-0800][gc            ] GC(124) Pause Young (Normal) (G1 Evacuation Pause) 346M->305M(1024M) 59.300ms
[2023-11-29T08:38:49.894-0800][gc,cpu        ] GC(124) User=0.05s Sys=0.10s Real=0.06s
[2023-11-29T08:42:55.363-0800][gc,start      ] GC(125) Pause Young (Normal) (G1 Evacuation Pause)
[2023-11-29T08:42:55.364-0800][gc,task       ] GC(125) Using 10 workers of 10 for evacuation
[2023-11-29T08:42:55.392-0800][gc,mmu        ] GC(125) MMU target violated: 21.0ms (20.0ms/21.0ms)
[2023-11-29T08:42:55.392-0800][gc,phases     ] GC(125)   Pre Evacuate Collection Set: 0.1ms
[2023-11-29T08:42:55.392-0800][gc,phases     ] GC(125)   Evacuate Collection Set: 27.2ms
[2023-11-29T08:42:55.392-0800][gc,phases     ] GC(125)   Post Evacuate Collection Set: 0.5ms
[2023-11-29T08:42:55.392-0800][gc,phases     ] GC(125)   Other: 1.6ms
[2023-11-29T08:42:55.392-0800][gc,heap       ] GC(125) Eden regions: 46->0(46)
[2023-11-29T08:42:55.392-0800][gc,heap       ] GC(125) Survivor regions: 5->5(7)
[2023-11-29T08:42:55.392-0800][gc,heap       ] GC(125) Old regions: 164->168
[2023-11-29T08:42:55.392-0800][gc,heap       ] GC(125) Humongous regions: 138->138
[2023-11-29T08:42:55.392-0800][gc,metaspace  ] GC(125) Metaspace: 50309K->50309K(1095680K)
[2023-11-29T08:42:55.392-0800][gc            ] GC(125) Pause Young (Normal) (G1 Evacuation Pause) 351M->310M(1024M) 29.519ms
[2023-11-29T08:42:55.392-0800][gc,cpu        ] GC(125) User=0.05s Sys=0.09s Real=0.03s
[2023-11-29T08:47:20.470-0800][gc,start      ] GC(126) Pause Young (Normal) (G1 Evacuation Pause)
[2023-11-29T08:47:20.471-0800][gc,task       ] GC(126) Using 10 workers of 10 for evacuation
[2023-11-29T08:47:20.492-0800][gc,mmu        ] GC(126) MMU target violated: 20.3ms (20.0ms/21.0ms)
[2023-11-29T08:47:20.492-0800][gc,phases     ] GC(126)   Pre Evacuate Collection Set: 0.0ms
[2023-11-29T08:47:20.492-0800][gc,phases     ] GC(126)   Evacuate Collection Set: 19.5ms
[2023-11-29T08:47:20.492-0800][gc,phases     ] GC(126)   Post Evacuate Collection Set: 0.2ms
[2023-11-29T08:47:20.492-0800][gc,phases     ] GC(126)   Other: 2.3ms
[2023-11-29T08:47:20.492-0800][gc,heap       ] GC(126) Eden regions: 46->0(48)
[2023-11-29T08:47:20.492-0800][gc,heap       ] GC(126) Survivor regions: 5->3(7)
[2023-11-29T08:47:20.492-0800][gc,heap       ] GC(126) Old regions: 168->171
[2023-11-29T08:47:20.492-0800][gc,heap       ] GC(126) Humongous regions: 138->138
[2023-11-29T08:47:20.492-0800][gc,metaspace  ] GC(126) Metaspace: 50309K->50309K(1095680K)
[2023-11-29T08:47:20.492-0800][gc            ] GC(126) Pause Young (Normal) (G1 Evacuation Pause) 356M->310M(1024M) 22.113ms
[2023-11-29T08:47:20.492-0800][gc,cpu        ] GC(126) User=0.03s Sys=0.04s Real=0.02s
[2023-11-29T08:51:56.961-0800][gc,start      ] GC(127) Pause Young (Normal) (G1 Evacuation Pause)
[2023-11-29T08:51:56.962-0800][gc,task       ] GC(127) Using 10 workers of 10 for evacuation
[2023-11-29T08:51:56.969-0800][gc,phases     ] GC(127)   Pre Evacuate Collection Set: 0.1ms
[2023-11-29T08:51:56.969-0800][gc,phases     ] GC(127)   Evacuate Collection Set: 6.0ms
[2023-11-29T08:51:56.969-0800][gc,phases     ] GC(127)   Post Evacuate Collection Set: 0.4ms
[2023-11-29T08:51:56.969-0800][gc,phases     ] GC(127)   Other: 1.0ms
[2023-11-29T08:51:56.969-0800][gc,heap       ] GC(127) Eden regions: 48->0(45)
[2023-11-29T08:51:56.969-0800][gc,heap       ] GC(127) Survivor regions: 3->6(7)
[2023-11-29T08:51:56.969-0800][gc,heap       ] GC(127) Old regions: 171->171
[2023-11-29T08:51:56.969-0800][gc,heap       ] GC(127) Humongous regions: 138->138
[2023-11-29T08:51:56.969-0800][gc,metaspace  ] GC(127) Metaspace: 50311K->50311K(1095680K)
[2023-11-29T08:51:56.969-0800][gc            ] GC(127) Pause Young (Normal) (G1 Evacuation Pause) 358M->314M(1024M) 7.636ms
[2023-11-29T08:51:56.969-0800][gc,cpu        ] GC(127) User=0.03s Sys=0.01s Real=0.00s
[2023-11-29T08:56:15.289-0800][gc,start      ] GC(128) Pause Young (Normal) (G1 Evacuation Pause)
[2023-11-29T08:56:15.304-0800][gc,task       ] GC(128) Using 10 workers of 10 for evacuation
[2023-11-29T08:56:15.336-0800][gc,mmu        ] GC(128) MMU target violated: 21.0ms (20.0ms/21.0ms)
[2023-11-29T08:56:15.336-0800][gc,phases     ] GC(128)   Pre Evacuate Collection Set: 0.0ms
[2023-11-29T08:56:15.336-0800][gc,phases     ] GC(128)   Evacuate Collection Set: 31.8ms
[2023-11-29T08:56:15.336-0800][gc,phases     ] GC(128)   Post Evacuate Collection Set: 0.3ms
[2023-11-29T08:56:15.336-0800][gc,phases     ] GC(128)   Other: 14.6ms
[2023-11-29T08:56:15.336-0800][gc,heap       ] GC(128) Eden regions: 45->0(46)
[2023-11-29T08:56:15.336-0800][gc,heap       ] GC(128) Survivor regions: 6->5(7)
[2023-11-29T08:56:15.336-0800][gc,heap       ] GC(128) Old regions: 171->176
[2023-11-29T08:56:15.336-0800][gc,heap       ] GC(128) Humongous regions: 138->138
[2023-11-29T08:56:15.336-0800][gc,metaspace  ] GC(128) Metaspace: 50311K->50311K(1095680K)
[2023-11-29T08:56:15.336-0800][gc            ] GC(128) Pause Young (Normal) (G1 Evacuation Pause) 359M->318M(1024M) 46.878ms
[2023-11-29T08:56:15.336-0800][gc,cpu        ] GC(128) User=0.04s Sys=0.09s Real=0.05s
[2023-11-29T09:00:42.941-0800][gc,start      ] GC(129) Pause Young (Normal) (G1 Evacuation Pause)
[2023-11-29T09:00:42.943-0800][gc,task       ] GC(129) Using 10 workers of 10 for evacuation
[2023-11-29T09:00:42.991-0800][gc,mmu        ] GC(129) MMU target violated: 21.0ms (20.0ms/21.0ms)
[2023-11-29T09:00:42.991-0800][gc,phases     ] GC(129)   Pre Evacuate Collection Set: 0.0ms
[2023-11-29T09:00:42.991-0800][gc,phases     ] GC(129)   Evacuate Collection Set: 46.9ms
[2023-11-29T09:00:42.991-0800][gc,phases     ] GC(129)   Post Evacuate Collection Set: 0.2ms
[2023-11-29T09:00:42.991-0800][gc,phases     ] GC(129)   Other: 2.2ms
[2023-11-29T09:00:42.991-0800][gc,heap       ] GC(129) Eden regions: 46->0(45)
[2023-11-29T09:00:42.991-0800][gc,heap       ] GC(129) Survivor regions: 5->6(7)
[2023-11-29T09:00:42.991-0800][gc,heap       ] GC(129) Old regions: 176->180
[2023-11-29T09:00:42.991-0800][gc,heap       ] GC(129) Humongous regions: 138->138
[2023-11-29T09:00:42.991-0800][gc,metaspace  ] GC(129) Metaspace: 50312K->50312K(1095680K)
[2023-11-29T09:00:42.991-0800][gc            ] GC(129) Pause Young (Normal) (G1 Evacuation Pause) 364M->322M(1024M) 49.339ms
[2023-11-29T09:00:42.991-0800][gc,cpu        ] GC(129) User=0.04s Sys=0.07s Real=0.05s
[2023-11-29T09:05:04.802-0800][gc,start      ] GC(130) Pause Young (Normal) (G1 Evacuation Pause)
[2023-11-29T09:05:04.802-0800][gc,task       ] GC(130) Using 10 workers of 10 for evacuation
[2023-11-29T09:05:04.823-0800][gc,mmu        ] GC(130) MMU target violated: 20.5ms (20.0ms/21.0ms)
[2023-11-29T09:05:04.823-0800][gc,phases     ] GC(130)   Pre Evacuate Collection Set: 0.0ms
[2023-11-29T09:05:04.823-0800][gc,phases     ] GC(130)   Evacuate Collection Set: 19.8ms
[2023-11-29T09:05:04.823-0800][gc,phases     ] GC(130)   Post Evacuate Collection Set: 0.2ms
[2023-11-29T09:05:04.823-0800][gc,phases     ] GC(130)   Other: 1.3ms
[2023-11-29T09:05:04.823-0800][gc,heap       ] GC(130) Eden regions: 45->0(45)
[2023-11-29T09:05:04.823-0800][gc,heap       ] GC(130) Survivor regions: 6->6(7)
[2023-11-29T09:05:04.823-0800][gc,heap       ] GC(130) Old regions: 180->184
[2023-11-29T09:05:04.823-0800][gc,heap       ] GC(130) Humongous regions: 138->138
[2023-11-29T09:05:04.823-0800][gc,metaspace  ] GC(130) Metaspace: 50312K->50312K(1095680K)
[2023-11-29T09:05:04.823-0800][gc            ] GC(130) Pause Young (Normal) (G1 Evacuation Pause) 367M->326M(1024M) 21.382ms
[2023-11-29T09:05:04.823-0800][gc,cpu        ] GC(130) User=0.04s Sys=0.05s Real=0.02s
[2023-11-29T09:09:23.897-0800][gc,start      ] GC(131) Pause Young (Normal) (G1 Evacuation Pause)
[2023-11-29T09:09:23.898-0800][gc,task       ] GC(131) Using 10 workers of 10 for evacuation
[2023-11-29T09:09:23.939-0800][gc,mmu        ] GC(131) MMU target violated: 21.0ms (20.0ms/21.0ms)
[2023-11-29T09:09:23.939-0800][gc,phases     ] GC(131)   Pre Evacuate Collection Set: 0.0ms
[2023-11-29T09:09:23.939-0800][gc,phases     ] GC(131)   Evacuate Collection Set: 39.3ms
[2023-11-29T09:09:23.939-0800][gc,phases     ] GC(131)   Post Evacuate Collection Set: 0.4ms
[2023-11-29T09:09:23.939-0800][gc,phases     ] GC(131)   Other: 2.4ms
[2023-11-29T09:09:23.939-0800][gc,heap       ] GC(131) Eden regions: 45->0(45)
[2023-11-29T09:09:23.939-0800][gc,heap       ] GC(131) Survivor regions: 6->6(7)
[2023-11-29T09:09:23.939-0800][gc,heap       ] GC(131) Old regions: 184->187
[2023-11-29T09:09:23.939-0800][gc,heap       ] GC(131) Humongous regions: 138->138
[2023-11-29T09:09:23.940-0800][gc,metaspace  ] GC(131) Metaspace: 50312K->50312K(1095680K)
[2023-11-29T09:09:23.940-0800][gc            ] GC(131) Pause Young (Normal) (G1 Evacuation Pause) 371M->329M(1024M) 42.367ms
[2023-11-29T09:09:23.940-0800][gc,cpu        ] GC(131) User=0.06s Sys=0.09s Real=0.05s
[2023-11-29T09:13:43.511-0800][gc,start      ] GC(132) Pause Young (Normal) (G1 Evacuation Pause)
[2023-11-29T09:13:43.512-0800][gc,task       ] GC(132) Using 10 workers of 10 for evacuation
[2023-11-29T09:13:43.576-0800][gc,mmu        ] GC(132) MMU target violated: 21.0ms (20.0ms/21.0ms)
[2023-11-29T09:13:43.576-0800][gc,phases     ] GC(132)   Pre Evacuate Collection Set: 0.1ms
[2023-11-29T09:13:43.576-0800][gc,phases     ] GC(132)   Evacuate Collection Set: 62.8ms
[2023-11-29T09:13:43.576-0800][gc,phases     ] GC(132)   Post Evacuate Collection Set: 0.3ms
[2023-11-29T09:13:43.576-0800][gc,phases     ] GC(132)   Other: 2.0ms
[2023-11-29T09:13:43.576-0800][gc,heap       ] GC(132) Eden regions: 45->0(45)
[2023-11-29T09:13:43.576-0800][gc,heap       ] GC(132) Survivor regions: 6->6(7)
[2023-11-29T09:13:43.576-0800][gc,heap       ] GC(132) Old regions: 187->191
[2023-11-29T09:13:43.576-0800][gc,heap       ] GC(132) Humongous regions: 138->138
[2023-11-29T09:13:43.577-0800][gc,metaspace  ] GC(132) Metaspace: 50312K->50312K(1095680K)
[2023-11-29T09:13:43.577-0800][gc            ] GC(132) Pause Young (Normal) (G1 Evacuation Pause) 374M->333M(1024M) 65.213ms
[2023-11-29T09:13:43.577-0800][gc,cpu        ] GC(132) User=0.06s Sys=0.09s Real=0.06s
[2023-11-29T09:18:03.447-0800][gc,start      ] GC(133) Pause Young (Normal) (G1 Evacuation Pause)
[2023-11-29T09:18:03.448-0800][gc,task       ] GC(133) Using 10 workers of 10 for evacuation
[2023-11-29T09:18:03.470-0800][gc,mmu        ] GC(133) MMU target violated: 21.0ms (20.0ms/21.0ms)
[2023-11-29T09:18:03.470-0800][gc,phases     ] GC(133)   Pre Evacuate Collection Set: 0.0ms
[2023-11-29T09:18:03.470-0800][gc,phases     ] GC(133)   Evacuate Collection Set: 21.0ms
[2023-11-29T09:18:03.470-0800][gc,phases     ] GC(133)   Post Evacuate Collection Set: 0.2ms
[2023-11-29T09:18:03.470-0800][gc,phases     ] GC(133)   Other: 1.4ms
[2023-11-29T09:18:03.470-0800][gc,heap       ] GC(133) Eden regions: 45->0(45)
[2023-11-29T09:18:03.470-0800][gc,heap       ] GC(133) Survivor regions: 6->6(7)
[2023-11-29T09:18:03.470-0800][gc,heap       ] GC(133) Old regions: 191->194
[2023-11-29T09:18:03.470-0800][gc,heap       ] GC(133) Humongous regions: 138->138
[2023-11-29T09:18:03.470-0800][gc,metaspace  ] GC(133) Metaspace: 50312K->50312K(1095680K)
[2023-11-29T09:18:03.470-0800][gc            ] GC(133) Pause Young (Normal) (G1 Evacuation Pause) 378M->337M(1024M) 22.710ms
[2023-11-29T09:18:03.470-0800][gc,cpu        ] GC(133) User=0.05s Sys=0.06s Real=0.03s
[2023-11-29T09:22:21.731-0800][gc,start      ] GC(134) Pause Young (Normal) (G1 Evacuation Pause)
[2023-11-29T09:22:21.732-0800][gc,task       ] GC(134) Using 10 workers of 10 for evacuation
[2023-11-29T09:22:21.773-0800][gc,mmu        ] GC(134) MMU target violated: 21.0ms (20.0ms/21.0ms)
[2023-11-29T09:22:21.773-0800][gc,phases     ] GC(134)   Pre Evacuate Collection Set: 0.1ms
[2023-11-29T09:22:21.773-0800][gc,phases     ] GC(134)   Evacuate Collection Set: 40.6ms
[2023-11-29T09:22:21.773-0800][gc,phases     ] GC(134)   Post Evacuate Collection Set: 0.3ms
[2023-11-29T09:22:21.773-0800][gc,phases     ] GC(134)   Other: 1.3ms
[2023-11-29T09:22:21.773-0800][gc,heap       ] GC(134) Eden regions: 45->0(45)
[2023-11-29T09:22:21.773-0800][gc,heap       ] GC(134) Survivor regions: 6->6(7)
[2023-11-29T09:22:21.773-0800][gc,heap       ] GC(134) Old regions: 194->198
[2023-11-29T09:22:21.773-0800][gc,heap       ] GC(134) Humongous regions: 138->138
[2023-11-29T09:22:21.773-0800][gc,metaspace  ] GC(134) Metaspace: 50321K->50321K(1095680K)
[2023-11-29T09:22:21.773-0800][gc            ] GC(134) Pause Young (Normal) (G1 Evacuation Pause) 382M->341M(1024M) 42.329ms
[2023-11-29T09:22:21.773-0800][gc,cpu        ] GC(134) User=0.06s Sys=0.09s Real=0.04s
[2023-11-29T09:26:40.547-0800][gc,start      ] GC(135) Pause Young (Normal) (G1 Evacuation Pause)
[2023-11-29T09:26:40.549-0800][gc,task       ] GC(135) Using 10 workers of 10 for evacuation
[2023-11-29T09:26:40.573-0800][gc,mmu        ] GC(135) MMU target violated: 21.0ms (20.0ms/21.0ms)
[2023-11-29T09:26:40.573-0800][gc,phases     ] GC(135)   Pre Evacuate Collection Set: 0.0ms
[2023-11-29T09:26:40.573-0800][gc,phases     ] GC(135)   Evacuate Collection Set: 23.1ms
[2023-11-29T09:26:40.573-0800][gc,phases     ] GC(135)   Post Evacuate Collection Set: 0.6ms
[2023-11-29T09:26:40.573-0800][gc,phases     ] GC(135)   Other: 2.0ms
[2023-11-29T09:26:40.573-0800][gc,heap       ] GC(135) Eden regions: 45->0(47)
[2023-11-29T09:26:40.573-0800][gc,heap       ] GC(135) Survivor regions: 6->4(7)
[2023-11-29T09:26:40.573-0800][gc,heap       ] GC(135) Old regions: 198->202
[2023-11-29T09:26:40.573-0800][gc,heap       ] GC(135) Humongous regions: 138->138
[2023-11-29T09:26:40.573-0800][gc,metaspace  ] GC(135) Metaspace: 50321K->50321K(1095680K)
[2023-11-29T09:26:40.573-0800][gc            ] GC(135) Pause Young (Normal) (G1 Evacuation Pause) 386M->343M(1024M) 25.861ms
[2023-11-29T09:26:40.573-0800][gc,cpu        ] GC(135) User=0.03s Sys=0.06s Real=0.03s
[2023-11-29T09:31:11.986-0800][gc,start      ] GC(136) Pause Young (Normal) (G1 Evacuation Pause)
[2023-11-29T09:31:11.988-0800][gc,task       ] GC(136) Using 10 workers of 10 for evacuation
[2023-11-29T09:31:12.005-0800][gc,phases     ] GC(136)   Pre Evacuate Collection Set: 0.0ms
[2023-11-29T09:31:12.005-0800][gc,phases     ] GC(136)   Evacuate Collection Set: 16.1ms
[2023-11-29T09:31:12.005-0800][gc,phases     ] GC(136)   Post Evacuate Collection Set: 0.3ms
[2023-11-29T09:31:12.005-0800][gc,phases     ] GC(136)   Other: 3.1ms
[2023-11-29T09:31:12.005-0800][gc,heap       ] GC(136) Eden regions: 47->0(44)
[2023-11-29T09:31:12.005-0800][gc,heap       ] GC(136) Survivor regions: 4->7(7)
[2023-11-29T09:31:12.005-0800][gc,heap       ] GC(136) Old regions: 202->203
[2023-11-29T09:31:12.005-0800][gc,heap       ] GC(136) Humongous regions: 138->138
[2023-11-29T09:31:12.005-0800][gc,metaspace  ] GC(136) Metaspace: 50323K->50323K(1095680K)
[2023-11-29T09:31:12.005-0800][gc            ] GC(136) Pause Young (Normal) (G1 Evacuation Pause) 390M->347M(1024M) 19.650ms
[2023-11-29T09:31:12.005-0800][gc,cpu        ] GC(136) User=0.05s Sys=0.05s Real=0.02s
[2023-11-29T09:35:24.442-0800][gc,start      ] GC(137) Pause Young (Normal) (G1 Evacuation Pause)
[2023-11-29T09:35:24.443-0800][gc,task       ] GC(137) Using 10 workers of 10 for evacuation
[2023-11-29T09:35:24.483-0800][gc,mmu        ] GC(137) MMU target violated: 21.0ms (20.0ms/21.0ms)
[2023-11-29T09:35:24.483-0800][gc,phases     ] GC(137)   Pre Evacuate Collection Set: 0.0ms
[2023-11-29T09:35:24.483-0800][gc,phases     ] GC(137)   Evacuate Collection Set: 39.0ms
[2023-11-29T09:35:24.483-0800][gc,phases     ] GC(137)   Post Evacuate Collection Set: 0.2ms
[2023-11-29T09:35:24.483-0800][gc,phases     ] GC(137)   Other: 1.1ms
[2023-11-29T09:35:24.483-0800][gc,heap       ] GC(137) Eden regions: 44->0(46)
[2023-11-29T09:35:24.483-0800][gc,heap       ] GC(137) Survivor regions: 7->5(7)
[2023-11-29T09:35:24.483-0800][gc,heap       ] GC(137) Old regions: 203->209
[2023-11-29T09:35:24.483-0800][gc,heap       ] GC(137) Humongous regions: 138->138
[2023-11-29T09:35:24.483-0800][gc,metaspace  ] GC(137) Metaspace: 50323K->50323K(1095680K)
[2023-11-29T09:35:24.483-0800][gc            ] GC(137) Pause Young (Normal) (G1 Evacuation Pause) 391M->350M(1024M) 40.441ms
[2023-11-29T09:35:24.483-0800][gc,cpu        ] GC(137) User=0.05s Sys=0.09s Real=0.04s
[2023-11-29T09:39:48.511-0800][gc,start      ] GC(138) Pause Young (Normal) (G1 Evacuation Pause)
[2023-11-29T09:39:48.512-0800][gc,task       ] GC(138) Using 10 workers of 10 for evacuation
[2023-11-29T09:39:48.611-0800][gc,mmu        ] GC(138) MMU target violated: 21.0ms (20.0ms/21.0ms)
[2023-11-29T09:39:48.611-0800][gc,phases     ] GC(138)   Pre Evacuate Collection Set: 0.0ms
[2023-11-29T09:39:48.611-0800][gc,phases     ] GC(138)   Evacuate Collection Set: 97.8ms
[2023-11-29T09:39:48.611-0800][gc,phases     ] GC(138)   Post Evacuate Collection Set: 0.4ms
[2023-11-29T09:39:48.611-0800][gc,phases     ] GC(138)   Other: 1.1ms
[2023-11-29T09:39:48.611-0800][gc,heap       ] GC(138) Eden regions: 46->0(46)
[2023-11-29T09:39:48.611-0800][gc,heap       ] GC(138) Survivor regions: 5->5(7)
[2023-11-29T09:39:48.611-0800][gc,heap       ] GC(138) Old regions: 209->213
[2023-11-29T09:39:48.611-0800][gc,heap       ] GC(138) Humongous regions: 138->138
[2023-11-29T09:39:48.611-0800][gc,metaspace  ] GC(138) Metaspace: 50323K->50323K(1095680K)
[2023-11-29T09:39:48.611-0800][gc            ] GC(138) Pause Young (Normal) (G1 Evacuation Pause) 396M->355M(1024M) 99.463ms
[2023-11-29T09:39:48.611-0800][gc,cpu        ] GC(138) User=0.04s Sys=0.09s Real=0.10s
[2023-11-29T09:43:51.360-0800][gc,start      ] GC(139) Pause Young (Normal) (G1 Evacuation Pause)
[2023-11-29T09:43:51.360-0800][gc,task       ] GC(139) Using 10 workers of 10 for evacuation
[2023-11-29T09:43:51.384-0800][gc,mmu        ] GC(139) MMU target violated: 21.0ms (20.0ms/21.0ms)
[2023-11-29T09:43:51.384-0800][gc,phases     ] GC(139)   Pre Evacuate Collection Set: 0.1ms
[2023-11-29T09:43:51.385-0800][gc,phases     ] GC(139)   Evacuate Collection Set: 23.9ms
[2023-11-29T09:43:51.385-0800][gc,phases     ] GC(139)   Post Evacuate Collection Set: 0.2ms
[2023-11-29T09:43:51.385-0800][gc,phases     ] GC(139)   Other: 0.7ms
[2023-11-29T09:43:51.385-0800][gc,heap       ] GC(139) Eden regions: 46->0(46)
[2023-11-29T09:43:51.385-0800][gc,heap       ] GC(139) Survivor regions: 5->5(7)
[2023-11-29T09:43:51.385-0800][gc,heap       ] GC(139) Old regions: 213->217
[2023-11-29T09:43:51.385-0800][gc,heap       ] GC(139) Humongous regions: 138->138
[2023-11-29T09:43:51.385-0800][gc,metaspace  ] GC(139) Metaspace: 50323K->50323K(1095680K)
[2023-11-29T09:43:51.385-0800][gc            ] GC(139) Pause Young (Normal) (G1 Evacuation Pause) 401M->358M(1024M) 25.050ms
[2023-11-29T09:43:51.385-0800][gc,cpu        ] GC(139) User=0.05s Sys=0.06s Real=0.02s
[2023-11-29T09:48:14.799-0800][gc,start      ] GC(140) Pause Young (Normal) (G1 Evacuation Pause)
[2023-11-29T09:48:14.800-0800][gc,task       ] GC(140) Using 10 workers of 10 for evacuation
[2023-11-29T09:48:14.816-0800][gc,phases     ] GC(140)   Pre Evacuate Collection Set: 0.0ms
[2023-11-29T09:48:14.816-0800][gc,phases     ] GC(140)   Evacuate Collection Set: 15.4ms
[2023-11-29T09:48:14.816-0800][gc,phases     ] GC(140)   Post Evacuate Collection Set: 0.2ms
[2023-11-29T09:48:14.816-0800][gc,phases     ] GC(140)   Other: 1.3ms
[2023-11-29T09:48:14.816-0800][gc,heap       ] GC(140) Eden regions: 46->0(48)
[2023-11-29T09:48:14.816-0800][gc,heap       ] GC(140) Survivor regions: 5->3(7)
[2023-11-29T09:48:14.816-0800][gc,heap       ] GC(140) Old regions: 217->219
[2023-11-29T09:48:14.816-0800][gc,heap       ] GC(140) Humongous regions: 138->138
[2023-11-29T09:48:14.816-0800][gc,metaspace  ] GC(140) Metaspace: 50323K->50323K(1095680K)
[2023-11-29T09:48:14.816-0800][gc            ] GC(140) Pause Young (Normal) (G1 Evacuation Pause) 404M->359M(1024M) 17.163ms
[2023-11-29T09:48:14.816-0800][gc,cpu        ] GC(140) User=0.03s Sys=0.04s Real=0.02s
[2023-11-29T09:52:51.940-0800][gc,start      ] GC(141) Pause Young (Normal) (G1 Evacuation Pause)
[2023-11-29T09:52:51.940-0800][gc,task       ] GC(141) Using 10 workers of 10 for evacuation
[2023-11-29T09:52:51.947-0800][gc,phases     ] GC(141)   Pre Evacuate Collection Set: 0.0ms
[2023-11-29T09:52:51.947-0800][gc,phases     ] GC(141)   Evacuate Collection Set: 6.0ms
[2023-11-29T09:52:51.947-0800][gc,phases     ] GC(141)   Post Evacuate Collection Set: 0.2ms
[2023-11-29T09:52:51.947-0800][gc,phases     ] GC(141)   Other: 0.6ms
[2023-11-29T09:52:51.947-0800][gc,heap       ] GC(141) Eden regions: 48->0(45)
[2023-11-29T09:52:51.947-0800][gc,heap       ] GC(141) Survivor regions: 3->6(7)
[2023-11-29T09:52:51.947-0800][gc,heap       ] GC(141) Old regions: 219->219
[2023-11-29T09:52:51.947-0800][gc,heap       ] GC(141) Humongous regions: 138->138
[2023-11-29T09:52:51.947-0800][gc,metaspace  ] GC(141) Metaspace: 50323K->50323K(1095680K)
[2023-11-29T09:52:51.947-0800][gc            ] GC(141) Pause Young (Normal) (G1 Evacuation Pause) 407M->362M(1024M) 6.944ms
[2023-11-29T09:52:51.947-0800][gc,cpu        ] GC(141) User=0.02s Sys=0.03s Real=0.00s
[2023-11-29T09:57:10.302-0800][gc,start      ] GC(142) Pause Young (Normal) (G1 Evacuation Pause)
[2023-11-29T09:57:10.302-0800][gc,task       ] GC(142) Using 10 workers of 10 for evacuation
[2023-11-29T09:57:10.337-0800][gc,mmu        ] GC(142) MMU target violated: 21.0ms (20.0ms/21.0ms)
[2023-11-29T09:57:10.337-0800][gc,phases     ] GC(142)   Pre Evacuate Collection Set: 0.1ms
[2023-11-29T09:57:10.337-0800][gc,phases     ] GC(142)   Evacuate Collection Set: 33.4ms
[2023-11-29T09:57:10.337-0800][gc,phases     ] GC(142)   Post Evacuate Collection Set: 0.9ms
[2023-11-29T09:57:10.337-0800][gc,phases     ] GC(142)   Other: 1.2ms
[2023-11-29T09:57:10.337-0800][gc,heap       ] GC(142) Eden regions: 45->0(46)
[2023-11-29T09:57:10.337-0800][gc,heap       ] GC(142) Survivor regions: 6->5(7)
[2023-11-29T09:57:10.337-0800][gc,heap       ] GC(142) Old regions: 219->224
[2023-11-29T09:57:10.337-0800][gc,heap       ] GC(142) Humongous regions: 138->138
[2023-11-29T09:57:10.337-0800][gc,metaspace  ] GC(142) Metaspace: 50323K->50323K(1095680K)
[2023-11-29T09:57:10.337-0800][gc            ] GC(142) Pause Young (Normal) (G1 Evacuation Pause) 407M->366M(1024M) 35.710ms
[2023-11-29T09:57:10.337-0800][gc,cpu        ] GC(142) User=0.04s Sys=0.08s Real=0.03s
[2023-11-29T10:01:36.384-0800][gc,start      ] GC(143) Pause Young (Concurrent Start) (G1 Evacuation Pause)
[2023-11-29T10:01:36.385-0800][gc,task       ] GC(143) Using 10 workers of 10 for evacuation
[2023-11-29T10:01:36.472-0800][gc,mmu        ] GC(143) MMU target violated: 21.0ms (20.0ms/21.0ms)
[2023-11-29T10:01:36.472-0800][gc,phases     ] GC(143)   Pre Evacuate Collection Set: 0.3ms
[2023-11-29T10:01:36.472-0800][gc,phases     ] GC(143)   Evacuate Collection Set: 81.8ms
[2023-11-29T10:01:36.472-0800][gc,phases     ] GC(143)   Post Evacuate Collection Set: 0.8ms
[2023-11-29T10:01:36.472-0800][gc,phases     ] GC(143)   Other: 5.0ms
[2023-11-29T10:01:36.472-0800][gc,heap       ] GC(143) Eden regions: 46->0(46)
[2023-11-29T10:01:36.472-0800][gc,heap       ] GC(143) Survivor regions: 5->5(7)
[2023-11-29T10:01:36.472-0800][gc,heap       ] GC(143) Old regions: 224->228
[2023-11-29T10:01:36.472-0800][gc,heap       ] GC(143) Humongous regions: 138->138
[2023-11-29T10:01:36.472-0800][gc,metaspace  ] GC(143) Metaspace: 50323K->50323K(1095680K)
[2023-11-29T10:01:36.472-0800][gc            ] GC(143) Pause Young (Concurrent Start) (G1 Evacuation Pause) 412M->370M(1024M) 87.900ms
[2023-11-29T10:01:36.472-0800][gc,cpu        ] GC(143) User=0.05s Sys=0.07s Real=0.09s
[2023-11-29T10:01:36.472-0800][gc            ] GC(144) Concurrent Cycle
[2023-11-29T10:01:36.472-0800][gc,marking    ] GC(144) Concurrent Clear Claimed Marks
[2023-11-29T10:01:36.474-0800][gc,marking    ] GC(144) Concurrent Clear Claimed Marks 1.062ms
[2023-11-29T10:01:36.474-0800][gc,marking    ] GC(144) Concurrent Scan Root Regions
[2023-11-29T10:01:36.512-0800][gc,marking    ] GC(144) Concurrent Scan Root Regions 37.862ms
[2023-11-29T10:01:36.512-0800][gc,marking    ] GC(144) Concurrent Mark (48073.290s)
[2023-11-29T10:01:36.512-0800][gc,marking    ] GC(144) Concurrent Mark From Roots
[2023-11-29T10:01:36.512-0800][gc,task       ] GC(144) Using 3 workers of 3 for marking
[2023-11-29T10:01:36.616-0800][gc,marking    ] GC(144) Concurrent Mark From Roots 103.933ms
[2023-11-29T10:01:36.616-0800][gc,marking    ] GC(144) Concurrent Preclean
[2023-11-29T10:01:36.616-0800][gc,marking    ] GC(144) Concurrent Preclean 0.188ms
[2023-11-29T10:01:36.616-0800][gc,marking    ] GC(144) Concurrent Mark (48073.290s, 48073.394s) 104.197ms
[2023-11-29T10:01:36.616-0800][gc,start      ] GC(144) Pause Remark
[2023-11-29T10:01:36.684-0800][gc,stringtable] GC(144) Cleaned string and symbol table, strings: 16078 processed, 7 removed, symbols: 120545 processed, 25 removed
[2023-11-29T10:01:36.688-0800][gc,mmu        ] GC(144) MMU target violated: 21.0ms (20.0ms/21.0ms)
[2023-11-29T10:01:36.688-0800][gc            ] GC(144) Pause Remark 371M->266M(1024M) 72.464ms
[2023-11-29T10:01:36.688-0800][gc,cpu        ] GC(144) User=0.04s Sys=0.24s Real=0.07s
[2023-11-29T10:01:36.689-0800][gc,marking    ] GC(144) Concurrent Rebuild Remembered Sets
[2023-11-29T10:01:36.717-0800][gc,marking    ] GC(144) Concurrent Rebuild Remembered Sets 28.765ms
[2023-11-29T10:01:36.717-0800][gc,start      ] GC(144) Pause Cleanup
[2023-11-29T10:01:36.718-0800][gc            ] GC(144) Pause Cleanup 266M->266M(1024M) 0.700ms
[2023-11-29T10:01:36.718-0800][gc,cpu        ] GC(144) User=0.00s Sys=0.00s Real=0.00s
[2023-11-29T10:01:36.718-0800][gc,marking    ] GC(144) Concurrent Cleanup for Next Mark
[2023-11-29T10:01:36.729-0800][gc,marking    ] GC(144) Concurrent Cleanup for Next Mark 11.098ms
[2023-11-29T10:01:36.729-0800][gc            ] GC(144) Concurrent Cycle 257.142ms
[2023-11-29T10:06:01.716-0800][gc,start      ] GC(145) Pause Young (Prepare Mixed) (G1 Evacuation Pause)
[2023-11-29T10:06:01.717-0800][gc,task       ] GC(145) Using 10 workers of 10 for evacuation
[2023-11-29T10:06:01.730-0800][gc,phases     ] GC(145)   Pre Evacuate Collection Set: 0.0ms
[2023-11-29T10:06:01.730-0800][gc,phases     ] GC(145)   Evacuate Collection Set: 11.7ms
[2023-11-29T10:06:01.730-0800][gc,phases     ] GC(145)   Post Evacuate Collection Set: 0.3ms
[2023-11-29T10:06:01.730-0800][gc,phases     ] GC(145)   Other: 2.0ms
[2023-11-29T10:06:01.730-0800][gc,heap       ] GC(145) Eden regions: 46->0(45)
[2023-11-29T10:06:01.730-0800][gc,heap       ] GC(145) Survivor regions: 5->6(7)
[2023-11-29T10:06:01.730-0800][gc,heap       ] GC(145) Old regions: 123->127
[2023-11-29T10:06:01.730-0800][gc,heap       ] GC(145) Humongous regions: 138->138
[2023-11-29T10:06:01.730-0800][gc,metaspace  ] GC(145) Metaspace: 50323K->50323K(1095680K)
[2023-11-29T10:06:01.730-0800][gc            ] GC(145) Pause Young (Prepare Mixed) (G1 Evacuation Pause) 311M->269M(1024M) 14.084ms
[2023-11-29T10:06:01.730-0800][gc,cpu        ] GC(145) User=0.06s Sys=0.03s Real=0.02s
[2023-11-29T10:29:04.734-0800][gc,start      ] GC(146) Pause Young (Mixed) (G1 Evacuation Pause)
[2023-11-29T10:29:04.735-0800][gc,task       ] GC(146) Using 10 workers of 10 for evacuation
[2023-11-29T10:29:04.880-0800][gc,mmu        ] GC(146) MMU target violated: 21.0ms (20.0ms/21.0ms)
[2023-11-29T10:29:04.880-0800][gc,phases     ] GC(146)   Pre Evacuate Collection Set: 4.2ms
[2023-11-29T10:29:04.880-0800][gc,phases     ] GC(146)   Evacuate Collection Set: 129.2ms
[2023-11-29T10:29:04.880-0800][gc,phases     ] GC(146)   Post Evacuate Collection Set: 7.8ms
[2023-11-29T10:29:04.880-0800][gc,phases     ] GC(146)   Other: 4.9ms
[2023-11-29T10:29:04.880-0800][gc,heap       ] GC(146) Eden regions: 45->0(45)
[2023-11-29T10:29:04.881-0800][gc,heap       ] GC(146) Survivor regions: 6->6(7)
[2023-11-29T10:29:04.881-0800][gc,heap       ] GC(146) Old regions: 127->116
[2023-11-29T10:29:04.881-0800][gc,heap       ] GC(146) Humongous regions: 138->138
[2023-11-29T10:29:04.881-0800][gc,metaspace  ] GC(146) Metaspace: 50384K->50384K(1095680K)
[2023-11-29T10:29:04.882-0800][gc            ] GC(146) Pause Young (Mixed) (G1 Evacuation Pause) 314M->259M(1024M) 147.592ms
[2023-11-29T10:29:04.882-0800][gc,cpu        ] GC(146) User=0.25s Sys=0.43s Real=0.15s
[2023-11-29T10:39:47.443-0800][gc,start      ] GC(147) Pause Young (Mixed) (G1 Evacuation Pause)
[2023-11-29T10:39:47.444-0800][gc,task       ] GC(147) Using 10 workers of 10 for evacuation
[2023-11-29T10:39:47.498-0800][gc,mmu        ] GC(147) MMU target violated: 21.0ms (20.0ms/21.0ms)
[2023-11-29T10:39:47.499-0800][gc,phases     ] GC(147)   Pre Evacuate Collection Set: 0.9ms
[2023-11-29T10:39:47.499-0800][gc,phases     ] GC(147)   Evacuate Collection Set: 49.5ms
[2023-11-29T10:39:47.499-0800][gc,phases     ] GC(147)   Post Evacuate Collection Set: 3.1ms
[2023-11-29T10:39:47.499-0800][gc,phases     ] GC(147)   Other: 2.1ms
[2023-11-29T10:39:47.499-0800][gc,heap       ] GC(147) Eden regions: 45->0(45)
[2023-11-29T10:39:47.499-0800][gc,heap       ] GC(147) Survivor regions: 6->6(7)
[2023-11-29T10:39:47.499-0800][gc,heap       ] GC(147) Old regions: 116->106
[2023-11-29T10:39:47.499-0800][gc,heap       ] GC(147) Humongous regions: 138->138
[2023-11-29T10:39:47.499-0800][gc,metaspace  ] GC(147) Metaspace: 50463K->50463K(1095680K)
[2023-11-29T10:39:47.499-0800][gc            ] GC(147) Pause Young (Mixed) (G1 Evacuation Pause) 304M->248M(1024M) 55.623ms
[2023-11-29T10:39:47.499-0800][gc,cpu        ] GC(147) User=0.08s Sys=0.22s Real=0.05s
[2023-11-29T10:45:16.941-0800][gc,start      ] GC(148) Pause Young (Mixed) (G1 Evacuation Pause)
[2023-11-29T10:45:16.942-0800][gc,task       ] GC(148) Using 10 workers of 10 for evacuation
[2023-11-29T10:45:16.974-0800][gc,mmu        ] GC(148) MMU target violated: 21.0ms (20.0ms/21.0ms)
[2023-11-29T10:45:16.974-0800][gc,phases     ] GC(148)   Pre Evacuate Collection Set: 1.5ms
[2023-11-29T10:45:16.974-0800][gc,phases     ] GC(148)   Evacuate Collection Set: 27.5ms
[2023-11-29T10:45:16.974-0800][gc,phases     ] GC(148)   Post Evacuate Collection Set: 2.4ms
[2023-11-29T10:45:16.974-0800][gc,phases     ] GC(148)   Other: 1.4ms
[2023-11-29T10:45:16.974-0800][gc,heap       ] GC(148) Eden regions: 45->0(45)
[2023-11-29T10:45:16.974-0800][gc,heap       ] GC(148) Survivor regions: 6->6(7)
[2023-11-29T10:45:16.974-0800][gc,heap       ] GC(148) Old regions: 106->96
[2023-11-29T10:45:16.974-0800][gc,heap       ] GC(148) Humongous regions: 138->138
[2023-11-29T10:45:16.974-0800][gc,metaspace  ] GC(148) Metaspace: 50488K->50488K(1095680K)
[2023-11-29T10:45:16.974-0800][gc            ] GC(148) Pause Young (Mixed) (G1 Evacuation Pause) 293M->238M(1024M) 32.917ms
[2023-11-29T10:45:16.974-0800][gc,cpu        ] GC(148) User=0.04s Sys=0.10s Real=0.03s
[2023-11-29T10:50:48.574-0800][gc,start      ] GC(149) Pause Young (Mixed) (G1 Evacuation Pause)
[2023-11-29T10:50:48.575-0800][gc,task       ] GC(149) Using 10 workers of 10 for evacuation
[2023-11-29T10:50:48.613-0800][gc,mmu        ] GC(149) MMU target violated: 21.0ms (20.0ms/21.0ms)
[2023-11-29T10:50:48.615-0800][gc,phases     ] GC(149)   Pre Evacuate Collection Set: 1.0ms
[2023-11-29T10:50:48.615-0800][gc,phases     ] GC(149)   Evacuate Collection Set: 31.0ms
[2023-11-29T10:50:48.615-0800][gc,phases     ] GC(149)   Post Evacuate Collection Set: 3.8ms
[2023-11-29T10:50:48.615-0800][gc,phases     ] GC(149)   Other: 5.3ms
[2023-11-29T10:50:48.615-0800][gc,heap       ] GC(149) Eden regions: 45->0(46)
[2023-11-29T10:50:48.615-0800][gc,heap       ] GC(149) Survivor regions: 6->5(7)
[2023-11-29T10:50:48.615-0800][gc,heap       ] GC(149) Old regions: 96->87
[2023-11-29T10:50:48.615-0800][gc,heap       ] GC(149) Humongous regions: 138->138
[2023-11-29T10:50:48.615-0800][gc,metaspace  ] GC(149) Metaspace: 50488K->50488K(1095680K)
[2023-11-29T10:50:48.616-0800][gc            ] GC(149) Pause Young (Mixed) (G1 Evacuation Pause) 283M->229M(1024M) 41.760ms
[2023-11-29T10:50:48.616-0800][gc,cpu        ] GC(149) User=0.05s Sys=0.12s Real=0.04s
[2023-11-29T10:56:25.318-0800][gc,start      ] GC(150) Pause Young (Normal) (G1 Evacuation Pause)
[2023-11-29T10:56:25.319-0800][gc,task       ] GC(150) Using 10 workers of 10 for evacuation
[2023-11-29T10:56:25.357-0800][gc,mmu        ] GC(150) MMU target violated: 21.0ms (20.0ms/21.0ms)
[2023-11-29T10:56:25.357-0800][gc,phases     ] GC(150)   Pre Evacuate Collection Set: 0.9ms
[2023-11-29T10:56:25.357-0800][gc,phases     ] GC(150)   Evacuate Collection Set: 33.1ms
[2023-11-29T10:56:25.357-0800][gc,phases     ] GC(150)   Post Evacuate Collection Set: 2.1ms
[2023-11-29T10:56:25.357-0800][gc,phases     ] GC(150)   Other: 2.6ms
[2023-11-29T10:56:25.357-0800][gc,heap       ] GC(150) Eden regions: 46->0(45)
[2023-11-29T10:56:25.357-0800][gc,heap       ] GC(150) Survivor regions: 5->6(7)
[2023-11-29T10:56:25.357-0800][gc,heap       ] GC(150) Old regions: 87->90
[2023-11-29T10:56:25.357-0800][gc,heap       ] GC(150) Humongous regions: 138->138
[2023-11-29T10:56:25.357-0800][gc,metaspace  ] GC(150) Metaspace: 50488K->50488K(1095680K)
[2023-11-29T10:56:25.357-0800][gc            ] GC(150) Pause Young (Normal) (G1 Evacuation Pause) 275M->232M(1024M) 38.850ms
[2023-11-29T10:56:25.357-0800][gc,cpu        ] GC(150) User=0.05s Sys=0.12s Real=0.04s
[2023-11-29T11:02:58.741-0800][gc,start      ] GC(151) Pause Young (Normal) (G1 Evacuation Pause)
[2023-11-29T11:02:58.742-0800][gc,task       ] GC(151) Using 10 workers of 10 for evacuation
[2023-11-29T11:02:58.777-0800][gc,mmu        ] GC(151) MMU target violated: 21.0ms (20.0ms/21.0ms)
[2023-11-29T11:02:58.777-0800][gc,phases     ] GC(151)   Pre Evacuate Collection Set: 1.0ms
[2023-11-29T11:02:58.777-0800][gc,phases     ] GC(151)   Evacuate Collection Set: 29.4ms
[2023-11-29T11:02:58.777-0800][gc,phases     ] GC(151)   Post Evacuate Collection Set: 0.7ms
[2023-11-29T11:02:58.777-0800][gc,phases     ] GC(151)   Other: 4.7ms
[2023-11-29T11:02:58.777-0800][gc,heap       ] GC(151) Eden regions: 45->0(45)
[2023-11-29T11:02:58.777-0800][gc,heap       ] GC(151) Survivor regions: 6->6(7)
[2023-11-29T11:02:58.777-0800][gc,heap       ] GC(151) Old regions: 90->94
[2023-11-29T11:02:58.777-0800][gc,heap       ] GC(151) Humongous regions: 138->138
[2023-11-29T11:02:58.777-0800][gc,metaspace  ] GC(151) Metaspace: 50493K->50493K(1095680K)
[2023-11-29T11:02:58.777-0800][gc            ] GC(151) Pause Young (Normal) (G1 Evacuation Pause) 277M->236M(1024M) 35.806ms
[2023-11-29T11:02:58.777-0800][gc,cpu        ] GC(151) User=0.06s Sys=0.12s Real=0.03s
[2023-11-29T11:08:02.119-0800][gc,start      ] GC(152) Pause Young (Normal) (G1 Evacuation Pause)
[2023-11-29T11:08:02.119-0800][gc,task       ] GC(152) Using 10 workers of 10 for evacuation
[2023-11-29T11:08:02.143-0800][gc,mmu        ] GC(152) MMU target violated: 21.0ms (20.0ms/21.0ms)
[2023-11-29T11:08:02.143-0800][gc,phases     ] GC(152)   Pre Evacuate Collection Set: 0.0ms
[2023-11-29T11:08:02.143-0800][gc,phases     ] GC(152)   Evacuate Collection Set: 23.5ms
[2023-11-29T11:08:02.143-0800][gc,phases     ] GC(152)   Post Evacuate Collection Set: 0.2ms
[2023-11-29T11:08:02.143-0800][gc,phases     ] GC(152)   Other: 0.8ms
[2023-11-29T11:08:02.143-0800][gc,heap       ] GC(152) Eden regions: 45->0(44)
[2023-11-29T11:08:02.143-0800][gc,heap       ] GC(152) Survivor regions: 6->7(7)
[2023-11-29T11:08:02.143-0800][gc,heap       ] GC(152) Old regions: 94->97
[2023-11-29T11:08:02.143-0800][gc,heap       ] GC(152) Humongous regions: 138->138
[2023-11-29T11:08:02.143-0800][gc,metaspace  ] GC(152) Metaspace: 50498K->50498K(1095680K)
[2023-11-29T11:08:02.143-0800][gc            ] GC(152) Pause Young (Normal) (G1 Evacuation Pause) 281M->240M(1024M) 24.636ms
[2023-11-29T11:08:02.143-0800][gc,cpu        ] GC(152) User=0.06s Sys=0.06s Real=0.03s
[2023-11-29T11:13:25.111-0800][gc,start      ] GC(153) Pause Young (Normal) (G1 Evacuation Pause)
[2023-11-29T11:13:25.112-0800][gc,task       ] GC(153) Using 10 workers of 10 for evacuation
[2023-11-29T11:13:25.137-0800][gc,mmu        ] GC(153) MMU target violated: 21.0ms (20.0ms/21.0ms)
[2023-11-29T11:13:25.137-0800][gc,phases     ] GC(153)   Pre Evacuate Collection Set: 0.1ms
[2023-11-29T11:13:25.137-0800][gc,phases     ] GC(153)   Evacuate Collection Set: 24.2ms
[2023-11-29T11:13:25.137-0800][gc,phases     ] GC(153)   Post Evacuate Collection Set: 0.2ms
[2023-11-29T11:13:25.137-0800][gc,phases     ] GC(153)   Other: 1.4ms
[2023-11-29T11:13:25.137-0800][gc,heap       ] GC(153) Eden regions: 44->0(48)
[2023-11-29T11:13:25.137-0800][gc,heap       ] GC(153) Survivor regions: 7->3(7)
[2023-11-29T11:13:25.137-0800][gc,heap       ] GC(153) Old regions: 97->101
[2023-11-29T11:13:25.137-0800][gc,heap       ] GC(153) Humongous regions: 138->138
[2023-11-29T11:13:25.137-0800][gc,metaspace  ] GC(153) Metaspace: 50498K->50498K(1095680K)
[2023-11-29T11:13:25.137-0800][gc            ] GC(153) Pause Young (Normal) (G1 Evacuation Pause) 284M->241M(1024M) 26.008ms
[2023-11-29T11:13:25.137-0800][gc,cpu        ] GC(153) User=0.04s Sys=0.08s Real=0.02s
[2023-11-29T11:19:18.975-0800][gc,start      ] GC(154) Pause Young (Normal) (G1 Evacuation Pause)
[2023-11-29T11:19:18.976-0800][gc,task       ] GC(154) Using 10 workers of 10 for evacuation
[2023-11-29T11:19:18.982-0800][gc,phases     ] GC(154)   Pre Evacuate Collection Set: 0.0ms
[2023-11-29T11:19:18.982-0800][gc,phases     ] GC(154)   Evacuate Collection Set: 5.3ms
[2023-11-29T11:19:18.982-0800][gc,phases     ] GC(154)   Post Evacuate Collection Set: 0.2ms
[2023-11-29T11:19:18.982-0800][gc,phases     ] GC(154)   Other: 1.4ms
[2023-11-29T11:19:18.982-0800][gc,heap       ] GC(154) Eden regions: 48->0(45)
[2023-11-29T11:19:18.982-0800][gc,heap       ] GC(154) Survivor regions: 3->6(7)
[2023-11-29T11:19:18.982-0800][gc,heap       ] GC(154) Old regions: 101->101
[2023-11-29T11:19:18.982-0800][gc,heap       ] GC(154) Humongous regions: 138->138
[2023-11-29T11:19:18.982-0800][gc,metaspace  ] GC(154) Metaspace: 50498K->50498K(1095680K)
[2023-11-29T11:19:18.982-0800][gc            ] GC(154) Pause Young (Normal) (G1 Evacuation Pause) 289M->244M(1024M) 7.104ms
[2023-11-29T11:19:18.982-0800][gc,cpu        ] GC(154) User=0.03s Sys=0.02s Real=0.01s
[2023-11-29T11:24:47.688-0800][gc,start      ] GC(155) Pause Young (Normal) (G1 Evacuation Pause)
[2023-11-29T11:24:47.690-0800][gc,task       ] GC(155) Using 10 workers of 10 for evacuation
[2023-11-29T11:24:47.729-0800][gc,mmu        ] GC(155) MMU target violated: 21.0ms (20.0ms/21.0ms)
[2023-11-29T11:24:47.729-0800][gc,phases     ] GC(155)   Pre Evacuate Collection Set: 0.0ms
[2023-11-29T11:24:47.729-0800][gc,phases     ] GC(155)   Evacuate Collection Set: 37.1ms
[2023-11-29T11:24:47.729-0800][gc,phases     ] GC(155)   Post Evacuate Collection Set: 1.0ms
[2023-11-29T11:24:47.729-0800][gc,phases     ] GC(155)   Other: 2.3ms
[2023-11-29T11:24:47.729-0800][gc,heap       ] GC(155) Eden regions: 45->0(46)
[2023-11-29T11:24:47.729-0800][gc,heap       ] GC(155) Survivor regions: 6->5(7)
[2023-11-29T11:24:47.729-0800][gc,heap       ] GC(155) Old regions: 101->106
[2023-11-29T11:24:47.729-0800][gc,heap       ] GC(155) Humongous regions: 138->138
[2023-11-29T11:24:47.729-0800][gc,metaspace  ] GC(155) Metaspace: 50498K->50498K(1095680K)
[2023-11-29T11:24:47.729-0800][gc            ] GC(155) Pause Young (Normal) (G1 Evacuation Pause) 289M->248M(1024M) 40.582ms
[2023-11-29T11:24:47.729-0800][gc,cpu        ] GC(155) User=0.05s Sys=0.10s Real=0.04s
[2023-11-29T11:30:25.718-0800][gc,start      ] GC(156) Pause Young (Normal) (G1 Evacuation Pause)
[2023-11-29T11:30:25.719-0800][gc,task       ] GC(156) Using 10 workers of 10 for evacuation
[2023-11-29T11:30:25.755-0800][gc,mmu        ] GC(156) MMU target violated: 21.0ms (20.0ms/21.0ms)
[2023-11-29T11:30:25.755-0800][gc,phases     ] GC(156)   Pre Evacuate Collection Set: 1.9ms
[2023-11-29T11:30:25.755-0800][gc,phases     ] GC(156)   Evacuate Collection Set: 31.9ms
[2023-11-29T11:30:25.755-0800][gc,phases     ] GC(156)   Post Evacuate Collection Set: 0.7ms
[2023-11-29T11:30:25.755-0800][gc,phases     ] GC(156)   Other: 2.6ms
[2023-11-29T11:30:25.755-0800][gc,heap       ] GC(156) Eden regions: 46->0(46)
[2023-11-29T11:30:25.755-0800][gc,heap       ] GC(156) Survivor regions: 5->5(7)
[2023-11-29T11:30:25.755-0800][gc,heap       ] GC(156) Old regions: 106->109
[2023-11-29T11:30:25.755-0800][gc,heap       ] GC(156) Humongous regions: 138->138
[2023-11-29T11:30:25.755-0800][gc,metaspace  ] GC(156) Metaspace: 50498K->50498K(1095680K)
[2023-11-29T11:30:25.755-0800][gc            ] GC(156) Pause Young (Normal) (G1 Evacuation Pause) 294M->251M(1024M) 37.314ms
[2023-11-29T11:30:25.755-0800][gc,cpu        ] GC(156) User=0.06s Sys=0.11s Real=0.04s
[2023-11-29T11:36:53.838-0800][gc,start      ] GC(157) Pause Young (Normal) (G1 Evacuation Pause)
[2023-11-29T11:36:53.839-0800][gc,task       ] GC(157) Using 10 workers of 10 for evacuation
[2023-11-29T11:36:53.877-0800][gc,mmu        ] GC(157) MMU target violated: 21.0ms (20.0ms/21.0ms)
[2023-11-29T11:36:53.877-0800][gc,phases     ] GC(157)   Pre Evacuate Collection Set: 2.0ms
[2023-11-29T11:36:53.877-0800][gc,phases     ] GC(157)   Evacuate Collection Set: 33.6ms
[2023-11-29T11:36:53.877-0800][gc,phases     ] GC(157)   Post Evacuate Collection Set: 0.8ms
[2023-11-29T11:36:53.877-0800][gc,phases     ] GC(157)   Other: 2.6ms
[2023-11-29T11:36:53.877-0800][gc,heap       ] GC(157) Eden regions: 46->0(46)
[2023-11-29T11:36:53.877-0800][gc,heap       ] GC(157) Survivor regions: 5->5(7)
[2023-11-29T11:36:53.877-0800][gc,heap       ] GC(157) Old regions: 109->113
[2023-11-29T11:36:53.877-0800][gc,heap       ] GC(157) Humongous regions: 138->138
[2023-11-29T11:36:53.877-0800][gc,metaspace  ] GC(157) Metaspace: 50502K->50502K(1095680K)
[2023-11-29T11:36:53.877-0800][gc            ] GC(157) Pause Young (Normal) (G1 Evacuation Pause) 297M->255M(1024M) 39.044ms
[2023-11-29T11:36:53.877-0800][gc,cpu        ] GC(157) User=0.07s Sys=0.14s Real=0.04s
[2023-11-29T11:42:30.033-0800][gc,start      ] GC(158) Pause Young (Normal) (G1 Evacuation Pause)
[2023-11-29T11:42:30.035-0800][gc,task       ] GC(158) Using 10 workers of 10 for evacuation
[2023-11-29T11:42:30.062-0800][gc,mmu        ] GC(158) MMU target violated: 21.0ms (20.0ms/21.0ms)
[2023-11-29T11:42:30.062-0800][gc,phases     ] GC(158)   Pre Evacuate Collection Set: 1.2ms
[2023-11-29T11:42:30.062-0800][gc,phases     ] GC(158)   Evacuate Collection Set: 24.5ms
[2023-11-29T11:42:30.062-0800][gc,phases     ] GC(158)   Post Evacuate Collection Set: 0.6ms
[2023-11-29T11:42:30.062-0800][gc,phases     ] GC(158)   Other: 2.1ms
[2023-11-29T11:42:30.062-0800][gc,heap       ] GC(158) Eden regions: 46->0(46)
[2023-11-29T11:42:30.062-0800][gc,heap       ] GC(158) Survivor regions: 5->5(7)
[2023-11-29T11:42:30.062-0800][gc,heap       ] GC(158) Old regions: 113->117
[2023-11-29T11:42:30.062-0800][gc,heap       ] GC(158) Humongous regions: 138->138
[2023-11-29T11:42:30.062-0800][gc,metaspace  ] GC(158) Metaspace: 50502K->50502K(1095680K)
[2023-11-29T11:42:30.062-0800][gc            ] GC(158) Pause Young (Normal) (G1 Evacuation Pause) 301M->258M(1024M) 28.433ms
[2023-11-29T11:42:30.062-0800][gc,cpu        ] GC(158) User=0.05s Sys=0.10s Real=0.03s
[2023-11-29T11:48:06.154-0800][gc,start      ] GC(159) Pause Young (Normal) (G1 Evacuation Pause)
[2023-11-29T11:48:06.155-0800][gc,task       ] GC(159) Using 10 workers of 10 for evacuation
[2023-11-29T11:48:06.199-0800][gc,mmu        ] GC(159) MMU target violated: 21.0ms (20.0ms/21.0ms)
[2023-11-29T11:48:06.199-0800][gc,phases     ] GC(159)   Pre Evacuate Collection Set: 1.8ms
[2023-11-29T11:48:06.199-0800][gc,phases     ] GC(159)   Evacuate Collection Set: 37.7ms
[2023-11-29T11:48:06.199-0800][gc,phases     ] GC(159)   Post Evacuate Collection Set: 0.6ms
[2023-11-29T11:48:06.199-0800][gc,phases     ] GC(159)   Other: 4.7ms
[2023-11-29T11:48:06.199-0800][gc,heap       ] GC(159) Eden regions: 46->0(46)
[2023-11-29T11:48:06.199-0800][gc,heap       ] GC(159) Survivor regions: 5->5(7)
[2023-11-29T11:48:06.199-0800][gc,heap       ] GC(159) Old regions: 117->120
[2023-11-29T11:48:06.199-0800][gc,heap       ] GC(159) Humongous regions: 138->138
[2023-11-29T11:48:06.199-0800][gc,metaspace  ] GC(159) Metaspace: 50502K->50502K(1095680K)
[2023-11-29T11:48:06.200-0800][gc            ] GC(159) Pause Young (Normal) (G1 Evacuation Pause) 304M->262M(1024M) 45.356ms
[2023-11-29T11:48:06.200-0800][gc,cpu        ] GC(159) User=0.08s Sys=0.14s Real=0.05s
[2023-11-29T11:53:45.642-0800][gc,start      ] GC(160) Pause Young (Normal) (G1 Evacuation Pause)
[2023-11-29T11:53:45.643-0800][gc,task       ] GC(160) Using 10 workers of 10 for evacuation
[2023-11-29T11:53:45.695-0800][gc,mmu        ] GC(160) MMU target violated: 21.0ms (20.0ms/21.0ms)
[2023-11-29T11:53:45.695-0800][gc,phases     ] GC(160)   Pre Evacuate Collection Set: 3.0ms
[2023-11-29T11:53:45.695-0800][gc,phases     ] GC(160)   Evacuate Collection Set: 46.4ms
[2023-11-29T11:53:45.695-0800][gc,phases     ] GC(160)   Post Evacuate Collection Set: 0.7ms
[2023-11-29T11:53:45.695-0800][gc,phases     ] GC(160)   Other: 3.0ms
[2023-11-29T11:53:45.695-0800][gc,heap       ] GC(160) Eden regions: 46->0(46)
[2023-11-29T11:53:45.695-0800][gc,heap       ] GC(160) Survivor regions: 5->5(7)
[2023-11-29T11:53:45.695-0800][gc,heap       ] GC(160) Old regions: 120->124
[2023-11-29T11:53:45.695-0800][gc,heap       ] GC(160) Humongous regions: 138->138
[2023-11-29T11:53:45.695-0800][gc,metaspace  ] GC(160) Metaspace: 50502K->50502K(1095680K)
[2023-11-29T11:53:45.695-0800][gc            ] GC(160) Pause Young (Normal) (G1 Evacuation Pause) 308M->265M(1024M) 53.130ms
[2023-11-29T11:53:45.695-0800][gc,cpu        ] GC(160) User=0.08s Sys=0.18s Real=0.05s
[2023-11-29T11:59:25.650-0800][gc,start      ] GC(161) Pause Young (Normal) (G1 Evacuation Pause)
[2023-11-29T11:59:25.650-0800][gc,task       ] GC(161) Using 10 workers of 10 for evacuation
[2023-11-29T11:59:25.682-0800][gc,mmu        ] GC(161) MMU target violated: 21.0ms (20.0ms/21.0ms)
[2023-11-29T11:59:25.682-0800][gc,phases     ] GC(161)   Pre Evacuate Collection Set: 1.0ms
[2023-11-29T11:59:25.682-0800][gc,phases     ] GC(161)   Evacuate Collection Set: 28.8ms
[2023-11-29T11:59:25.682-0800][gc,phases     ] GC(161)   Post Evacuate Collection Set: 0.6ms
[2023-11-29T11:59:25.682-0800][gc,phases     ] GC(161)   Other: 1.9ms
[2023-11-29T11:59:25.682-0800][gc,heap       ] GC(161) Eden regions: 46->0(46)
[2023-11-29T11:59:25.682-0800][gc,heap       ] GC(161) Survivor regions: 5->5(7)
[2023-11-29T11:59:25.682-0800][gc,heap       ] GC(161) Old regions: 124->127
[2023-11-29T11:59:25.682-0800][gc,heap       ] GC(161) Humongous regions: 138->138
[2023-11-29T11:59:25.682-0800][gc,metaspace  ] GC(161) Metaspace: 50502K->50502K(1095680K)
[2023-11-29T11:59:25.682-0800][gc            ] GC(161) Pause Young (Normal) (G1 Evacuation Pause) 311M->269M(1024M) 32.342ms
[2023-11-29T11:59:25.682-0800][gc,cpu        ] GC(161) User=0.05s Sys=0.11s Real=0.03s
[2023-11-29T12:05:03.267-0800][gc,start      ] GC(162) Pause Young (Normal) (G1 Evacuation Pause)
[2023-11-29T12:05:03.267-0800][gc,task       ] GC(162) Using 10 workers of 10 for evacuation
[2023-11-29T12:05:03.318-0800][gc,mmu        ] GC(162) MMU target violated: 21.0ms (20.0ms/21.0ms)
[2023-11-29T12:05:03.319-0800][gc,phases     ] GC(162)   Pre Evacuate Collection Set: 1.3ms
[2023-11-29T12:05:03.319-0800][gc,phases     ] GC(162)   Evacuate Collection Set: 45.4ms
[2023-11-29T12:05:03.319-0800][gc,phases     ] GC(162)   Post Evacuate Collection Set: 1.1ms
[2023-11-29T12:05:03.319-0800][gc,phases     ] GC(162)   Other: 4.3ms
[2023-11-29T12:05:03.319-0800][gc,heap       ] GC(162) Eden regions: 46->0(46)
[2023-11-29T12:05:03.319-0800][gc,heap       ] GC(162) Survivor regions: 5->5(7)
[2023-11-29T12:05:03.319-0800][gc,heap       ] GC(162) Old regions: 127->131
[2023-11-29T12:05:03.319-0800][gc,heap       ] GC(162) Humongous regions: 138->138
[2023-11-29T12:05:03.319-0800][gc,metaspace  ] GC(162) Metaspace: 50502K->50502K(1095680K)
[2023-11-29T12:05:03.319-0800][gc            ] GC(162) Pause Young (Normal) (G1 Evacuation Pause) 315M->273M(1024M) 52.116ms
[2023-11-29T12:05:03.319-0800][gc,cpu        ] GC(162) User=0.04s Sys=0.16s Real=0.05s
[2023-11-29T12:10:16.156-0800][gc,start      ] GC(163) Pause Young (Normal) (G1 Evacuation Pause)
[2023-11-29T12:10:16.158-0800][gc,task       ] GC(163) Using 10 workers of 10 for evacuation
[2023-11-29T12:10:16.195-0800][gc,mmu        ] GC(163) MMU target violated: 21.0ms (20.0ms/21.0ms)
[2023-11-29T12:10:16.195-0800][gc,phases     ] GC(163)   Pre Evacuate Collection Set: 1.2ms
[2023-11-29T12:10:16.195-0800][gc,phases     ] GC(163)   Evacuate Collection Set: 34.5ms
[2023-11-29T12:10:16.195-0800][gc,phases     ] GC(163)   Post Evacuate Collection Set: 0.6ms
[2023-11-29T12:10:16.195-0800][gc,phases     ] GC(163)   Other: 2.1ms
[2023-11-29T12:10:16.195-0800][gc,heap       ] GC(163) Eden regions: 46->0(45)
[2023-11-29T12:10:16.195-0800][gc,heap       ] GC(163) Survivor regions: 5->6(7)
[2023-11-29T12:10:16.195-0800][gc,heap       ] GC(163) Old regions: 131->135
[2023-11-29T12:10:16.195-0800][gc,heap       ] GC(163) Humongous regions: 138->138
[2023-11-29T12:10:16.195-0800][gc,metaspace  ] GC(163) Metaspace: 50502K->50502K(1095680K)
[2023-11-29T12:10:16.195-0800][gc            ] GC(163) Pause Young (Normal) (G1 Evacuation Pause) 319M->277M(1024M) 38.461ms
[2023-11-29T12:10:16.195-0800][gc,cpu        ] GC(163) User=0.05s Sys=0.15s Real=0.04s
[2023-11-29T12:15:47.852-0800][gc,start      ] GC(164) Pause Young (Normal) (G1 Evacuation Pause)
[2023-11-29T12:15:47.854-0800][gc,task       ] GC(164) Using 10 workers of 10 for evacuation
[2023-11-29T12:15:47.901-0800][gc,mmu        ] GC(164) MMU target violated: 21.0ms (20.0ms/21.0ms)
[2023-11-29T12:15:47.901-0800][gc,phases     ] GC(164)   Pre Evacuate Collection Set: 2.1ms
[2023-11-29T12:15:47.901-0800][gc,phases     ] GC(164)   Evacuate Collection Set: 35.3ms
[2023-11-29T12:15:47.901-0800][gc,phases     ] GC(164)   Post Evacuate Collection Set: 1.2ms
[2023-11-29T12:15:47.901-0800][gc,phases     ] GC(164)   Other: 10.6ms
[2023-11-29T12:15:47.901-0800][gc,heap       ] GC(164) Eden regions: 45->0(48)
[2023-11-29T12:15:47.901-0800][gc,heap       ] GC(164) Survivor regions: 6->3(7)
[2023-11-29T12:15:47.901-0800][gc,heap       ] GC(164) Old regions: 135->138
[2023-11-29T12:15:47.901-0800][gc,heap       ] GC(164) Humongous regions: 138->138
[2023-11-29T12:15:47.901-0800][gc,metaspace  ] GC(164) Metaspace: 50502K->50502K(1095680K)
[2023-11-29T12:15:47.902-0800][gc            ] GC(164) Pause Young (Normal) (G1 Evacuation Pause) 322M->277M(1024M) 49.652ms
[2023-11-29T12:15:47.902-0800][gc,cpu        ] GC(164) User=0.03s Sys=0.10s Real=0.05s
[2023-11-29T12:21:43.288-0800][gc,start      ] GC(165) Pause Young (Normal) (G1 Evacuation Pause)
[2023-11-29T12:21:43.289-0800][gc,task       ] GC(165) Using 10 workers of 10 for evacuation
[2023-11-29T12:21:43.321-0800][gc,mmu        ] GC(165) MMU target violated: 21.0ms (20.0ms/21.0ms)
[2023-11-29T12:21:43.321-0800][gc,phases     ] GC(165)   Pre Evacuate Collection Set: 2.3ms
[2023-11-29T12:21:43.321-0800][gc,phases     ] GC(165)   Evacuate Collection Set: 27.7ms
[2023-11-29T12:21:43.321-0800][gc,phases     ] GC(165)   Post Evacuate Collection Set: 1.0ms
[2023-11-29T12:21:43.321-0800][gc,phases     ] GC(165)   Other: 2.8ms
[2023-11-29T12:21:43.321-0800][gc,heap       ] GC(165) Eden regions: 48->0(45)
[2023-11-29T12:21:43.321-0800][gc,heap       ] GC(165) Survivor regions: 3->6(7)
[2023-11-29T12:21:43.322-0800][gc,heap       ] GC(165) Old regions: 138->138
[2023-11-29T12:21:43.322-0800][gc,heap       ] GC(165) Humongous regions: 138->138
[2023-11-29T12:21:43.322-0800][gc,metaspace  ] GC(165) Metaspace: 50502K->50502K(1095680K)
[2023-11-29T12:21:43.322-0800][gc            ] GC(165) Pause Young (Normal) (G1 Evacuation Pause) 325M->281M(1024M) 33.847ms
[2023-11-29T12:21:43.322-0800][gc,cpu        ] GC(165) User=0.05s Sys=0.11s Real=0.04s
[2023-11-29T12:27:13.055-0800][gc,start      ] GC(166) Pause Young (Normal) (G1 Evacuation Pause)
[2023-11-29T12:27:13.056-0800][gc,task       ] GC(166) Using 10 workers of 10 for evacuation
[2023-11-29T12:27:13.308-0800][gc,mmu        ] GC(166) MMU target violated: 21.0ms (20.0ms/21.0ms)
[2023-11-29T12:27:13.308-0800][gc,phases     ] GC(166)   Pre Evacuate Collection Set: 4.2ms
[2023-11-29T12:27:13.308-0800][gc,phases     ] GC(166)   Evacuate Collection Set: 239.8ms
[2023-11-29T12:27:13.308-0800][gc,phases     ] GC(166)   Post Evacuate Collection Set: 6.1ms
[2023-11-29T12:27:13.308-0800][gc,phases     ] GC(166)   Other: 3.3ms
[2023-11-29T12:27:13.308-0800][gc,heap       ] GC(166) Eden regions: 45->0(46)
[2023-11-29T12:27:13.308-0800][gc,heap       ] GC(166) Survivor regions: 6->5(7)
[2023-11-29T12:27:13.308-0800][gc,heap       ] GC(166) Old regions: 138->142
[2023-11-29T12:27:13.308-0800][gc,heap       ] GC(166) Humongous regions: 138->138
[2023-11-29T12:27:13.308-0800][gc,metaspace  ] GC(166) Metaspace: 50502K->50502K(1095680K)
[2023-11-29T12:27:13.309-0800][gc            ] GC(166) Pause Young (Normal) (G1 Evacuation Pause) 326M->284M(1024M) 253.655ms
[2023-11-29T12:27:13.309-0800][gc,cpu        ] GC(166) User=0.09s Sys=0.35s Real=0.25s
[2023-11-29T12:35:57.448-0800][gc,start      ] GC(167) Pause Young (Normal) (G1 Evacuation Pause)
[2023-11-29T12:35:57.450-0800][gc,task       ] GC(167) Using 10 workers of 10 for evacuation
[2023-11-29T12:35:57.584-0800][gc,mmu        ] GC(167) MMU target violated: 21.0ms (20.0ms/21.0ms)
[2023-11-29T12:35:57.584-0800][gc,phases     ] GC(167)   Pre Evacuate Collection Set: 3.8ms
[2023-11-29T12:35:57.584-0800][gc,phases     ] GC(167)   Evacuate Collection Set: 123.5ms
[2023-11-29T12:35:57.584-0800][gc,phases     ] GC(167)   Post Evacuate Collection Set: 3.1ms
[2023-11-29T12:35:57.585-0800][gc,phases     ] GC(167)   Other: 5.6ms
[2023-11-29T12:35:57.585-0800][gc,heap       ] GC(167) Eden regions: 46->0(46)
[2023-11-29T12:35:57.585-0800][gc,heap       ] GC(167) Survivor regions: 5->5(7)
[2023-11-29T12:35:57.585-0800][gc,heap       ] GC(167) Old regions: 142->146
[2023-11-29T12:35:57.585-0800][gc,heap       ] GC(167) Humongous regions: 138->138
[2023-11-29T12:35:57.585-0800][gc,metaspace  ] GC(167) Metaspace: 50515K->50515K(1095680K)
[2023-11-29T12:35:57.585-0800][gc            ] GC(167) Pause Young (Normal) (G1 Evacuation Pause) 330M->288M(1024M) 136.370ms
[2023-11-29T12:35:57.585-0800][gc,cpu        ] GC(167) User=0.21s Sys=0.58s Real=0.14s
[2023-11-29T12:43:53.200-0800][gc,start      ] GC(168) Pause Young (Normal) (G1 Evacuation Pause)
[2023-11-29T12:43:53.200-0800][gc,task       ] GC(168) Using 10 workers of 10 for evacuation
[2023-11-29T12:43:53.249-0800][gc,mmu        ] GC(168) MMU target violated: 21.0ms (20.0ms/21.0ms)
[2023-11-29T12:43:53.250-0800][gc,phases     ] GC(168)   Pre Evacuate Collection Set: 0.1ms
[2023-11-29T12:43:53.250-0800][gc,phases     ] GC(168)   Evacuate Collection Set: 46.1ms
[2023-11-29T12:43:53.250-0800][gc,phases     ] GC(168)   Post Evacuate Collection Set: 1.7ms
[2023-11-29T12:43:53.250-0800][gc,phases     ] GC(168)   Other: 2.2ms
[2023-11-29T12:43:53.250-0800][gc,heap       ] GC(168) Eden regions: 46->0(46)
[2023-11-29T12:43:53.250-0800][gc,heap       ] GC(168) Survivor regions: 5->5(7)
[2023-11-29T12:43:53.250-0800][gc,heap       ] GC(168) Old regions: 146->150
[2023-11-29T12:43:53.250-0800][gc,heap       ] GC(168) Humongous regions: 138->138
[2023-11-29T12:43:53.250-0800][gc,metaspace  ] GC(168) Metaspace: 50515K->50515K(1095680K)
[2023-11-29T12:43:53.250-0800][gc            ] GC(168) Pause Young (Normal) (G1 Evacuation Pause) 334M->292M(1024M) 50.446ms
[2023-11-29T12:43:53.250-0800][gc,cpu        ] GC(168) User=0.15s Sys=0.19s Real=0.05s
[2023-11-29T12:54:53.488-0800][gc,start      ] GC(169) Pause Young (Normal) (G1 Evacuation Pause)
[2023-11-29T12:54:53.489-0800][gc,task       ] GC(169) Using 10 workers of 10 for evacuation
[2023-11-29T12:54:53.507-0800][gc,phases     ] GC(169)   Pre Evacuate Collection Set: 0.0ms
[2023-11-29T12:54:53.507-0800][gc,phases     ] GC(169)   Evacuate Collection Set: 17.4ms
[2023-11-29T12:54:53.507-0800][gc,phases     ] GC(169)   Post Evacuate Collection Set: 0.2ms
[2023-11-29T12:54:53.507-0800][gc,phases     ] GC(169)   Other: 1.4ms
[2023-11-29T12:54:53.507-0800][gc,heap       ] GC(169) Eden regions: 46->0(46)
[2023-11-29T12:54:53.507-0800][gc,heap       ] GC(169) Survivor regions: 5->5(7)
[2023-11-29T12:54:53.507-0800][gc,heap       ] GC(169) Old regions: 150->153
[2023-11-29T12:54:53.507-0800][gc,heap       ] GC(169) Humongous regions: 138->138
[2023-11-29T12:54:53.507-0800][gc,metaspace  ] GC(169) Metaspace: 50515K->50515K(1095680K)
[2023-11-29T12:54:53.507-0800][gc            ] GC(169) Pause Young (Normal) (G1 Evacuation Pause) 338M->295M(1024M) 19.153ms
[2023-11-29T12:54:53.507-0800][gc,cpu        ] GC(169) User=0.03s Sys=0.03s Real=0.02s
[2023-11-29T13:01:35.302-0800][gc,start      ] GC(170) Pause Young (Normal) (G1 Evacuation Pause)
[2023-11-29T13:01:35.303-0800][gc,task       ] GC(170) Using 10 workers of 10 for evacuation
[2023-11-29T13:01:35.339-0800][gc,mmu        ] GC(170) MMU target violated: 21.0ms (20.0ms/21.0ms)
[2023-11-29T13:01:35.339-0800][gc,phases     ] GC(170)   Pre Evacuate Collection Set: 0.1ms
[2023-11-29T13:01:35.339-0800][gc,phases     ] GC(170)   Evacuate Collection Set: 33.2ms
[2023-11-29T13:01:35.339-0800][gc,phases     ] GC(170)   Post Evacuate Collection Set: 0.7ms
[2023-11-29T13:01:35.339-0800][gc,phases     ] GC(170)   Other: 3.5ms
[2023-11-29T13:01:35.339-0800][gc,heap       ] GC(170) Eden regions: 46->0(46)
[2023-11-29T13:01:35.339-0800][gc,heap       ] GC(170) Survivor regions: 5->5(7)
[2023-11-29T13:01:35.339-0800][gc,heap       ] GC(170) Old regions: 153->157
[2023-11-29T13:01:35.339-0800][gc,heap       ] GC(170) Humongous regions: 138->138
[2023-11-29T13:01:35.339-0800][gc,metaspace  ] GC(170) Metaspace: 50515K->50515K(1095680K)
[2023-11-29T13:01:35.339-0800][gc            ] GC(170) Pause Young (Normal) (G1 Evacuation Pause) 341M->299M(1024M) 37.835ms
[2023-11-29T13:01:35.340-0800][gc,cpu        ] GC(170) User=0.16s Sys=0.10s Real=0.03s
[2023-11-29T13:19:19.257-0800][gc,start      ] GC(171) Pause Young (Normal) (G1 Evacuation Pause)
[2023-11-29T13:19:19.258-0800][gc,task       ] GC(171) Using 10 workers of 10 for evacuation
[2023-11-29T13:19:19.312-0800][gc,mmu        ] GC(171) MMU target violated: 21.0ms (20.0ms/21.0ms)
[2023-11-29T13:19:19.312-0800][gc,phases     ] GC(171)   Pre Evacuate Collection Set: 0.3ms
[2023-11-29T13:19:19.312-0800][gc,phases     ] GC(171)   Evacuate Collection Set: 50.6ms
[2023-11-29T13:19:19.312-0800][gc,phases     ] GC(171)   Post Evacuate Collection Set: 1.0ms
[2023-11-29T13:19:19.312-0800][gc,phases     ] GC(171)   Other: 3.6ms
[2023-11-29T13:19:19.312-0800][gc,heap       ] GC(171) Eden regions: 46->0(46)
[2023-11-29T13:19:19.312-0800][gc,heap       ] GC(171) Survivor regions: 5->5(7)
[2023-11-29T13:19:19.313-0800][gc,heap       ] GC(171) Old regions: 157->160
[2023-11-29T13:19:19.313-0800][gc,heap       ] GC(171) Humongous regions: 138->138
[2023-11-29T13:19:19.313-0800][gc,metaspace  ] GC(171) Metaspace: 50515K->50515K(1095680K)
[2023-11-29T13:19:19.314-0800][gc            ] GC(171) Pause Young (Normal) (G1 Evacuation Pause) 345M->302M(1024M) 55.900ms
[2023-11-29T13:19:19.314-0800][gc,cpu        ] GC(171) User=0.17s Sys=0.19s Real=0.06s
[2023-11-29T13:48:32.309-0800][gc,start      ] GC(172) Pause Young (Normal) (G1 Evacuation Pause)
[2023-11-29T13:48:32.311-0800][gc,task       ] GC(172) Using 10 workers of 10 for evacuation
[2023-11-29T13:48:32.357-0800][gc,mmu        ] GC(172) MMU target violated: 21.0ms (20.0ms/21.0ms)
[2023-11-29T13:48:32.357-0800][gc,phases     ] GC(172)   Pre Evacuate Collection Set: 0.1ms
[2023-11-29T13:48:32.357-0800][gc,phases     ] GC(172)   Evacuate Collection Set: 43.9ms
[2023-11-29T13:48:32.357-0800][gc,phases     ] GC(172)   Post Evacuate Collection Set: 0.7ms
[2023-11-29T13:48:32.357-0800][gc,phases     ] GC(172)   Other: 3.4ms
[2023-11-29T13:48:32.358-0800][gc,heap       ] GC(172) Eden regions: 46->0(46)
[2023-11-29T13:48:32.358-0800][gc,heap       ] GC(172) Survivor regions: 5->5(7)
[2023-11-29T13:48:32.358-0800][gc,heap       ] GC(172) Old regions: 160->164
[2023-11-29T13:48:32.358-0800][gc,heap       ] GC(172) Humongous regions: 138->138
[2023-11-29T13:48:32.358-0800][gc,metaspace  ] GC(172) Metaspace: 50515K->50515K(1095680K)
[2023-11-29T13:48:32.358-0800][gc            ] GC(172) Pause Young (Normal) (G1 Evacuation Pause) 348M->306M(1024M) 48.507ms
[2023-11-29T13:48:32.358-0800][gc,cpu        ] GC(172) User=0.15s Sys=0.16s Real=0.05s
[2023-11-29T14:12:04.783-0800][gc,start      ] GC(173) Pause Young (Normal) (G1 Evacuation Pause)
[2023-11-29T14:12:04.783-0800][gc,task       ] GC(173) Using 10 workers of 10 for evacuation
[2023-11-29T14:12:04.802-0800][gc,phases     ] GC(173)   Pre Evacuate Collection Set: 0.0ms
[2023-11-29T14:12:04.802-0800][gc,phases     ] GC(173)   Evacuate Collection Set: 16.8ms
[2023-11-29T14:12:04.802-0800][gc,phases     ] GC(173)   Post Evacuate Collection Set: 0.2ms
[2023-11-29T14:12:04.802-0800][gc,phases     ] GC(173)   Other: 1.7ms
[2023-11-29T14:12:04.802-0800][gc,heap       ] GC(173) Eden regions: 46->0(44)
[2023-11-29T14:12:04.802-0800][gc,heap       ] GC(173) Survivor regions: 5->7(7)
[2023-11-29T14:12:04.802-0800][gc,heap       ] GC(173) Old regions: 164->168
[2023-11-29T14:12:04.802-0800][gc,heap       ] GC(173) Humongous regions: 138->138
[2023-11-29T14:12:04.802-0800][gc,metaspace  ] GC(173) Metaspace: 50530K->50530K(1095680K)
[2023-11-29T14:12:04.802-0800][gc            ] GC(173) Pause Young (Normal) (G1 Evacuation Pause) 352M->311M(1024M) 18.930ms
[2023-11-29T14:12:04.802-0800][gc,cpu        ] GC(173) User=0.04s Sys=0.04s Real=0.02s
[2023-11-29T14:17:20.577-0800][gc,start      ] GC(174) Pause Young (Normal) (G1 Evacuation Pause)
[2023-11-29T14:17:20.578-0800][gc,task       ] GC(174) Using 10 workers of 10 for evacuation
[2023-11-29T14:17:20.629-0800][gc,mmu        ] GC(174) MMU target violated: 21.0ms (20.0ms/21.0ms)
[2023-11-29T14:17:20.629-0800][gc,phases     ] GC(174)   Pre Evacuate Collection Set: 2.2ms
[2023-11-29T14:17:20.629-0800][gc,phases     ] GC(174)   Evacuate Collection Set: 38.7ms
[2023-11-29T14:17:20.629-0800][gc,phases     ] GC(174)   Post Evacuate Collection Set: 1.9ms
[2023-11-29T14:17:20.629-0800][gc,phases     ] GC(174)   Other: 10.5ms
[2023-11-29T14:17:20.629-0800][gc,heap       ] GC(174) Eden regions: 44->0(48)
[2023-11-29T14:17:20.629-0800][gc,heap       ] GC(174) Survivor regions: 7->3(7)
[2023-11-29T14:17:20.629-0800][gc,heap       ] GC(174) Old regions: 168->172
[2023-11-29T14:17:20.630-0800][gc,heap       ] GC(174) Humongous regions: 138->138
[2023-11-29T14:17:20.630-0800][gc,metaspace  ] GC(174) Metaspace: 50530K->50530K(1095680K)
[2023-11-29T14:17:20.630-0800][gc            ] GC(174) Pause Young (Normal) (G1 Evacuation Pause) 355M->312M(1024M) 52.884ms
[2023-11-29T14:17:20.630-0800][gc,cpu        ] GC(174) User=0.03s Sys=0.11s Real=0.06s
[2023-11-29T14:23:11.184-0800][gc,start      ] GC(175) Pause Young (Normal) (G1 Evacuation Pause)
[2023-11-29T14:23:11.184-0800][gc,task       ] GC(175) Using 10 workers of 10 for evacuation
[2023-11-29T14:23:11.204-0800][gc,phases     ] GC(175)   Pre Evacuate Collection Set: 0.1ms
[2023-11-29T14:23:11.204-0800][gc,phases     ] GC(175)   Evacuate Collection Set: 17.7ms
[2023-11-29T14:23:11.204-0800][gc,phases     ] GC(175)   Post Evacuate Collection Set: 1.0ms
[2023-11-29T14:23:11.204-0800][gc,phases     ] GC(175)   Other: 1.3ms
[2023-11-29T14:23:11.204-0800][gc,heap       ] GC(175) Eden regions: 48->0(45)
[2023-11-29T14:23:11.204-0800][gc,heap       ] GC(175) Survivor regions: 3->6(7)
[2023-11-29T14:23:11.204-0800][gc,heap       ] GC(175) Old regions: 172->172
[2023-11-29T14:23:11.204-0800][gc,heap       ] GC(175) Humongous regions: 138->138
[2023-11-29T14:23:11.204-0800][gc,metaspace  ] GC(175) Metaspace: 50530K->50530K(1095680K)
[2023-11-29T14:23:11.204-0800][gc            ] GC(175) Pause Young (Normal) (G1 Evacuation Pause) 360M->315M(1024M) 20.213ms
[2023-11-29T14:23:11.204-0800][gc,cpu        ] GC(175) User=0.05s Sys=0.05s Real=0.02s
[2023-11-29T14:28:41.253-0800][gc,start      ] GC(176) Pause Young (Normal) (G1 Evacuation Pause)
[2023-11-29T14:28:41.254-0800][gc,task       ] GC(176) Using 10 workers of 10 for evacuation
[2023-11-29T14:28:41.304-0800][gc,mmu        ] GC(176) MMU target violated: 21.0ms (20.0ms/21.0ms)
[2023-11-29T14:28:41.304-0800][gc,phases     ] GC(176)   Pre Evacuate Collection Set: 2.8ms
[2023-11-29T14:28:41.304-0800][gc,phases     ] GC(176)   Evacuate Collection Set: 41.4ms
[2023-11-29T14:28:41.304-0800][gc,phases     ] GC(176)   Post Evacuate Collection Set: 0.6ms
[2023-11-29T14:28:41.304-0800][gc,phases     ] GC(176)   Other: 7.2ms
[2023-11-29T14:28:41.304-0800][gc,heap       ] GC(176) Eden regions: 45->0(46)
[2023-11-29T14:28:41.304-0800][gc,heap       ] GC(176) Survivor regions: 6->5(7)
[2023-11-29T14:28:41.304-0800][gc,heap       ] GC(176) Old regions: 172->177
[2023-11-29T14:28:41.304-0800][gc,heap       ] GC(176) Humongous regions: 138->138
[2023-11-29T14:28:41.304-0800][gc,metaspace  ] GC(176) Metaspace: 50530K->50530K(1095680K)
[2023-11-29T14:28:41.304-0800][gc            ] GC(176) Pause Young (Normal) (G1 Evacuation Pause) 360M->318M(1024M) 51.686ms
[2023-11-29T14:28:41.304-0800][gc,cpu        ] GC(176) User=0.04s Sys=0.12s Real=0.05s
[2023-11-29T14:34:19.467-0800][gc,start      ] GC(177) Pause Young (Normal) (G1 Evacuation Pause)
[2023-11-29T14:34:19.469-0800][gc,task       ] GC(177) Using 10 workers of 10 for evacuation
[2023-11-29T14:34:19.517-0800][gc,mmu        ] GC(177) MMU target violated: 21.0ms (20.0ms/21.0ms)
[2023-11-29T14:34:19.518-0800][gc,phases     ] GC(177)   Pre Evacuate Collection Set: 2.9ms
[2023-11-29T14:34:19.518-0800][gc,phases     ] GC(177)   Evacuate Collection Set: 37.4ms
[2023-11-29T14:34:19.518-0800][gc,phases     ] GC(177)   Post Evacuate Collection Set: 1.5ms
[2023-11-29T14:34:19.518-0800][gc,phases     ] GC(177)   Other: 9.9ms
[2023-11-29T14:34:19.518-0800][gc,heap       ] GC(177) Eden regions: 46->0(46)
[2023-11-29T14:34:19.518-0800][gc,heap       ] GC(177) Survivor regions: 5->5(7)
[2023-11-29T14:34:19.518-0800][gc,heap       ] GC(177) Old regions: 177->180
[2023-11-29T14:34:19.518-0800][gc,heap       ] GC(177) Humongous regions: 138->138
[2023-11-29T14:34:19.518-0800][gc,metaspace  ] GC(177) Metaspace: 50530K->50530K(1095680K)
[2023-11-29T14:34:19.519-0800][gc            ] GC(177) Pause Young (Normal) (G1 Evacuation Pause) 364M->322M(1024M) 51.437ms
[2023-11-29T14:34:19.519-0800][gc,cpu        ] GC(177) User=0.03s Sys=0.12s Real=0.05s
[2023-11-29T14:39:56.345-0800][gc,start      ] GC(178) Pause Young (Normal) (G1 Evacuation Pause)
[2023-11-29T14:39:56.346-0800][gc,task       ] GC(178) Using 10 workers of 10 for evacuation
[2023-11-29T14:39:56.385-0800][gc,mmu        ] GC(178) MMU target violated: 21.0ms (20.0ms/21.0ms)
[2023-11-29T14:39:56.385-0800][gc,phases     ] GC(178)   Pre Evacuate Collection Set: 1.5ms
[2023-11-29T14:39:56.385-0800][gc,phases     ] GC(178)   Evacuate Collection Set: 34.2ms
[2023-11-29T14:39:56.385-0800][gc,phases     ] GC(178)   Post Evacuate Collection Set: 1.3ms
[2023-11-29T14:39:56.385-0800][gc,phases     ] GC(178)   Other: 2.9ms
[2023-11-29T14:39:56.385-0800][gc,heap       ] GC(178) Eden regions: 46->0(46)
[2023-11-29T14:39:56.385-0800][gc,heap       ] GC(178) Survivor regions: 5->5(7)
[2023-11-29T14:39:56.385-0800][gc,heap       ] GC(178) Old regions: 180->184
[2023-11-29T14:39:56.385-0800][gc,heap       ] GC(178) Humongous regions: 138->138
[2023-11-29T14:39:56.385-0800][gc,metaspace  ] GC(178) Metaspace: 50530K->50530K(1095680K)
[2023-11-29T14:39:56.385-0800][gc            ] GC(178) Pause Young (Normal) (G1 Evacuation Pause) 368M->326M(1024M) 40.029ms
[2023-11-29T14:39:56.385-0800][gc,cpu        ] GC(178) User=0.06s Sys=0.14s Real=0.04s
[2023-11-29T14:45:33.272-0800][gc,start      ] GC(179) Pause Young (Normal) (G1 Evacuation Pause)
[2023-11-29T14:45:33.287-0800][gc,task       ] GC(179) Using 10 workers of 10 for evacuation
[2023-11-29T14:45:33.341-0800][gc,mmu        ] GC(179) MMU target violated: 21.0ms (20.0ms/21.0ms)
[2023-11-29T14:45:33.342-0800][gc,phases     ] GC(179)   Pre Evacuate Collection Set: 1.4ms
[2023-11-29T14:45:33.342-0800][gc,phases     ] GC(179)   Evacuate Collection Set: 47.2ms
[2023-11-29T14:45:33.342-0800][gc,phases     ] GC(179)   Post Evacuate Collection Set: 4.1ms
[2023-11-29T14:45:33.342-0800][gc,phases     ] GC(179)   Other: 17.2ms
[2023-11-29T14:45:33.342-0800][gc,heap       ] GC(179) Eden regions: 46->0(46)
[2023-11-29T14:45:33.342-0800][gc,heap       ] GC(179) Survivor regions: 5->5(7)
[2023-11-29T14:45:33.342-0800][gc,heap       ] GC(179) Old regions: 184->188
[2023-11-29T14:45:33.342-0800][gc,heap       ] GC(179) Humongous regions: 138->138
[2023-11-29T14:45:33.342-0800][gc,metaspace  ] GC(179) Metaspace: 50530K->50530K(1095680K)
[2023-11-29T14:45:33.342-0800][gc            ] GC(179) Pause Young (Normal) (G1 Evacuation Pause) 372M->329M(1024M) 70.166ms
[2023-11-29T14:45:33.342-0800][gc,cpu        ] GC(179) User=0.06s Sys=0.14s Real=0.07s
[2023-11-29T14:51:11.623-0800][gc,start      ] GC(180) Pause Young (Normal) (G1 Evacuation Pause)
[2023-11-29T14:51:11.624-0800][gc,task       ] GC(180) Using 10 workers of 10 for evacuation
[2023-11-29T14:51:11.654-0800][gc,mmu        ] GC(180) MMU target violated: 21.0ms (20.0ms/21.0ms)
[2023-11-29T14:51:11.654-0800][gc,phases     ] GC(180)   Pre Evacuate Collection Set: 0.8ms
[2023-11-29T14:51:11.654-0800][gc,phases     ] GC(180)   Evacuate Collection Set: 26.0ms
[2023-11-29T14:51:11.654-0800][gc,phases     ] GC(180)   Post Evacuate Collection Set: 1.9ms
[2023-11-29T14:51:11.654-0800][gc,phases     ] GC(180)   Other: 2.0ms
[2023-11-29T14:51:11.654-0800][gc,heap       ] GC(180) Eden regions: 46->0(46)
[2023-11-29T14:51:11.654-0800][gc,heap       ] GC(180) Survivor regions: 5->5(7)
[2023-11-29T14:51:11.654-0800][gc,heap       ] GC(180) Old regions: 188->191
[2023-11-29T14:51:11.654-0800][gc,heap       ] GC(180) Humongous regions: 138->138
[2023-11-29T14:51:11.654-0800][gc,metaspace  ] GC(180) Metaspace: 50530K->50530K(1095680K)
[2023-11-29T14:51:11.654-0800][gc            ] GC(180) Pause Young (Normal) (G1 Evacuation Pause) 375M->333M(1024M) 30.784ms
[2023-11-29T14:51:11.654-0800][gc,cpu        ] GC(180) User=0.05s Sys=0.11s Real=0.03s
[2023-11-29T14:56:49.108-0800][gc,start      ] GC(181) Pause Young (Normal) (G1 Evacuation Pause)
[2023-11-29T14:56:49.109-0800][gc,task       ] GC(181) Using 10 workers of 10 for evacuation
[2023-11-29T14:56:49.129-0800][gc,phases     ] GC(181)   Pre Evacuate Collection Set: 0.8ms
[2023-11-29T14:56:49.129-0800][gc,phases     ] GC(181)   Evacuate Collection Set: 18.0ms
[2023-11-29T14:56:49.129-0800][gc,phases     ] GC(181)   Post Evacuate Collection Set: 0.2ms
[2023-11-29T14:56:49.129-0800][gc,phases     ] GC(181)   Other: 1.5ms
[2023-11-29T14:56:49.129-0800][gc,heap       ] GC(181) Eden regions: 46->0(46)
[2023-11-29T14:56:49.129-0800][gc,heap       ] GC(181) Survivor regions: 5->5(7)
[2023-11-29T14:56:49.129-0800][gc,heap       ] GC(181) Old regions: 191->195
[2023-11-29T14:56:49.129-0800][gc,heap       ] GC(181) Humongous regions: 138->138
[2023-11-29T14:56:49.129-0800][gc,metaspace  ] GC(181) Metaspace: 50530K->50530K(1095680K)
[2023-11-29T14:56:49.129-0800][gc            ] GC(181) Pause Young (Normal) (G1 Evacuation Pause) 379M->337M(1024M) 20.562ms
[2023-11-29T14:56:49.129-0800][gc,cpu        ] GC(181) User=0.04s Sys=0.05s Real=0.02s
[2023-11-29T15:02:27.385-0800][gc,start      ] GC(182) Pause Young (Normal) (G1 Evacuation Pause)
[2023-11-29T15:02:27.386-0800][gc,task       ] GC(182) Using 10 workers of 10 for evacuation
[2023-11-29T15:02:27.412-0800][gc,mmu        ] GC(182) MMU target violated: 21.0ms (20.0ms/21.0ms)
[2023-11-29T15:02:27.412-0800][gc,phases     ] GC(182)   Pre Evacuate Collection Set: 0.0ms
[2023-11-29T15:02:27.412-0800][gc,phases     ] GC(182)   Evacuate Collection Set: 24.8ms
[2023-11-29T15:02:27.412-0800][gc,phases     ] GC(182)   Post Evacuate Collection Set: 0.7ms
[2023-11-29T15:02:27.412-0800][gc,phases     ] GC(182)   Other: 1.7ms
[2023-11-29T15:02:27.412-0800][gc,heap       ] GC(182) Eden regions: 46->0(46)
[2023-11-29T15:02:27.412-0800][gc,heap       ] GC(182) Survivor regions: 5->5(7)
[2023-11-29T15:02:27.412-0800][gc,heap       ] GC(182) Old regions: 195->199
[2023-11-29T15:02:27.412-0800][gc,heap       ] GC(182) Humongous regions: 138->138
[2023-11-29T15:02:27.412-0800][gc,metaspace  ] GC(182) Metaspace: 50530K->50530K(1095680K)
[2023-11-29T15:02:27.412-0800][gc            ] GC(182) Pause Young (Normal) (G1 Evacuation Pause) 383M->340M(1024M) 27.221ms
[2023-11-29T15:02:27.412-0800][gc,cpu        ] GC(182) User=0.04s Sys=0.07s Real=0.03s
[2023-11-29T15:08:04.835-0800][gc,start      ] GC(183) Pause Young (Normal) (G1 Evacuation Pause)
[2023-11-29T15:08:04.836-0800][gc,task       ] GC(183) Using 10 workers of 10 for evacuation
[2023-11-29T15:08:04.954-0800][gc,mmu        ] GC(183) MMU target violated: 21.0ms (20.0ms/21.0ms)
[2023-11-29T15:08:04.955-0800][gc,phases     ] GC(183)   Pre Evacuate Collection Set: 2.6ms
[2023-11-29T15:08:04.955-0800][gc,phases     ] GC(183)   Evacuate Collection Set: 112.5ms
[2023-11-29T15:08:04.955-0800][gc,phases     ] GC(183)   Post Evacuate Collection Set: 1.4ms
[2023-11-29T15:08:04.955-0800][gc,phases     ] GC(183)   Other: 3.3ms
[2023-11-29T15:08:04.955-0800][gc,heap       ] GC(183) Eden regions: 46->0(46)
[2023-11-29T15:08:04.955-0800][gc,heap       ] GC(183) Survivor regions: 5->5(7)
[2023-11-29T15:08:04.955-0800][gc,heap       ] GC(183) Old regions: 199->203
[2023-11-29T15:08:04.955-0800][gc,heap       ] GC(183) Humongous regions: 138->138
[2023-11-29T15:08:04.955-0800][gc,metaspace  ] GC(183) Metaspace: 50530K->50530K(1095680K)
[2023-11-29T15:08:04.955-0800][gc            ] GC(183) Pause Young (Normal) (G1 Evacuation Pause) 386M->344M(1024M) 119.534ms
[2023-11-29T15:08:04.955-0800][gc,cpu        ] GC(183) User=0.06s Sys=0.20s Real=0.12s
[2023-11-29T15:13:16.179-0800][gc,start      ] GC(184) Pause Young (Normal) (G1 Evacuation Pause)
[2023-11-29T15:13:16.181-0800][gc,task       ] GC(184) Using 10 workers of 10 for evacuation
[2023-11-29T15:13:16.228-0800][gc,mmu        ] GC(184) MMU target violated: 21.0ms (20.0ms/21.0ms)
[2023-11-29T15:13:16.229-0800][gc,phases     ] GC(184)   Pre Evacuate Collection Set: 0.0ms
[2023-11-29T15:13:16.229-0800][gc,phases     ] GC(184)   Evacuate Collection Set: 47.3ms
[2023-11-29T15:13:16.229-0800][gc,phases     ] GC(184)   Post Evacuate Collection Set: 0.3ms
[2023-11-29T15:13:16.229-0800][gc,phases     ] GC(184)   Other: 1.4ms
[2023-11-29T15:13:16.229-0800][gc,heap       ] GC(184) Eden regions: 46->0(45)
[2023-11-29T15:13:16.229-0800][gc,heap       ] GC(184) Survivor regions: 5->6(7)
[2023-11-29T15:13:16.229-0800][gc,heap       ] GC(184) Old regions: 203->206
[2023-11-29T15:13:16.229-0800][gc,heap       ] GC(184) Humongous regions: 138->138
[2023-11-29T15:13:16.229-0800][gc,metaspace  ] GC(184) Metaspace: 50531K->50531K(1095680K)
[2023-11-29T15:13:16.229-0800][gc            ] GC(184) Pause Young (Normal) (G1 Evacuation Pause) 390M->349M(1024M) 49.214ms
[2023-11-29T15:13:16.229-0800][gc,cpu        ] GC(184) User=0.05s Sys=0.12s Real=0.05s
[2023-11-29T15:18:45.667-0800][gc,start      ] GC(185) Pause Young (Normal) (G1 Evacuation Pause)
[2023-11-29T15:18:45.669-0800][gc,task       ] GC(185) Using 10 workers of 10 for evacuation
[2023-11-29T15:18:45.699-0800][gc,mmu        ] GC(185) MMU target violated: 21.0ms (20.0ms/21.0ms)
[2023-11-29T15:18:45.699-0800][gc,phases     ] GC(185)   Pre Evacuate Collection Set: 0.1ms
[2023-11-29T15:18:45.699-0800][gc,phases     ] GC(185)   Evacuate Collection Set: 28.8ms
[2023-11-29T15:18:45.699-0800][gc,phases     ] GC(185)   Post Evacuate Collection Set: 0.2ms
[2023-11-29T15:18:45.699-0800][gc,phases     ] GC(185)   Other: 2.4ms
[2023-11-29T15:18:45.699-0800][gc,heap       ] GC(185) Eden regions: 45->0(48)
[2023-11-29T15:18:45.699-0800][gc,heap       ] GC(185) Survivor regions: 6->3(7)
[2023-11-29T15:18:45.699-0800][gc,heap       ] GC(185) Old regions: 206->210
[2023-11-29T15:18:45.699-0800][gc,heap       ] GC(185) Humongous regions: 138->138
[2023-11-29T15:18:45.699-0800][gc,metaspace  ] GC(185) Metaspace: 50531K->50531K(1095680K)
[2023-11-29T15:18:45.699-0800][gc            ] GC(185) Pause Young (Normal) (G1 Evacuation Pause) 394M->350M(1024M) 31.590ms
[2023-11-29T15:18:45.699-0800][gc,cpu        ] GC(185) User=0.02s Sys=0.06s Real=0.03s
[2023-11-29T15:24:39.110-0800][gc,start      ] GC(186) Pause Young (Normal) (G1 Evacuation Pause)
[2023-11-29T15:24:39.111-0800][gc,task       ] GC(186) Using 10 workers of 10 for evacuation
[2023-11-29T15:24:39.121-0800][gc,phases     ] GC(186)   Pre Evacuate Collection Set: 0.0ms
[2023-11-29T15:24:39.121-0800][gc,phases     ] GC(186)   Evacuate Collection Set: 9.8ms
[2023-11-29T15:24:39.121-0800][gc,phases     ] GC(186)   Post Evacuate Collection Set: 0.2ms
[2023-11-29T15:24:39.121-0800][gc,phases     ] GC(186)   Other: 0.8ms
[2023-11-29T15:24:39.121-0800][gc,heap       ] GC(186) Eden regions: 48->0(45)
[2023-11-29T15:24:39.121-0800][gc,heap       ] GC(186) Survivor regions: 3->6(7)
[2023-11-29T15:24:39.121-0800][gc,heap       ] GC(186) Old regions: 210->210
[2023-11-29T15:24:39.121-0800][gc,heap       ] GC(186) Humongous regions: 138->138
[2023-11-29T15:24:39.121-0800][gc,metaspace  ] GC(186) Metaspace: 50531K->50531K(1095680K)
[2023-11-29T15:24:39.122-0800][gc            ] GC(186) Pause Young (Normal) (G1 Evacuation Pause) 398M->353M(1024M) 10.958ms
[2023-11-29T15:24:39.122-0800][gc,cpu        ] GC(186) User=0.03s Sys=0.03s Real=0.01s
[2023-11-29T15:30:10.051-0800][gc,start      ] GC(187) Pause Young (Normal) (G1 Evacuation Pause)
[2023-11-29T15:30:10.053-0800][gc,task       ] GC(187) Using 10 workers of 10 for evacuation
[2023-11-29T15:30:10.083-0800][gc,mmu        ] GC(187) MMU target violated: 21.0ms (20.0ms/21.0ms)
[2023-11-29T15:30:10.083-0800][gc,phases     ] GC(187)   Pre Evacuate Collection Set: 0.0ms
[2023-11-29T15:30:10.083-0800][gc,phases     ] GC(187)   Evacuate Collection Set: 28.9ms
[2023-11-29T15:30:10.083-0800][gc,phases     ] GC(187)   Post Evacuate Collection Set: 0.2ms
[2023-11-29T15:30:10.083-0800][gc,phases     ] GC(187)   Other: 2.2ms
[2023-11-29T15:30:10.083-0800][gc,heap       ] GC(187) Eden regions: 45->0(46)
[2023-11-29T15:30:10.083-0800][gc,heap       ] GC(187) Survivor regions: 6->5(7)
[2023-11-29T15:30:10.083-0800][gc,heap       ] GC(187) Old regions: 210->215
[2023-11-29T15:30:10.083-0800][gc,heap       ] GC(187) Humongous regions: 138->138
[2023-11-29T15:30:10.083-0800][gc,metaspace  ] GC(187) Metaspace: 50531K->50531K(1095680K)
[2023-11-29T15:30:10.083-0800][gc            ] GC(187) Pause Young (Normal) (G1 Evacuation Pause) 398M->356M(1024M) 31.436ms
[2023-11-29T15:30:10.083-0800][gc,cpu        ] GC(187) User=0.04s Sys=0.06s Real=0.03s
[2023-11-29T15:35:46.068-0800][gc,start      ] GC(188) Pause Young (Normal) (G1 Evacuation Pause)
[2023-11-29T15:35:46.068-0800][gc,task       ] GC(188) Using 10 workers of 10 for evacuation
[2023-11-29T15:35:46.090-0800][gc,mmu        ] GC(188) MMU target violated: 21.0ms (20.0ms/21.0ms)
[2023-11-29T15:35:46.090-0800][gc,phases     ] GC(188)   Pre Evacuate Collection Set: 0.1ms
[2023-11-29T15:35:46.090-0800][gc,phases     ] GC(188)   Evacuate Collection Set: 20.7ms
[2023-11-29T15:35:46.090-0800][gc,phases     ] GC(188)   Post Evacuate Collection Set: 0.2ms
[2023-11-29T15:35:46.090-0800][gc,phases     ] GC(188)   Other: 1.3ms
[2023-11-29T15:35:46.090-0800][gc,heap       ] GC(188) Eden regions: 46->0(46)
[2023-11-29T15:35:46.090-0800][gc,heap       ] GC(188) Survivor regions: 5->5(7)
[2023-11-29T15:35:46.090-0800][gc,heap       ] GC(188) Old regions: 215->219
[2023-11-29T15:35:46.090-0800][gc,heap       ] GC(188) Humongous regions: 138->138
[2023-11-29T15:35:46.090-0800][gc,metaspace  ] GC(188) Metaspace: 50531K->50531K(1095680K)
[2023-11-29T15:35:46.090-0800][gc            ] GC(188) Pause Young (Normal) (G1 Evacuation Pause) 402M->360M(1024M) 22.476ms
[2023-11-29T15:35:46.090-0800][gc,cpu        ] GC(188) User=0.05s Sys=0.05s Real=0.03s
[2023-11-29T15:41:22.881-0800][gc,start      ] GC(189) Pause Young (Normal) (G1 Evacuation Pause)
[2023-11-29T15:41:22.881-0800][gc,task       ] GC(189) Using 10 workers of 10 for evacuation
[2023-11-29T15:41:22.959-0800][gc,mmu        ] GC(189) MMU target violated: 21.0ms (20.0ms/21.0ms)
[2023-11-29T15:41:22.959-0800][gc,phases     ] GC(189)   Pre Evacuate Collection Set: 0.1ms
[2023-11-29T15:41:22.959-0800][gc,phases     ] GC(189)   Evacuate Collection Set: 75.8ms
[2023-11-29T15:41:22.959-0800][gc,phases     ] GC(189)   Post Evacuate Collection Set: 0.9ms
[2023-11-29T15:41:22.959-0800][gc,phases     ] GC(189)   Other: 1.5ms
[2023-11-29T15:41:22.959-0800][gc,heap       ] GC(189) Eden regions: 46->0(46)
[2023-11-29T15:41:22.959-0800][gc,heap       ] GC(189) Survivor regions: 5->5(7)
[2023-11-29T15:41:22.959-0800][gc,heap       ] GC(189) Old regions: 219->222
[2023-11-29T15:41:22.959-0800][gc,heap       ] GC(189) Humongous regions: 138->138
[2023-11-29T15:41:22.959-0800][gc,metaspace  ] GC(189) Metaspace: 50531K->50531K(1095680K)
[2023-11-29T15:41:22.959-0800][gc            ] GC(189) Pause Young (Normal) (G1 Evacuation Pause) 406M->364M(1024M) 78.328ms
[2023-11-29T15:41:22.959-0800][gc,cpu        ] GC(189) User=0.06s Sys=0.19s Real=0.07s
[2023-11-29T15:47:02.454-0800][gc,start      ] GC(190) Pause Young (Concurrent Start) (G1 Evacuation Pause)
[2023-11-29T15:47:02.456-0800][gc,task       ] GC(190) Using 10 workers of 10 for evacuation
[2023-11-29T15:47:02.589-0800][gc,mmu        ] GC(190) MMU target violated: 21.0ms (20.0ms/21.0ms)
[2023-11-29T15:47:02.590-0800][gc,phases     ] GC(190)   Pre Evacuate Collection Set: 1.0ms
[2023-11-29T15:47:02.609-0800][gc,phases     ] GC(190)   Evacuate Collection Set: 122.4ms
[2023-11-29T15:47:02.609-0800][gc,phases     ] GC(190)   Post Evacuate Collection Set: 0.4ms
[2023-11-29T15:47:02.609-0800][gc,phases     ] GC(190)   Other: 12.6ms
[2023-11-29T15:47:02.609-0800][gc,heap       ] GC(190) Eden regions: 46->0(46)
[2023-11-29T15:47:02.609-0800][gc,heap       ] GC(190) Survivor regions: 5->5(7)
[2023-11-29T15:47:02.609-0800][gc,heap       ] GC(190) Old regions: 222->226
[2023-11-29T15:47:02.609-0800][gc,heap       ] GC(190) Humongous regions: 138->138
[2023-11-29T15:47:02.609-0800][gc,metaspace  ] GC(190) Metaspace: 50531K->50531K(1095680K)
[2023-11-29T15:47:02.609-0800][gc            ] GC(190) Pause Young (Concurrent Start) (G1 Evacuation Pause) 410M->368M(1024M) 154.903ms
[2023-11-29T15:47:02.609-0800][gc,cpu        ] GC(190) User=0.03s Sys=0.14s Real=0.15s
[2023-11-29T15:47:02.611-0800][gc            ] GC(191) Concurrent Cycle
[2023-11-29T15:47:02.612-0800][gc,marking    ] GC(191) Concurrent Clear Claimed Marks
[2023-11-29T15:47:02.613-0800][gc,marking    ] GC(191) Concurrent Clear Claimed Marks 0.483ms
[2023-11-29T15:47:02.613-0800][gc,marking    ] GC(191) Concurrent Scan Root Regions
[2023-11-29T15:47:02.708-0800][gc,marking    ] GC(191) Concurrent Scan Root Regions 95.375ms
[2023-11-29T15:47:02.708-0800][gc,marking    ] GC(191) Concurrent Mark (63312.561s)
[2023-11-29T15:47:02.708-0800][gc,marking    ] GC(191) Concurrent Mark From Roots
[2023-11-29T15:47:02.708-0800][gc,task       ] GC(191) Using 3 workers of 3 for marking
[2023-11-29T15:47:02.862-0800][gc,marking    ] GC(191) Concurrent Mark From Roots 154.127ms
[2023-11-29T15:47:02.862-0800][gc,marking    ] GC(191) Concurrent Preclean
[2023-11-29T15:47:02.862-0800][gc,marking    ] GC(191) Concurrent Preclean 0.168ms
[2023-11-29T15:47:02.862-0800][gc,marking    ] GC(191) Concurrent Mark (63312.561s, 63312.715s) 154.376ms
[2023-11-29T15:47:02.863-0800][gc,start      ] GC(191) Pause Remark
[2023-11-29T15:47:03.100-0800][gc,stringtable] GC(191) Cleaned string and symbol table, strings: 16194 processed, 3 removed, symbols: 120579 processed, 1 removed
[2023-11-29T15:47:03.108-0800][gc,mmu        ] GC(191) MMU target violated: 21.0ms (20.0ms/21.0ms)
[2023-11-29T15:47:03.108-0800][gc            ] GC(191) Pause Remark 368M->289M(1024M) 244.947ms
[2023-11-29T15:47:03.108-0800][gc,cpu        ] GC(191) User=0.04s Sys=0.35s Real=0.24s
[2023-11-29T15:47:03.108-0800][gc,marking    ] GC(191) Concurrent Rebuild Remembered Sets
[2023-11-29T15:47:03.147-0800][gc,marking    ] GC(191) Concurrent Rebuild Remembered Sets 38.999ms
[2023-11-29T15:47:03.147-0800][gc,start      ] GC(191) Pause Cleanup
[2023-11-29T15:47:03.147-0800][gc            ] GC(191) Pause Cleanup 289M->289M(1024M) 0.188ms
[2023-11-29T15:47:03.147-0800][gc,cpu        ] GC(191) User=0.00s Sys=0.00s Real=0.00s
[2023-11-29T15:47:03.147-0800][gc,marking    ] GC(191) Concurrent Cleanup for Next Mark
[2023-11-29T15:47:03.158-0800][gc,marking    ] GC(191) Concurrent Cleanup for Next Mark 11.314ms
[2023-11-29T15:47:03.159-0800][gc            ] GC(191) Concurrent Cycle 548.708ms
[2023-11-29T15:52:39.592-0800][gc,start      ] GC(192) Pause Young (Prepare Mixed) (G1 Evacuation Pause)
[2023-11-29T15:52:39.594-0800][gc,task       ] GC(192) Using 10 workers of 10 for evacuation
[2023-11-29T15:52:39.629-0800][gc,mmu        ] GC(192) MMU target violated: 21.0ms (20.0ms/21.0ms)
[2023-11-29T15:52:39.629-0800][gc,phases     ] GC(192)   Pre Evacuate Collection Set: 0.1ms
[2023-11-29T15:52:39.629-0800][gc,phases     ] GC(192)   Evacuate Collection Set: 28.3ms
[2023-11-29T15:52:39.629-0800][gc,phases     ] GC(192)   Post Evacuate Collection Set: 0.6ms
[2023-11-29T15:52:39.629-0800][gc,phases     ] GC(192)   Other: 8.0ms
[2023-11-29T15:52:39.629-0800][gc,heap       ] GC(192) Eden regions: 46->0(46)
[2023-11-29T15:52:39.629-0800][gc,heap       ] GC(192) Survivor regions: 5->5(7)
[2023-11-29T15:52:39.629-0800][gc,heap       ] GC(192) Old regions: 147->151
[2023-11-29T15:52:39.629-0800][gc,heap       ] GC(192) Humongous regions: 138->138
[2023-11-29T15:52:39.630-0800][gc,metaspace  ] GC(192) Metaspace: 50531K->50531K(1095680K)
[2023-11-29T15:52:39.630-0800][gc            ] GC(192) Pause Young (Prepare Mixed) (G1 Evacuation Pause) 335M->292M(1024M) 37.069ms
[2023-11-29T15:52:39.630-0800][gc,cpu        ] GC(192) User=0.04s Sys=0.07s Real=0.04s
[2023-11-29T15:58:18.181-0800][gc,start      ] GC(193) Pause Young (Mixed) (G1 Evacuation Pause)
[2023-11-29T15:58:18.182-0800][gc,task       ] GC(193) Using 10 workers of 10 for evacuation
[2023-11-29T15:58:18.216-0800][gc,mmu        ] GC(193) MMU target violated: 21.0ms (20.0ms/21.0ms)
[2023-11-29T15:58:18.216-0800][gc,phases     ] GC(193)   Pre Evacuate Collection Set: 1.5ms
[2023-11-29T15:58:18.216-0800][gc,phases     ] GC(193)   Evacuate Collection Set: 28.8ms
[2023-11-29T15:58:18.216-0800][gc,phases     ] GC(193)   Post Evacuate Collection Set: 0.9ms
[2023-11-29T15:58:18.216-0800][gc,phases     ] GC(193)   Other: 3.6ms
[2023-11-29T15:58:18.216-0800][gc,heap       ] GC(193) Eden regions: 46->0(46)
[2023-11-29T15:58:18.216-0800][gc,heap       ] GC(193) Survivor regions: 5->5(7)
[2023-11-29T15:58:18.216-0800][gc,heap       ] GC(193) Old regions: 151->137
[2023-11-29T15:58:18.216-0800][gc,heap       ] GC(193) Humongous regions: 138->138
[2023-11-29T15:58:18.216-0800][gc,metaspace  ] GC(193) Metaspace: 50531K->50531K(1095680K)
[2023-11-29T15:58:18.216-0800][gc            ] GC(193) Pause Young (Mixed) (G1 Evacuation Pause) 338M->279M(1024M) 34.827ms
[2023-11-29T15:58:18.216-0800][gc,cpu        ] GC(193) User=0.05s Sys=0.11s Real=0.03s
[2023-11-29T16:03:57.458-0800][gc,start      ] GC(194) Pause Young (Mixed) (G1 Evacuation Pause)
[2023-11-29T16:03:57.459-0800][gc,task       ] GC(194) Using 10 workers of 10 for evacuation
[2023-11-29T16:03:57.517-0800][gc,mmu        ] GC(194) MMU target violated: 21.0ms (20.0ms/21.0ms)
[2023-11-29T16:03:57.517-0800][gc,phases     ] GC(194)   Pre Evacuate Collection Set: 1.6ms
[2023-11-29T16:03:57.517-0800][gc,phases     ] GC(194)   Evacuate Collection Set: 48.6ms
[2023-11-29T16:03:57.517-0800][gc,phases     ] GC(194)   Post Evacuate Collection Set: 3.3ms
[2023-11-29T16:03:57.517-0800][gc,phases     ] GC(194)   Other: 5.5ms
[2023-11-29T16:03:57.517-0800][gc,heap       ] GC(194) Eden regions: 46->0(46)
[2023-11-29T16:03:57.517-0800][gc,heap       ] GC(194) Survivor regions: 5->5(7)
[2023-11-29T16:03:57.517-0800][gc,heap       ] GC(194) Old regions: 137->124
[2023-11-29T16:03:57.517-0800][gc,heap       ] GC(194) Humongous regions: 138->138
[2023-11-29T16:03:57.517-0800][gc,metaspace  ] GC(194) Metaspace: 50532K->50532K(1095680K)
[2023-11-29T16:03:57.517-0800][gc            ] GC(194) Pause Young (Mixed) (G1 Evacuation Pause) 325M->265M(1024M) 59.138ms
[2023-11-29T16:03:57.517-0800][gc,cpu        ] GC(194) User=0.07s Sys=0.19s Real=0.06s
[2023-11-29T16:09:35.835-0800][gc,start      ] GC(195) Pause Young (Mixed) (G1 Evacuation Pause)
[2023-11-29T16:09:35.837-0800][gc,task       ] GC(195) Using 10 workers of 10 for evacuation
[2023-11-29T16:09:35.935-0800][gc,mmu        ] GC(195) MMU target violated: 21.0ms (20.0ms/21.0ms)
[2023-11-29T16:09:35.935-0800][gc,phases     ] GC(195)   Pre Evacuate Collection Set: 3.9ms
[2023-11-29T16:09:35.935-0800][gc,phases     ] GC(195)   Evacuate Collection Set: 87.9ms
[2023-11-29T16:09:35.935-0800][gc,phases     ] GC(195)   Post Evacuate Collection Set: 4.2ms
[2023-11-29T16:09:35.935-0800][gc,phases     ] GC(195)   Other: 4.5ms
[2023-11-29T16:09:35.935-0800][gc,heap       ] GC(195) Eden regions: 46->0(46)
[2023-11-29T16:09:35.935-0800][gc,heap       ] GC(195) Survivor regions: 5->5(7)
[2023-11-29T16:09:35.935-0800][gc,heap       ] GC(195) Old regions: 124->111
[2023-11-29T16:09:35.935-0800][gc,heap       ] GC(195) Humongous regions: 138->138
[2023-11-29T16:09:35.935-0800][gc,metaspace  ] GC(195) Metaspace: 50532K->50532K(1095680K)
[2023-11-29T16:09:35.936-0800][gc            ] GC(195) Pause Young (Mixed) (G1 Evacuation Pause) 311M->252M(1024M) 100.628ms
[2023-11-29T16:09:35.936-0800][gc,cpu        ] GC(195) User=0.05s Sys=0.16s Real=0.10s
[2023-11-29T16:14:47.892-0800][gc,start      ] GC(196) Pause Young (Mixed) (G1 Evacuation Pause)
[2023-11-29T16:14:47.893-0800][gc,task       ] GC(196) Using 10 workers of 10 for evacuation
[2023-11-29T16:14:48.013-0800][gc,mmu        ] GC(196) MMU target violated: 21.0ms (20.0ms/21.0ms)
[2023-11-29T16:14:48.013-0800][gc,phases     ] GC(196)   Pre Evacuate Collection Set: 2.1ms
[2023-11-29T16:14:48.013-0800][gc,phases     ] GC(196)   Evacuate Collection Set: 113.2ms
[2023-11-29T16:14:48.013-0800][gc,phases     ] GC(196)   Post Evacuate Collection Set: 4.0ms
[2023-11-29T16:14:48.013-0800][gc,phases     ] GC(196)   Other: 1.8ms
[2023-11-29T16:14:48.013-0800][gc,heap       ] GC(196) Eden regions: 46->0(45)
[2023-11-29T16:14:48.013-0800][gc,heap       ] GC(196) Survivor regions: 5->6(7)
[2023-11-29T16:14:48.013-0800][gc,heap       ] GC(196) Old regions: 111->97
[2023-11-29T16:14:48.013-0800][gc,heap       ] GC(196) Humongous regions: 138->138
[2023-11-29T16:14:48.013-0800][gc,metaspace  ] GC(196) Metaspace: 50532K->50532K(1095680K)
[2023-11-29T16:14:48.013-0800][gc            ] GC(196) Pause Young (Mixed) (G1 Evacuation Pause) 298M->240M(1024M) 121.244ms
[2023-11-29T16:14:48.013-0800][gc,cpu        ] GC(196) User=0.07s Sys=0.27s Real=0.12s
[2023-11-29T16:20:20.535-0800][gc,start      ] GC(197) Pause Young (Mixed) (G1 Evacuation Pause)
[2023-11-29T16:20:20.536-0800][gc,task       ] GC(197) Using 10 workers of 10 for evacuation
[2023-11-29T16:20:20.595-0800][gc,mmu        ] GC(197) MMU target violated: 21.0ms (20.0ms/21.0ms)
[2023-11-29T16:20:20.598-0800][gc,phases     ] GC(197)   Pre Evacuate Collection Set: 2.9ms
[2023-11-29T16:20:20.598-0800][gc,phases     ] GC(197)   Evacuate Collection Set: 47.2ms
[2023-11-29T16:20:20.598-0800][gc,phases     ] GC(197)   Post Evacuate Collection Set: 3.1ms
[2023-11-29T16:20:20.598-0800][gc,phases     ] GC(197)   Other: 10.4ms
[2023-11-29T16:20:20.598-0800][gc,heap       ] GC(197) Eden regions: 45->0(48)
[2023-11-29T16:20:20.598-0800][gc,heap       ] GC(197) Survivor regions: 6->3(7)
[2023-11-29T16:20:20.598-0800][gc,heap       ] GC(197) Old regions: 97->90
[2023-11-29T16:20:20.599-0800][gc,heap       ] GC(197) Humongous regions: 138->138
[2023-11-29T16:20:20.599-0800][gc,metaspace  ] GC(197) Metaspace: 50532K->50532K(1095680K)
[2023-11-29T16:20:20.599-0800][gc            ] GC(197) Pause Young (Mixed) (G1 Evacuation Pause) 285M->229M(1024M) 63.738ms
[2023-11-29T16:20:20.599-0800][gc,cpu        ] GC(197) User=0.04s Sys=0.18s Real=0.06s
[2023-11-29T16:26:15.067-0800][gc,start      ] GC(198) Pause Young (Normal) (G1 Evacuation Pause)
[2023-11-29T16:26:15.068-0800][gc,task       ] GC(198) Using 10 workers of 10 for evacuation
[2023-11-29T16:26:15.112-0800][gc,mmu        ] GC(198) MMU target violated: 21.0ms (20.0ms/21.0ms)
[2023-11-29T16:26:15.112-0800][gc,phases     ] GC(198)   Pre Evacuate Collection Set: 2.9ms
[2023-11-29T16:26:15.112-0800][gc,phases     ] GC(198)   Evacuate Collection Set: 37.1ms
[2023-11-29T16:26:15.112-0800][gc,phases     ] GC(198)   Post Evacuate Collection Set: 2.7ms
[2023-11-29T16:26:15.112-0800][gc,phases     ] GC(198)   Other: 2.7ms
[2023-11-29T16:26:15.112-0800][gc,heap       ] GC(198) Eden regions: 48->0(45)
[2023-11-29T16:26:15.112-0800][gc,heap       ] GC(198) Survivor regions: 3->6(7)
[2023-11-29T16:26:15.112-0800][gc,heap       ] GC(198) Old regions: 90->90
[2023-11-29T16:26:15.112-0800][gc,heap       ] GC(198) Humongous regions: 138->138
[2023-11-29T16:26:15.112-0800][gc,metaspace  ] GC(198) Metaspace: 50532K->50532K(1095680K)
[2023-11-29T16:26:15.112-0800][gc            ] GC(198) Pause Young (Normal) (G1 Evacuation Pause) 277M->232M(1024M) 45.435ms
[2023-11-29T16:26:15.112-0800][gc,cpu        ] GC(198) User=0.05s Sys=0.13s Real=0.05s
[2023-11-29T16:31:45.220-0800][gc,start      ] GC(199) Pause Young (Normal) (G1 Evacuation Pause)
[2023-11-29T16:31:45.221-0800][gc,task       ] GC(199) Using 10 workers of 10 for evacuation
[2023-11-29T16:31:45.282-0800][gc,mmu        ] GC(199) MMU target violated: 21.0ms (20.0ms/21.0ms)
[2023-11-29T16:31:45.282-0800][gc,phases     ] GC(199)   Pre Evacuate Collection Set: 1.2ms
[2023-11-29T16:31:45.282-0800][gc,phases     ] GC(199)   Evacuate Collection Set: 53.5ms
[2023-11-29T16:31:45.282-0800][gc,phases     ] GC(199)   Post Evacuate Collection Set: 0.6ms
[2023-11-29T16:31:45.282-0800][gc,phases     ] GC(199)   Other: 7.1ms
[2023-11-29T16:31:45.282-0800][gc,heap       ] GC(199) Eden regions: 45->0(46)
[2023-11-29T16:31:45.282-0800][gc,heap       ] GC(199) Survivor regions: 6->5(7)
[2023-11-29T16:31:45.282-0800][gc,heap       ] GC(199) Old regions: 90->94
[2023-11-29T16:31:45.282-0800][gc,heap       ] GC(199) Humongous regions: 138->138
[2023-11-29T16:31:45.282-0800][gc,metaspace  ] GC(199) Metaspace: 50532K->50532K(1095680K)
[2023-11-29T16:31:45.282-0800][gc            ] GC(199) Pause Young (Normal) (G1 Evacuation Pause) 277M->236M(1024M) 62.421ms
[2023-11-29T16:31:45.282-0800][gc,cpu        ] GC(199) User=0.03s Sys=0.14s Real=0.06s
[2023-11-29T16:37:20.125-0800][gc,start      ] GC(200) Pause Young (Normal) (G1 Evacuation Pause)
[2023-11-29T16:37:20.127-0800][gc,task       ] GC(200) Using 10 workers of 10 for evacuation
[2023-11-29T16:37:20.178-0800][gc,mmu        ] GC(200) MMU target violated: 21.0ms (20.0ms/21.0ms)
[2023-11-29T16:37:20.178-0800][gc,phases     ] GC(200)   Pre Evacuate Collection Set: 2.2ms
[2023-11-29T16:37:20.178-0800][gc,phases     ] GC(200)   Evacuate Collection Set: 43.1ms
[2023-11-29T16:37:20.178-0800][gc,phases     ] GC(200)   Post Evacuate Collection Set: 0.6ms
[2023-11-29T16:37:20.178-0800][gc,phases     ] GC(200)   Other: 7.2ms
[2023-11-29T16:37:20.178-0800][gc,heap       ] GC(200) Eden regions: 46->0(46)
[2023-11-29T16:37:20.178-0800][gc,heap       ] GC(200) Survivor regions: 5->5(7)
[2023-11-29T16:37:20.178-0800][gc,heap       ] GC(200) Old regions: 94->98
[2023-11-29T16:37:20.178-0800][gc,heap       ] GC(200) Humongous regions: 138->138
[2023-11-29T16:37:20.178-0800][gc,metaspace  ] GC(200) Metaspace: 50532K->50532K(1095680K)
[2023-11-29T16:37:20.179-0800][gc            ] GC(200) Pause Young (Normal) (G1 Evacuation Pause) 282M->239M(1024M) 53.482ms
[2023-11-29T16:37:20.179-0800][gc,cpu        ] GC(200) User=0.04s Sys=0.12s Real=0.05s
[2023-11-29T16:42:59.638-0800][gc,start      ] GC(201) Pause Young (Normal) (G1 Evacuation Pause)
[2023-11-29T16:42:59.639-0800][gc,task       ] GC(201) Using 10 workers of 10 for evacuation
[2023-11-29T16:42:59.728-0800][gc,mmu        ] GC(201) MMU target violated: 21.0ms (20.0ms/21.0ms)
[2023-11-29T16:42:59.728-0800][gc,phases     ] GC(201)   Pre Evacuate Collection Set: 2.0ms
[2023-11-29T16:42:59.728-0800][gc,phases     ] GC(201)   Evacuate Collection Set: 83.5ms
[2023-11-29T16:42:59.728-0800][gc,phases     ] GC(201)   Post Evacuate Collection Set: 1.6ms
[2023-11-29T16:42:59.728-0800][gc,phases     ] GC(201)   Other: 3.2ms
[2023-11-29T16:42:59.728-0800][gc,heap       ] GC(201) Eden regions: 46->0(46)
[2023-11-29T16:42:59.728-0800][gc,heap       ] GC(201) Survivor regions: 5->5(7)
[2023-11-29T16:42:59.728-0800][gc,heap       ] GC(201) Old regions: 98->102
[2023-11-29T16:42:59.728-0800][gc,heap       ] GC(201) Humongous regions: 138->138
[2023-11-29T16:42:59.728-0800][gc,metaspace  ] GC(201) Metaspace: 50532K->50532K(1095680K)
[2023-11-29T16:42:59.728-0800][gc            ] GC(201) Pause Young (Normal) (G1 Evacuation Pause) 285M->243M(1024M) 90.366ms
[2023-11-29T16:42:59.728-0800][gc,cpu        ] GC(201) User=0.06s Sys=0.19s Real=0.09s
[2023-11-29T16:48:37.838-0800][gc,start      ] GC(202) Pause Young (Normal) (G1 Evacuation Pause)
[2023-11-29T16:48:37.839-0800][gc,task       ] GC(202) Using 10 workers of 10 for evacuation
[2023-11-29T16:48:38.017-0800][gc,mmu        ] GC(202) MMU target violated: 21.0ms (20.0ms/21.0ms)
[2023-11-29T16:48:38.017-0800][gc,phases     ] GC(202)   Pre Evacuate Collection Set: 3.0ms
[2023-11-29T16:48:38.017-0800][gc,phases     ] GC(202)   Evacuate Collection Set: 159.9ms
[2023-11-29T16:48:38.017-0800][gc,phases     ] GC(202)   Post Evacuate Collection Set: 11.8ms
[2023-11-29T16:48:38.017-0800][gc,phases     ] GC(202)   Other: 4.3ms
[2023-11-29T16:48:38.017-0800][gc,heap       ] GC(202) Eden regions: 46->0(46)
[2023-11-29T16:48:38.017-0800][gc,heap       ] GC(202) Survivor regions: 5->5(7)
[2023-11-29T16:48:38.017-0800][gc,heap       ] GC(202) Old regions: 102->105
[2023-11-29T16:48:38.017-0800][gc,heap       ] GC(202) Humongous regions: 138->138
[2023-11-29T16:48:38.017-0800][gc,metaspace  ] GC(202) Metaspace: 50532K->50532K(1095680K)
[2023-11-29T16:48:38.018-0800][gc            ] GC(202) Pause Young (Normal) (G1 Evacuation Pause) 289M->247M(1024M) 179.568ms
[2023-11-29T16:48:38.019-0800][gc,cpu        ] GC(202) User=0.05s Sys=0.27s Real=0.18s
[2023-11-29T16:54:17.517-0800][gc,start      ] GC(203) Pause Young (Normal) (G1 Evacuation Pause)
[2023-11-29T16:54:17.518-0800][gc,task       ] GC(203) Using 10 workers of 10 for evacuation
[2023-11-29T16:54:17.577-0800][gc,mmu        ] GC(203) MMU target violated: 21.0ms (20.0ms/21.0ms)
[2023-11-29T16:54:17.577-0800][gc,phases     ] GC(203)   Pre Evacuate Collection Set: 1.4ms
[2023-11-29T16:54:17.577-0800][gc,phases     ] GC(203)   Evacuate Collection Set: 47.6ms
[2023-11-29T16:54:17.577-0800][gc,phases     ] GC(203)   Post Evacuate Collection Set: 6.8ms
[2023-11-29T16:54:17.577-0800][gc,phases     ] GC(203)   Other: 5.3ms
[2023-11-29T16:54:17.577-0800][gc,heap       ] GC(203) Eden regions: 46->0(46)
[2023-11-29T16:54:17.577-0800][gc,heap       ] GC(203) Survivor regions: 5->5(7)
[2023-11-29T16:54:17.577-0800][gc,heap       ] GC(203) Old regions: 105->109
[2023-11-29T16:54:17.577-0800][gc,heap       ] GC(203) Humongous regions: 138->138
[2023-11-29T16:54:17.577-0800][gc,metaspace  ] GC(203) Metaspace: 50532K->50532K(1095680K)
[2023-11-29T16:54:17.577-0800][gc            ] GC(203) Pause Young (Normal) (G1 Evacuation Pause) 293M->250M(1024M) 60.169ms
[2023-11-29T16:54:17.578-0800][gc,cpu        ] GC(203) User=0.04s Sys=0.16s Real=0.06s
[2023-11-29T16:59:56.047-0800][gc,start      ] GC(204) Pause Young (Normal) (G1 Evacuation Pause)
[2023-11-29T16:59:56.049-0800][gc,task       ] GC(204) Using 10 workers of 10 for evacuation
[2023-11-29T16:59:56.107-0800][gc,mmu        ] GC(204) MMU target violated: 21.0ms (20.0ms/21.0ms)
[2023-11-29T16:59:56.107-0800][gc,phases     ] GC(204)   Pre Evacuate Collection Set: 1.3ms
[2023-11-29T16:59:56.107-0800][gc,phases     ] GC(204)   Evacuate Collection Set: 52.7ms
[2023-11-29T16:59:56.107-0800][gc,phases     ] GC(204)   Post Evacuate Collection Set: 1.7ms
[2023-11-29T16:59:56.107-0800][gc,phases     ] GC(204)   Other: 4.5ms
[2023-11-29T16:59:56.107-0800][gc,heap       ] GC(204) Eden regions: 46->0(46)
[2023-11-29T16:59:56.108-0800][gc,heap       ] GC(204) Survivor regions: 5->5(7)
[2023-11-29T16:59:56.108-0800][gc,heap       ] GC(204) Old regions: 109->112
[2023-11-29T16:59:56.108-0800][gc,heap       ] GC(204) Humongous regions: 138->138
[2023-11-29T16:59:56.108-0800][gc,metaspace  ] GC(204) Metaspace: 50532K->50532K(1095680K)
[2023-11-29T16:59:56.108-0800][gc            ] GC(204) Pause Young (Normal) (G1 Evacuation Pause) 296M->254M(1024M) 60.257ms
[2023-11-29T16:59:56.108-0800][gc,cpu        ] GC(204) User=0.06s Sys=0.19s Real=0.06s
[2023-11-29T17:05:33.792-0800][gc,start      ] GC(205) Pause Young (Normal) (G1 Evacuation Pause)
[2023-11-29T17:05:33.793-0800][gc,task       ] GC(205) Using 10 workers of 10 for evacuation
[2023-11-29T17:05:33.853-0800][gc,mmu        ] GC(205) MMU target violated: 21.0ms (20.0ms/21.0ms)
[2023-11-29T17:05:33.853-0800][gc,phases     ] GC(205)   Pre Evacuate Collection Set: 1.1ms
[2023-11-29T17:05:33.853-0800][gc,phases     ] GC(205)   Evacuate Collection Set: 57.2ms
[2023-11-29T17:05:33.853-0800][gc,phases     ] GC(205)   Post Evacuate Collection Set: 1.1ms
[2023-11-29T17:05:33.853-0800][gc,phases     ] GC(205)   Other: 2.1ms
[2023-11-29T17:05:33.853-0800][gc,heap       ] GC(205) Eden regions: 46->0(46)
[2023-11-29T17:05:33.853-0800][gc,heap       ] GC(205) Survivor regions: 5->5(7)
[2023-11-29T17:05:33.853-0800][gc,heap       ] GC(205) Old regions: 112->116
[2023-11-29T17:05:33.853-0800][gc,heap       ] GC(205) Humongous regions: 138->138
[2023-11-29T17:05:33.854-0800][gc,metaspace  ] GC(205) Metaspace: 50532K->50532K(1095680K)
[2023-11-29T17:05:33.854-0800][gc            ] GC(205) Pause Young (Normal) (G1 Evacuation Pause) 300M->258M(1024M) 61.390ms
[2023-11-29T17:05:33.854-0800][gc,cpu        ] GC(205) User=0.13s Sys=0.16s Real=0.06s
[2023-11-29T17:11:30.012-0800][gc,start      ] GC(206) Pause Young (Normal) (G1 Evacuation Pause)
[2023-11-29T17:11:30.014-0800][gc,task       ] GC(206) Using 10 workers of 10 for evacuation
[2023-11-29T17:11:30.057-0800][gc,mmu        ] GC(206) MMU target violated: 21.0ms (20.0ms/21.0ms)
[2023-11-29T17:11:30.057-0800][gc,phases     ] GC(206)   Pre Evacuate Collection Set: 1.5ms
[2023-11-29T17:11:30.057-0800][gc,phases     ] GC(206)   Evacuate Collection Set: 30.7ms
[2023-11-29T17:11:30.057-0800][gc,phases     ] GC(206)   Post Evacuate Collection Set: 1.5ms
[2023-11-29T17:11:30.057-0800][gc,phases     ] GC(206)   Other: 12.0ms
[2023-11-29T17:11:30.057-0800][gc,heap       ] GC(206) Eden regions: 46->0(46)
[2023-11-29T17:11:30.057-0800][gc,heap       ] GC(206) Survivor regions: 5->5(7)
[2023-11-29T17:11:30.057-0800][gc,heap       ] GC(206) Old regions: 116->120
[2023-11-29T17:11:30.057-0800][gc,heap       ] GC(206) Humongous regions: 138->138
[2023-11-29T17:11:30.057-0800][gc,metaspace  ] GC(206) Metaspace: 50532K->50532K(1095680K)
[2023-11-29T17:11:30.057-0800][gc            ] GC(206) Pause Young (Normal) (G1 Evacuation Pause) 304M->261M(1024M) 44.595ms
[2023-11-29T17:11:30.057-0800][gc,cpu        ] GC(206) User=0.04s Sys=0.11s Real=0.04s
[2023-11-29T17:16:42.013-0800][gc,start      ] GC(207) Pause Young (Normal) (G1 Evacuation Pause)
[2023-11-29T17:16:42.014-0800][gc,task       ] GC(207) Using 10 workers of 10 for evacuation
[2023-11-29T17:16:42.055-0800][gc,mmu        ] GC(207) MMU target violated: 21.0ms (20.0ms/21.0ms)
[2023-11-29T17:16:42.055-0800][gc,phases     ] GC(207)   Pre Evacuate Collection Set: 0.8ms
[2023-11-29T17:16:42.055-0800][gc,phases     ] GC(207)   Evacuate Collection Set: 38.2ms
[2023-11-29T17:16:42.055-0800][gc,phases     ] GC(207)   Post Evacuate Collection Set: 0.9ms
[2023-11-29T17:16:42.055-0800][gc,phases     ] GC(207)   Other: 1.7ms
[2023-11-29T17:16:42.055-0800][gc,heap       ] GC(207) Eden regions: 46->0(46)
[2023-11-29T17:16:42.055-0800][gc,heap       ] GC(207) Survivor regions: 5->5(7)
[2023-11-29T17:16:42.055-0800][gc,heap       ] GC(207) Old regions: 120->123
[2023-11-29T17:16:42.055-0800][gc,heap       ] GC(207) Humongous regions: 138->138
[2023-11-29T17:16:42.055-0800][gc,metaspace  ] GC(207) Metaspace: 50532K->50532K(1095680K)
[2023-11-29T17:16:42.055-0800][gc            ] GC(207) Pause Young (Normal) (G1 Evacuation Pause) 307M->264M(1024M) 41.712ms
[2023-11-29T17:16:42.055-0800][gc,cpu        ] GC(207) User=0.05s Sys=0.13s Real=0.04s
[2023-11-29T17:22:18.633-0800][gc,start      ] GC(208) Pause Young (Normal) (G1 Evacuation Pause)
[2023-11-29T17:22:18.634-0800][gc,task       ] GC(208) Using 10 workers of 10 for evacuation
[2023-11-29T17:22:18.659-0800][gc,mmu        ] GC(208) MMU target violated: 21.0ms (20.0ms/21.0ms)
[2023-11-29T17:22:18.659-0800][gc,phases     ] GC(208)   Pre Evacuate Collection Set: 1.2ms
[2023-11-29T17:22:18.659-0800][gc,phases     ] GC(208)   Evacuate Collection Set: 22.5ms
[2023-11-29T17:22:18.659-0800][gc,phases     ] GC(208)   Post Evacuate Collection Set: 0.7ms
[2023-11-29T17:22:18.659-0800][gc,phases     ] GC(208)   Other: 2.3ms
[2023-11-29T17:22:18.659-0800][gc,heap       ] GC(208) Eden regions: 46->0(48)
[2023-11-29T17:22:18.660-0800][gc,heap       ] GC(208) Survivor regions: 5->3(7)
[2023-11-29T17:22:18.660-0800][gc,heap       ] GC(208) Old regions: 123->125
[2023-11-29T17:22:18.660-0800][gc,heap       ] GC(208) Humongous regions: 138->138
[2023-11-29T17:22:18.660-0800][gc,metaspace  ] GC(208) Metaspace: 50532K->50532K(1095680K)
[2023-11-29T17:22:18.660-0800][gc            ] GC(208) Pause Young (Normal) (G1 Evacuation Pause) 310M->265M(1024M) 26.617ms
[2023-11-29T17:22:18.660-0800][gc,cpu        ] GC(208) User=0.03s Sys=0.08s Real=0.03s
[2023-11-29T17:28:11.854-0800][gc,start      ] GC(209) Pause Young (Normal) (G1 Evacuation Pause)
[2023-11-29T17:28:11.854-0800][gc,task       ] GC(209) Using 10 workers of 10 for evacuation
[2023-11-29T17:28:11.885-0800][gc,mmu        ] GC(209) MMU target violated: 21.0ms (20.0ms/21.0ms)
[2023-11-29T17:28:11.885-0800][gc,phases     ] GC(209)   Pre Evacuate Collection Set: 0.8ms
[2023-11-29T17:28:11.885-0800][gc,phases     ] GC(209)   Evacuate Collection Set: 28.4ms
[2023-11-29T17:28:11.885-0800][gc,phases     ] GC(209)   Post Evacuate Collection Set: 0.9ms
[2023-11-29T17:28:11.885-0800][gc,phases     ] GC(209)   Other: 1.4ms
[2023-11-29T17:28:11.885-0800][gc,heap       ] GC(209) Eden regions: 48->0(45)
[2023-11-29T17:28:11.885-0800][gc,heap       ] GC(209) Survivor regions: 3->6(7)
[2023-11-29T17:28:11.885-0800][gc,heap       ] GC(209) Old regions: 125->125
[2023-11-29T17:28:11.885-0800][gc,heap       ] GC(209) Humongous regions: 138->138
[2023-11-29T17:28:11.885-0800][gc,metaspace  ] GC(209) Metaspace: 50532K->50532K(1095680K)
[2023-11-29T17:28:11.885-0800][gc            ] GC(209) Pause Young (Normal) (G1 Evacuation Pause) 313M->268M(1024M) 31.557ms
[2023-11-29T17:28:11.885-0800][gc,cpu        ] GC(209) User=0.04s Sys=0.10s Real=0.03s
[2023-11-29T17:33:39.889-0800][gc,start      ] GC(210) Pause Young (Normal) (G1 Evacuation Pause)
[2023-11-29T17:33:39.890-0800][gc,task       ] GC(210) Using 10 workers of 10 for evacuation
[2023-11-29T17:33:39.920-0800][gc,mmu        ] GC(210) MMU target violated: 21.0ms (20.0ms/21.0ms)
[2023-11-29T17:33:39.920-0800][gc,phases     ] GC(210)   Pre Evacuate Collection Set: 0.8ms
[2023-11-29T17:33:39.920-0800][gc,phases     ] GC(210)   Evacuate Collection Set: 28.0ms
[2023-11-29T17:33:39.920-0800][gc,phases     ] GC(210)   Post Evacuate Collection Set: 0.7ms
[2023-11-29T17:33:39.920-0800][gc,phases     ] GC(210)   Other: 1.5ms
[2023-11-29T17:33:39.920-0800][gc,heap       ] GC(210) Eden regions: 45->0(46)
[2023-11-29T17:33:39.920-0800][gc,heap       ] GC(210) Survivor regions: 6->5(7)
[2023-11-29T17:33:39.920-0800][gc,heap       ] GC(210) Old regions: 125->130
[2023-11-29T17:33:39.920-0800][gc,heap       ] GC(210) Humongous regions: 138->138
[2023-11-29T17:33:39.920-0800][gc,metaspace  ] GC(210) Metaspace: 50532K->50532K(1095680K)
[2023-11-29T17:33:39.920-0800][gc            ] GC(210) Pause Young (Normal) (G1 Evacuation Pause) 313M->272M(1024M) 31.081ms
[2023-11-29T17:33:39.920-0800][gc,cpu        ] GC(210) User=0.04s Sys=0.06s Real=0.04s
[2023-11-29T17:39:15.897-0800][gc,start      ] GC(211) Pause Young (Normal) (G1 Evacuation Pause)
[2023-11-29T17:39:15.899-0800][gc,task       ] GC(211) Using 10 workers of 10 for evacuation
[2023-11-29T17:39:15.945-0800][gc,mmu        ] GC(211) MMU target violated: 21.0ms (20.0ms/21.0ms)
[2023-11-29T17:39:15.945-0800][gc,phases     ] GC(211)   Pre Evacuate Collection Set: 1.9ms
[2023-11-29T17:39:15.945-0800][gc,phases     ] GC(211)   Evacuate Collection Set: 40.5ms
[2023-11-29T17:39:15.945-0800][gc,phases     ] GC(211)   Post Evacuate Collection Set: 0.6ms
[2023-11-29T17:39:15.945-0800][gc,phases     ] GC(211)   Other: 5.3ms
[2023-11-29T17:39:15.945-0800][gc,heap       ] GC(211) Eden regions: 46->0(46)
[2023-11-29T17:39:15.945-0800][gc,heap       ] GC(211) Survivor regions: 5->5(7)
[2023-11-29T17:39:15.945-0800][gc,heap       ] GC(211) Old regions: 130->134
[2023-11-29T17:39:15.945-0800][gc,heap       ] GC(211) Humongous regions: 138->138
[2023-11-29T17:39:15.945-0800][gc,metaspace  ] GC(211) Metaspace: 50532K->50532K(1095680K)
[2023-11-29T17:39:15.945-0800][gc            ] GC(211) Pause Young (Normal) (G1 Evacuation Pause) 318M->275M(1024M) 48.426ms
[2023-11-29T17:39:15.945-0800][gc,cpu        ] GC(211) User=0.04s Sys=0.13s Real=0.05s
[2023-11-29T17:44:50.600-0800][gc,start      ] GC(212) Pause Young (Normal) (G1 Evacuation Pause)
[2023-11-29T17:44:50.601-0800][gc,task       ] GC(212) Using 10 workers of 10 for evacuation
[2023-11-29T17:44:50.646-0800][gc,mmu        ] GC(212) MMU target violated: 21.0ms (20.0ms/21.0ms)
[2023-11-29T17:44:50.647-0800][gc,phases     ] GC(212)   Pre Evacuate Collection Set: 1.6ms
[2023-11-29T17:44:50.647-0800][gc,phases     ] GC(212)   Evacuate Collection Set: 39.1ms
[2023-11-29T17:44:50.647-0800][gc,phases     ] GC(212)   Post Evacuate Collection Set: 1.1ms
[2023-11-29T17:44:50.647-0800][gc,phases     ] GC(212)   Other: 5.6ms
[2023-11-29T17:44:50.647-0800][gc,heap       ] GC(212) Eden regions: 46->0(46)
[2023-11-29T17:44:50.647-0800][gc,heap       ] GC(212) Survivor regions: 5->5(7)
[2023-11-29T17:44:50.647-0800][gc,heap       ] GC(212) Old regions: 134->137
[2023-11-29T17:44:50.647-0800][gc,heap       ] GC(212) Humongous regions: 138->138
[2023-11-29T17:44:50.647-0800][gc,metaspace  ] GC(212) Metaspace: 50532K->50532K(1095680K)
[2023-11-29T17:44:50.647-0800][gc            ] GC(212) Pause Young (Normal) (G1 Evacuation Pause) 321M->279M(1024M) 47.692ms
[2023-11-29T17:44:50.647-0800][gc,cpu        ] GC(212) User=0.05s Sys=0.18s Real=0.04s
[2023-11-29T17:52:11.213-0800][gc,start      ] GC(213) Pause Young (Normal) (G1 Evacuation Pause)
[2023-11-29T17:52:11.214-0800][gc,task       ] GC(213) Using 10 workers of 10 for evacuation
[2023-11-29T17:52:11.294-0800][gc,mmu        ] GC(213) MMU target violated: 21.0ms (20.0ms/21.0ms)
[2023-11-29T17:52:11.294-0800][gc,phases     ] GC(213)   Pre Evacuate Collection Set: 1.2ms
[2023-11-29T17:52:11.294-0800][gc,phases     ] GC(213)   Evacuate Collection Set: 76.1ms
[2023-11-29T17:52:11.294-0800][gc,phases     ] GC(213)   Post Evacuate Collection Set: 1.8ms
[2023-11-29T17:52:11.294-0800][gc,phases     ] GC(213)   Other: 2.3ms
[2023-11-29T17:52:11.294-0800][gc,heap       ] GC(213) Eden regions: 46->0(46)
[2023-11-29T17:52:11.294-0800][gc,heap       ] GC(213) Survivor regions: 5->5(7)
[2023-11-29T17:52:11.294-0800][gc,heap       ] GC(213) Old regions: 137->141
[2023-11-29T17:52:11.294-0800][gc,heap       ] GC(213) Humongous regions: 138->138
[2023-11-29T17:52:11.294-0800][gc,metaspace  ] GC(213) Metaspace: 50532K->50532K(1095680K)
[2023-11-29T17:52:11.294-0800][gc            ] GC(213) Pause Young (Normal) (G1 Evacuation Pause) 325M->283M(1024M) 81.399ms
[2023-11-29T17:52:11.294-0800][gc,cpu        ] GC(213) User=0.06s Sys=0.17s Real=0.08s
[2023-11-29T17:57:44.844-0800][gc,start      ] GC(214) Pause Young (Normal) (G1 Evacuation Pause)
[2023-11-29T17:57:44.845-0800][gc,task       ] GC(214) Using 10 workers of 10 for evacuation
[2023-11-29T17:57:44.881-0800][gc,mmu        ] GC(214) MMU target violated: 21.0ms (20.0ms/21.0ms)
[2023-11-29T17:57:44.881-0800][gc,phases     ] GC(214)   Pre Evacuate Collection Set: 0.0ms
[2023-11-29T17:57:44.881-0800][gc,phases     ] GC(214)   Evacuate Collection Set: 35.0ms
[2023-11-29T17:57:44.881-0800][gc,phases     ] GC(214)   Post Evacuate Collection Set: 0.2ms
[2023-11-29T17:57:44.881-0800][gc,phases     ] GC(214)   Other: 1.5ms
[2023-11-29T17:57:44.881-0800][gc,heap       ] GC(214) Eden regions: 46->0(46)
[2023-11-29T17:57:44.881-0800][gc,heap       ] GC(214) Survivor regions: 5->5(7)
[2023-11-29T17:57:44.881-0800][gc,heap       ] GC(214) Old regions: 141->145
[2023-11-29T17:57:44.881-0800][gc,heap       ] GC(214) Humongous regions: 138->138
[2023-11-29T17:57:44.881-0800][gc,metaspace  ] GC(214) Metaspace: 50532K->50532K(1095680K)
[2023-11-29T17:57:44.881-0800][gc            ] GC(214) Pause Young (Normal) (G1 Evacuation Pause) 329M->286M(1024M) 36.818ms
[2023-11-29T17:57:44.881-0800][gc,cpu        ] GC(214) User=0.03s Sys=0.08s Real=0.04s
[2023-11-29T18:03:23.080-0800][gc,start      ] GC(215) Pause Young (Normal) (G1 Evacuation Pause)
[2023-11-29T18:03:23.081-0800][gc,task       ] GC(215) Using 10 workers of 10 for evacuation
[2023-11-29T18:03:23.128-0800][gc,mmu        ] GC(215) MMU target violated: 21.0ms (20.0ms/21.0ms)
[2023-11-29T18:03:23.128-0800][gc,phases     ] GC(215)   Pre Evacuate Collection Set: 1.1ms
[2023-11-29T18:03:23.128-0800][gc,phases     ] GC(215)   Evacuate Collection Set: 42.2ms
[2023-11-29T18:03:23.128-0800][gc,phases     ] GC(215)   Post Evacuate Collection Set: 0.8ms
[2023-11-29T18:03:23.128-0800][gc,phases     ] GC(215)   Other: 4.1ms
[2023-11-29T18:03:23.129-0800][gc,heap       ] GC(215) Eden regions: 46->0(46)
[2023-11-29T18:03:23.129-0800][gc,heap       ] GC(215) Survivor regions: 5->5(7)
[2023-11-29T18:03:23.129-0800][gc,heap       ] GC(215) Old regions: 145->148
[2023-11-29T18:03:23.129-0800][gc,heap       ] GC(215) Humongous regions: 138->138
[2023-11-29T18:03:23.129-0800][gc,metaspace  ] GC(215) Metaspace: 50532K->50532K(1095680K)
[2023-11-29T18:03:23.129-0800][gc            ] GC(215) Pause Young (Normal) (G1 Evacuation Pause) 332M->290M(1024M) 48.353ms
[2023-11-29T18:03:23.129-0800][gc,cpu        ] GC(215) User=0.06s Sys=0.18s Real=0.04s
[2023-11-29T18:20:35.355-0800][gc,start      ] GC(216) Pause Young (Normal) (G1 Evacuation Pause)
[2023-11-29T18:20:35.357-0800][gc,task       ] GC(216) Using 10 workers of 10 for evacuation
[2023-11-29T18:20:35.543-0800][gc,mmu        ] GC(216) MMU target violated: 21.0ms (20.0ms/21.0ms)
[2023-11-29T18:20:35.543-0800][gc,phases     ] GC(216)   Pre Evacuate Collection Set: 4.1ms
[2023-11-29T18:20:35.543-0800][gc,phases     ] GC(216)   Evacuate Collection Set: 176.0ms
[2023-11-29T18:20:35.543-0800][gc,phases     ] GC(216)   Post Evacuate Collection Set: 4.2ms
[2023-11-29T18:20:35.543-0800][gc,phases     ] GC(216)   Other: 3.6ms
[2023-11-29T18:20:35.543-0800][gc,heap       ] GC(216) Eden regions: 46->0(46)
[2023-11-29T18:20:35.543-0800][gc,heap       ] GC(216) Survivor regions: 5->5(7)
[2023-11-29T18:20:35.543-0800][gc,heap       ] GC(216) Old regions: 148->152
[2023-11-29T18:20:35.543-0800][gc,heap       ] GC(216) Humongous regions: 138->138
[2023-11-29T18:20:35.543-0800][gc,metaspace  ] GC(216) Metaspace: 50533K->50533K(1095680K)
[2023-11-29T18:20:35.544-0800][gc            ] GC(216) Pause Young (Normal) (G1 Evacuation Pause) 336M->293M(1024M) 188.270ms
[2023-11-29T18:20:35.544-0800][gc,cpu        ] GC(216) User=0.19s Sys=0.52s Real=0.19s
[2023-11-29T18:30:09.272-0800][gc,start      ] GC(217) Pause Young (Normal) (G1 Evacuation Pause)
[2023-11-29T18:30:09.273-0800][gc,task       ] GC(217) Using 10 workers of 10 for evacuation
[2023-11-29T18:30:09.341-0800][gc,mmu        ] GC(217) MMU target violated: 21.0ms (20.0ms/21.0ms)
[2023-11-29T18:30:09.341-0800][gc,phases     ] GC(217)   Pre Evacuate Collection Set: 0.0ms
[2023-11-29T18:30:09.342-0800][gc,phases     ] GC(217)   Evacuate Collection Set: 64.1ms
[2023-11-29T18:30:09.342-0800][gc,phases     ] GC(217)   Post Evacuate Collection Set: 2.8ms
[2023-11-29T18:30:09.342-0800][gc,phases     ] GC(217)   Other: 2.8ms
[2023-11-29T18:30:09.342-0800][gc,heap       ] GC(217) Eden regions: 46->0(44)
[2023-11-29T18:30:09.342-0800][gc,heap       ] GC(217) Survivor regions: 5->7(7)
[2023-11-29T18:30:09.342-0800][gc,heap       ] GC(217) Old regions: 152->156
[2023-11-29T18:30:09.342-0800][gc,heap       ] GC(217) Humongous regions: 138->138
[2023-11-29T18:30:09.342-0800][gc,metaspace  ] GC(217) Metaspace: 50533K->50533K(1095680K)
[2023-11-29T18:30:09.342-0800][gc            ] GC(217) Pause Young (Normal) (G1 Evacuation Pause) 339M->299M(1024M) 70.152ms
[2023-11-29T18:30:09.342-0800][gc,cpu        ] GC(217) User=0.19s Sys=0.28s Real=0.07s
[2023-11-29T18:40:28.023-0800][gc,start      ] GC(218) Pause Young (Normal) (G1 Evacuation Pause)
[2023-11-29T18:40:28.023-0800][gc,task       ] GC(218) Using 10 workers of 10 for evacuation
[2023-11-29T18:40:28.069-0800][gc,mmu        ] GC(218) MMU target violated: 21.0ms (20.0ms/21.0ms)
[2023-11-29T18:40:28.069-0800][gc,phases     ] GC(218)   Pre Evacuate Collection Set: 0.0ms
[2023-11-29T18:40:28.069-0800][gc,phases     ] GC(218)   Evacuate Collection Set: 44.9ms
[2023-11-29T18:40:28.069-0800][gc,phases     ] GC(218)   Post Evacuate Collection Set: 0.2ms
[2023-11-29T18:40:28.069-0800][gc,phases     ] GC(218)   Other: 1.0ms
[2023-11-29T18:40:28.069-0800][gc,heap       ] GC(218) Eden regions: 44->0(48)
[2023-11-29T18:40:28.069-0800][gc,heap       ] GC(218) Survivor regions: 7->3(7)
[2023-11-29T18:40:28.069-0800][gc,heap       ] GC(218) Old regions: 156->160
[2023-11-29T18:40:28.069-0800][gc,heap       ] GC(218) Humongous regions: 138->138
[2023-11-29T18:40:28.069-0800][gc,metaspace  ] GC(218) Metaspace: 50537K->50537K(1095680K)
[2023-11-29T18:40:28.069-0800][gc            ] GC(218) Pause Young (Normal) (G1 Evacuation Pause) 343M->299M(1024M) 46.269ms
[2023-11-29T18:40:28.069-0800][gc,cpu        ] GC(218) User=0.03s Sys=0.06s Real=0.04s
[2023-11-29T18:48:11.048-0800][gc,start      ] GC(219) Pause Young (Normal) (G1 Evacuation Pause)
[2023-11-29T18:48:11.050-0800][gc,task       ] GC(219) Using 10 workers of 10 for evacuation
[2023-11-29T18:48:11.058-0800][gc,phases     ] GC(219)   Pre Evacuate Collection Set: 0.0ms
[2023-11-29T18:48:11.058-0800][gc,phases     ] GC(219)   Evacuate Collection Set: 6.6ms
[2023-11-29T18:48:11.058-0800][gc,phases     ] GC(219)   Post Evacuate Collection Set: 0.3ms
[2023-11-29T18:48:11.058-0800][gc,phases     ] GC(219)   Other: 2.3ms
[2023-11-29T18:48:11.058-0800][gc,heap       ] GC(219) Eden regions: 48->0(47)
[2023-11-29T18:48:11.058-0800][gc,heap       ] GC(219) Survivor regions: 3->4(7)
[2023-11-29T18:48:11.058-0800][gc,heap       ] GC(219) Old regions: 160->160
[2023-11-29T18:48:11.058-0800][gc,heap       ] GC(219) Humongous regions: 138->138
[2023-11-29T18:48:11.058-0800][gc,metaspace  ] GC(219) Metaspace: 50537K->50537K(1095680K)
[2023-11-29T18:48:11.058-0800][gc            ] GC(219) Pause Young (Normal) (G1 Evacuation Pause) 347M->300M(1024M) 9.441ms
[2023-11-29T18:48:11.058-0800][gc,cpu        ] GC(219) User=0.04s Sys=0.01s Real=0.01s
[2023-11-29T18:55:46.466-0800][gc,start      ] GC(220) Pause Young (Normal) (G1 Evacuation Pause)
[2023-11-29T18:55:46.468-0800][gc,task       ] GC(220) Using 10 workers of 10 for evacuation
[2023-11-29T18:55:46.482-0800][gc,phases     ] GC(220)   Pre Evacuate Collection Set: 0.1ms
[2023-11-29T18:55:46.482-0800][gc,phases     ] GC(220)   Evacuate Collection Set: 12.7ms
[2023-11-29T18:55:46.482-0800][gc,phases     ] GC(220)   Post Evacuate Collection Set: 0.7ms
[2023-11-29T18:55:46.482-0800][gc,phases     ] GC(220)   Other: 2.0ms
[2023-11-29T18:55:46.482-0800][gc,heap       ] GC(220) Eden regions: 47->0(46)
[2023-11-29T18:55:46.482-0800][gc,heap       ] GC(220) Survivor regions: 4->5(7)
[2023-11-29T18:55:46.482-0800][gc,heap       ] GC(220) Old regions: 160->160
[2023-11-29T18:55:46.482-0800][gc,heap       ] GC(220) Humongous regions: 138->138
[2023-11-29T18:55:46.482-0800][gc,metaspace  ] GC(220) Metaspace: 50537K->50537K(1095680K)
[2023-11-29T18:55:46.483-0800][gc            ] GC(220) Pause Young (Normal) (G1 Evacuation Pause) 347M->302M(1024M) 16.057ms
[2023-11-29T18:55:46.483-0800][gc,cpu        ] GC(220) User=0.11s Sys=0.01s Real=0.02s
[2023-11-29T19:07:25.637-0800][gc,start      ] GC(221) Pause Young (Normal) (G1 Evacuation Pause)
[2023-11-29T19:07:25.638-0800][gc,task       ] GC(221) Using 10 workers of 10 for evacuation
[2023-11-29T19:07:25.683-0800][gc,mmu        ] GC(221) MMU target violated: 21.0ms (20.0ms/21.0ms)
[2023-11-29T19:07:25.683-0800][gc,phases     ] GC(221)   Pre Evacuate Collection Set: 0.2ms
[2023-11-29T19:07:25.683-0800][gc,phases     ] GC(221)   Evacuate Collection Set: 42.2ms
[2023-11-29T19:07:25.683-0800][gc,phases     ] GC(221)   Post Evacuate Collection Set: 0.8ms
[2023-11-29T19:07:25.683-0800][gc,phases     ] GC(221)   Other: 3.4ms
[2023-11-29T19:07:25.683-0800][gc,heap       ] GC(221) Eden regions: 46->0(47)
[2023-11-29T19:07:25.684-0800][gc,heap       ] GC(221) Survivor regions: 5->4(7)
[2023-11-29T19:07:25.684-0800][gc,heap       ] GC(221) Old regions: 160->162
[2023-11-29T19:07:25.684-0800][gc,heap       ] GC(221) Humongous regions: 138->138
[2023-11-29T19:07:25.684-0800][gc,metaspace  ] GC(221) Metaspace: 50537K->50537K(1095680K)
[2023-11-29T19:07:25.684-0800][gc            ] GC(221) Pause Young (Normal) (G1 Evacuation Pause) 348M->303M(1024M) 47.011ms
[2023-11-29T19:07:25.684-0800][gc,cpu        ] GC(221) User=0.18s Sys=0.10s Real=0.05s
[2023-11-29T19:19:05.726-0800][gc,start      ] GC(222) Pause Young (Normal) (G1 Evacuation Pause)
[2023-11-29T19:19:05.728-0800][gc,task       ] GC(222) Using 10 workers of 10 for evacuation
[2023-11-29T19:19:05.749-0800][gc,mmu        ] GC(222) MMU target violated: 21.0ms (20.0ms/21.0ms)
[2023-11-29T19:19:05.750-0800][gc,phases     ] GC(222)   Pre Evacuate Collection Set: 1.8ms
[2023-11-29T19:19:05.750-0800][gc,phases     ] GC(222)   Evacuate Collection Set: 18.5ms
[2023-11-29T19:19:05.750-0800][gc,phases     ] GC(222)   Post Evacuate Collection Set: 0.7ms
[2023-11-29T19:19:05.750-0800][gc,phases     ] GC(222)   Other: 2.1ms
[2023-11-29T19:19:05.750-0800][gc,heap       ] GC(222) Eden regions: 47->0(46)
[2023-11-29T19:19:05.750-0800][gc,heap       ] GC(222) Survivor regions: 4->5(7)
[2023-11-29T19:19:05.750-0800][gc,heap       ] GC(222) Old regions: 162->163
[2023-11-29T19:19:05.750-0800][gc,heap       ] GC(222) Humongous regions: 138->138
[2023-11-29T19:19:05.750-0800][gc,metaspace  ] GC(222) Metaspace: 50537K->50537K(1095680K)
[2023-11-29T19:19:05.750-0800][gc            ] GC(222) Pause Young (Normal) (G1 Evacuation Pause) 350M->305M(1024M) 23.282ms
[2023-11-29T19:19:05.750-0800][gc,cpu        ] GC(222) User=0.04s Sys=0.08s Real=0.03s
[2023-11-29T19:24:43.214-0800][gc,start      ] GC(223) Pause Young (Normal) (G1 Evacuation Pause)
[2023-11-29T19:24:43.215-0800][gc,task       ] GC(223) Using 10 workers of 10 for evacuation
[2023-11-29T19:24:43.340-0800][gc,mmu        ] GC(223) MMU target violated: 21.0ms (20.0ms/21.0ms)
[2023-11-29T19:24:43.340-0800][gc,phases     ] GC(223)   Pre Evacuate Collection Set: 3.1ms
[2023-11-29T19:24:43.340-0800][gc,phases     ] GC(223)   Evacuate Collection Set: 111.3ms
[2023-11-29T19:24:43.340-0800][gc,phases     ] GC(223)   Post Evacuate Collection Set: 7.5ms
[2023-11-29T19:24:43.340-0800][gc,phases     ] GC(223)   Other: 4.0ms
[2023-11-29T19:24:43.341-0800][gc,heap       ] GC(223) Eden regions: 46->0(46)
[2023-11-29T19:24:43.341-0800][gc,heap       ] GC(223) Survivor regions: 5->5(7)
[2023-11-29T19:24:43.341-0800][gc,heap       ] GC(223) Old regions: 163->165
[2023-11-29T19:24:43.341-0800][gc,heap       ] GC(223) Humongous regions: 138->138
[2023-11-29T19:24:43.341-0800][gc,metaspace  ] GC(223) Metaspace: 50537K->50537K(1095680K)
[2023-11-29T19:24:43.341-0800][gc            ] GC(223) Pause Young (Normal) (G1 Evacuation Pause) 351M->306M(1024M) 126.419ms
[2023-11-29T19:24:43.341-0800][gc,cpu        ] GC(223) User=0.06s Sys=0.15s Real=0.13s
[2023-11-29T19:30:22.049-0800][gc,start      ] GC(224) Pause Young (Normal) (G1 Evacuation Pause)
[2023-11-29T19:30:22.050-0800][gc,task       ] GC(224) Using 10 workers of 10 for evacuation
[2023-11-29T19:30:22.075-0800][gc,mmu        ] GC(224) MMU target violated: 21.0ms (20.0ms/21.0ms)
[2023-11-29T19:30:22.075-0800][gc,phases     ] GC(224)   Pre Evacuate Collection Set: 1.4ms
[2023-11-29T19:30:22.075-0800][gc,phases     ] GC(224)   Evacuate Collection Set: 22.0ms
[2023-11-29T19:30:22.075-0800][gc,phases     ] GC(224)   Post Evacuate Collection Set: 0.7ms
[2023-11-29T19:30:22.075-0800][gc,phases     ] GC(224)   Other: 2.3ms
[2023-11-29T19:30:22.075-0800][gc,heap       ] GC(224) Eden regions: 46->0(47)
[2023-11-29T19:30:22.075-0800][gc,heap       ] GC(224) Survivor regions: 5->4(7)
[2023-11-29T19:30:22.075-0800][gc,heap       ] GC(224) Old regions: 165->166
[2023-11-29T19:30:22.075-0800][gc,heap       ] GC(224) Humongous regions: 138->138
[2023-11-29T19:30:22.075-0800][gc,metaspace  ] GC(224) Metaspace: 50537K->50537K(1095680K)
[2023-11-29T19:30:22.075-0800][gc            ] GC(224) Pause Young (Normal) (G1 Evacuation Pause) 352M->307M(1024M) 26.372ms
[2023-11-29T19:30:22.076-0800][gc,cpu        ] GC(224) User=0.04s Sys=0.09s Real=0.03s
[2023-11-29T19:36:08.186-0800][gc,start      ] GC(225) Pause Young (Normal) (G1 Evacuation Pause)
[2023-11-29T19:36:08.187-0800][gc,task       ] GC(225) Using 10 workers of 10 for evacuation
[2023-11-29T19:36:08.355-0800][gc,mmu        ] GC(225) MMU target violated: 21.0ms (20.0ms/21.0ms)
[2023-11-29T19:36:08.356-0800][gc,phases     ] GC(225)   Pre Evacuate Collection Set: 6.9ms
[2023-11-29T19:36:08.356-0800][gc,phases     ] GC(225)   Evacuate Collection Set: 152.1ms
[2023-11-29T19:36:08.356-0800][gc,phases     ] GC(225)   Post Evacuate Collection Set: 3.5ms
[2023-11-29T19:36:08.356-0800][gc,phases     ] GC(225)   Other: 8.5ms
[2023-11-29T19:36:08.356-0800][gc,heap       ] GC(225) Eden regions: 47->0(46)
[2023-11-29T19:36:08.356-0800][gc,heap       ] GC(225) Survivor regions: 4->5(7)
[2023-11-29T19:36:08.356-0800][gc,heap       ] GC(225) Old regions: 166->168
[2023-11-29T19:36:08.356-0800][gc,heap       ] GC(225) Humongous regions: 138->138
[2023-11-29T19:36:08.356-0800][gc,metaspace  ] GC(225) Metaspace: 50537K->50537K(1095680K)
[2023-11-29T19:36:08.356-0800][gc            ] GC(225) Pause Young (Normal) (G1 Evacuation Pause) 354M->309M(1024M) 170.595ms
[2023-11-29T19:36:08.356-0800][gc,cpu        ] GC(225) User=0.06s Sys=0.32s Real=0.17s
[2023-11-29T19:41:47.436-0800][gc,start      ] GC(226) Pause Young (Normal) (G1 Evacuation Pause)
[2023-11-29T19:41:47.438-0800][gc,task       ] GC(226) Using 10 workers of 10 for evacuation
[2023-11-29T19:41:47.613-0800][gc,mmu        ] GC(226) MMU target violated: 21.0ms (20.0ms/21.0ms)
[2023-11-29T19:41:47.613-0800][gc,phases     ] GC(226)   Pre Evacuate Collection Set: 8.6ms
[2023-11-29T19:41:47.613-0800][gc,phases     ] GC(226)   Evacuate Collection Set: 138.3ms
[2023-11-29T19:41:47.613-0800][gc,phases     ] GC(226)   Post Evacuate Collection Set: 10.2ms
[2023-11-29T19:41:47.613-0800][gc,phases     ] GC(226)   Other: 20.6ms
[2023-11-29T19:41:47.614-0800][gc,heap       ] GC(226) Eden regions: 46->0(46)
[2023-11-29T19:41:47.614-0800][gc,heap       ] GC(226) Survivor regions: 5->5(7)
[2023-11-29T19:41:47.614-0800][gc,heap       ] GC(226) Old regions: 168->169
[2023-11-29T19:41:47.614-0800][gc,heap       ] GC(226) Humongous regions: 138->138
[2023-11-29T19:41:47.614-0800][gc,metaspace  ] GC(226) Metaspace: 50545K->50545K(1095680K)
[2023-11-29T19:41:47.614-0800][gc            ] GC(226) Pause Young (Normal) (G1 Evacuation Pause) 355M->311M(1024M) 177.527ms
[2023-11-29T19:41:47.614-0800][gc,cpu        ] GC(226) User=0.11s Sys=0.29s Real=0.18s
[2023-11-29T19:51:22.389-0800][gc,start      ] GC(227) Pause Young (Normal) (G1 Evacuation Pause)
[2023-11-29T19:51:22.391-0800][gc,task       ] GC(227) Using 10 workers of 10 for evacuation
[2023-11-29T19:51:22.428-0800][gc,mmu        ] GC(227) MMU target violated: 21.0ms (20.0ms/21.0ms)
[2023-11-29T19:51:22.428-0800][gc,phases     ] GC(227)   Pre Evacuate Collection Set: 4.4ms
[2023-11-29T19:51:22.428-0800][gc,phases     ] GC(227)   Evacuate Collection Set: 27.6ms
[2023-11-29T19:51:22.428-0800][gc,phases     ] GC(227)   Post Evacuate Collection Set: 1.7ms
[2023-11-29T19:51:22.428-0800][gc,phases     ] GC(227)   Other: 6.3ms
[2023-11-29T19:51:22.428-0800][gc,heap       ] GC(227) Eden regions: 46->0(46)
[2023-11-29T19:51:22.428-0800][gc,heap       ] GC(227) Survivor regions: 5->5(7)
[2023-11-29T19:51:22.428-0800][gc,heap       ] GC(227) Old regions: 169->171
[2023-11-29T19:51:22.428-0800][gc,heap       ] GC(227) Humongous regions: 138->138
[2023-11-29T19:51:22.428-0800][gc,metaspace  ] GC(227) Metaspace: 50547K->50547K(1095680K)
[2023-11-29T19:51:22.428-0800][gc            ] GC(227) Pause Young (Normal) (G1 Evacuation Pause) 357M->313M(1024M) 39.179ms
[2023-11-29T19:51:22.428-0800][gc,cpu        ] GC(227) User=0.03s Sys=0.08s Real=0.04s
[2023-11-29T22:02:35.873-0800][gc,start      ] GC(228) Pause Young (Normal) (G1 Evacuation Pause)
[2023-11-29T22:02:35.874-0800][gc,task       ] GC(228) Using 10 workers of 10 for evacuation
[2023-11-29T22:02:35.905-0800][gc,mmu        ] GC(228) MMU target violated: 21.0ms (20.0ms/21.0ms)
[2023-11-29T22:02:35.905-0800][gc,phases     ] GC(228)   Pre Evacuate Collection Set: 0.0ms
[2023-11-29T22:02:35.905-0800][gc,phases     ] GC(228)   Evacuate Collection Set: 30.9ms
[2023-11-29T22:02:35.905-0800][gc,phases     ] GC(228)   Post Evacuate Collection Set: 0.3ms
[2023-11-29T22:02:35.905-0800][gc,phases     ] GC(228)   Other: 0.9ms
[2023-11-29T22:02:35.905-0800][gc,heap       ] GC(228) Eden regions: 46->0(44)
[2023-11-29T22:02:35.905-0800][gc,heap       ] GC(228) Survivor regions: 5->7(7)
[2023-11-29T22:02:35.905-0800][gc,heap       ] GC(228) Old regions: 171->172
[2023-11-29T22:02:35.905-0800][gc,heap       ] GC(228) Humongous regions: 138->138
[2023-11-29T22:02:35.905-0800][gc,metaspace  ] GC(228) Metaspace: 50595K->50595K(1095680K)
[2023-11-29T22:02:35.905-0800][gc            ] GC(228) Pause Young (Normal) (G1 Evacuation Pause) 359M->316M(1024M) 32.258ms
[2023-11-29T22:02:35.905-0800][gc,cpu        ] GC(228) User=0.06s Sys=0.10s Real=0.03s
[2023-11-29T22:28:41.558-0800][gc,start      ] GC(229) Pause Young (Normal) (G1 Evacuation Pause)
[2023-11-29T22:28:41.558-0800][gc,task       ] GC(229) Using 10 workers of 10 for evacuation
[2023-11-29T22:28:41.591-0800][gc,mmu        ] GC(229) MMU target violated: 21.0ms (20.0ms/21.0ms)
[2023-11-29T22:28:41.592-0800][gc,phases     ] GC(229)   Pre Evacuate Collection Set: 2.6ms
[2023-11-29T22:28:41.592-0800][gc,phases     ] GC(229)   Evacuate Collection Set: 28.5ms
[2023-11-29T22:28:41.592-0800][gc,phases     ] GC(229)   Post Evacuate Collection Set: 1.5ms
[2023-11-29T22:28:41.592-0800][gc,phases     ] GC(229)   Other: 1.8ms
[2023-11-29T22:28:41.592-0800][gc,heap       ] GC(229) Eden regions: 44->0(47)
[2023-11-29T22:28:41.592-0800][gc,heap       ] GC(229) Survivor regions: 7->4(7)
[2023-11-29T22:28:41.592-0800][gc,heap       ] GC(229) Old regions: 172->176
[2023-11-29T22:28:41.592-0800][gc,heap       ] GC(229) Humongous regions: 138->138
[2023-11-29T22:28:41.592-0800][gc,metaspace  ] GC(229) Metaspace: 50595K->50595K(1095680K)
[2023-11-29T22:28:41.592-0800][gc            ] GC(229) Pause Young (Normal) (G1 Evacuation Pause) 360M->317M(1024M) 34.093ms
[2023-11-29T22:28:41.592-0800][gc,cpu        ] GC(229) User=0.04s Sys=0.08s Real=0.04s
[2023-11-29T22:34:26.093-0800][gc,start      ] GC(230) Pause Young (Normal) (G1 Evacuation Pause)
[2023-11-29T22:34:26.093-0800][gc,task       ] GC(230) Using 10 workers of 10 for evacuation
[2023-11-29T22:34:26.100-0800][gc,phases     ] GC(230)   Pre Evacuate Collection Set: 0.6ms
[2023-11-29T22:34:26.100-0800][gc,phases     ] GC(230)   Evacuate Collection Set: 5.4ms
[2023-11-29T22:34:26.100-0800][gc,phases     ] GC(230)   Post Evacuate Collection Set: 0.2ms
[2023-11-29T22:34:26.100-0800][gc,phases     ] GC(230)   Other: 1.0ms
[2023-11-29T22:34:26.100-0800][gc,heap       ] GC(230) Eden regions: 47->0(47)
[2023-11-29T22:34:26.100-0800][gc,heap       ] GC(230) Survivor regions: 4->4(7)
[2023-11-29T22:34:26.100-0800][gc,heap       ] GC(230) Old regions: 176->176
[2023-11-29T22:34:26.100-0800][gc,heap       ] GC(230) Humongous regions: 138->138
[2023-11-29T22:34:26.100-0800][gc,metaspace  ] GC(230) Metaspace: 50600K->50600K(1095680K)
[2023-11-29T22:34:26.100-0800][gc            ] GC(230) Pause Young (Normal) (G1 Evacuation Pause) 364M->317M(1024M) 7.406ms
[2023-11-29T22:34:26.100-0800][gc,cpu        ] GC(230) User=0.02s Sys=0.01s Real=0.01s
[2023-11-29T22:40:10.528-0800][gc,start      ] GC(231) Pause Young (Normal) (G1 Evacuation Pause)
[2023-11-29T22:40:10.528-0800][gc,task       ] GC(231) Using 10 workers of 10 for evacuation
[2023-11-29T22:40:10.531-0800][gc,phases     ] GC(231)   Pre Evacuate Collection Set: 0.0ms
[2023-11-29T22:40:10.531-0800][gc,phases     ] GC(231)   Evacuate Collection Set: 2.0ms
[2023-11-29T22:40:10.531-0800][gc,phases     ] GC(231)   Post Evacuate Collection Set: 0.3ms
[2023-11-29T22:40:10.531-0800][gc,phases     ] GC(231)   Other: 0.3ms
[2023-11-29T22:40:10.531-0800][gc,heap       ] GC(231) Eden regions: 47->0(48)
[2023-11-29T22:40:10.531-0800][gc,heap       ] GC(231) Survivor regions: 4->3(7)
[2023-11-29T22:40:10.531-0800][gc,heap       ] GC(231) Old regions: 176->176
[2023-11-29T22:40:10.531-0800][gc,heap       ] GC(231) Humongous regions: 138->138
[2023-11-29T22:40:10.531-0800][gc,metaspace  ] GC(231) Metaspace: 50605K->50605K(1095680K)
[2023-11-29T22:40:10.531-0800][gc            ] GC(231) Pause Young (Normal) (G1 Evacuation Pause) 364M->316M(1024M) 2.694ms
[2023-11-29T22:40:10.531-0800][gc,cpu        ] GC(231) User=0.02s Sys=0.00s Real=0.01s
[2023-11-29T22:45:59.932-0800][gc,start      ] GC(232) Pause Young (Normal) (G1 Evacuation Pause)
[2023-11-29T22:45:59.932-0800][gc,task       ] GC(232) Using 10 workers of 10 for evacuation
[2023-11-29T22:45:59.935-0800][gc,phases     ] GC(232)   Pre Evacuate Collection Set: 0.0ms
[2023-11-29T22:45:59.935-0800][gc,phases     ] GC(232)   Evacuate Collection Set: 2.8ms
[2023-11-29T22:45:59.935-0800][gc,phases     ] GC(232)   Post Evacuate Collection Set: 0.3ms
[2023-11-29T22:45:59.935-0800][gc,phases     ] GC(232)   Other: 0.7ms
[2023-11-29T22:45:59.935-0800][gc,heap       ] GC(232) Eden regions: 48->0(47)
[2023-11-29T22:45:59.935-0800][gc,heap       ] GC(232) Survivor regions: 3->4(7)
[2023-11-29T22:45:59.935-0800][gc,heap       ] GC(232) Old regions: 176->176
[2023-11-29T22:45:59.936-0800][gc,heap       ] GC(232) Humongous regions: 138->138
[2023-11-29T22:45:59.936-0800][gc,metaspace  ] GC(232) Metaspace: 50605K->50605K(1095680K)
[2023-11-29T22:45:59.936-0800][gc            ] GC(232) Pause Young (Normal) (G1 Evacuation Pause) 364M->317M(1024M) 4.039ms
[2023-11-29T22:45:59.936-0800][gc,cpu        ] GC(232) User=0.02s Sys=0.00s Real=0.00s
[2023-11-29T22:51:38.064-0800][gc,start      ] GC(233) Pause Young (Normal) (G1 Evacuation Pause)
[2023-11-29T22:51:38.065-0800][gc,task       ] GC(233) Using 10 workers of 10 for evacuation
[2023-11-29T22:51:38.068-0800][gc,phases     ] GC(233)   Pre Evacuate Collection Set: 0.0ms
[2023-11-29T22:51:38.068-0800][gc,phases     ] GC(233)   Evacuate Collection Set: 2.5ms
[2023-11-29T22:51:38.068-0800][gc,phases     ] GC(233)   Post Evacuate Collection Set: 0.2ms
[2023-11-29T22:51:38.068-0800][gc,phases     ] GC(233)   Other: 1.0ms
[2023-11-29T22:51:38.068-0800][gc,heap       ] GC(233) Eden regions: 47->0(47)
[2023-11-29T22:51:38.068-0800][gc,heap       ] GC(233) Survivor regions: 4->4(7)
[2023-11-29T22:51:38.068-0800][gc,heap       ] GC(233) Old regions: 176->176
[2023-11-29T22:51:38.068-0800][gc,heap       ] GC(233) Humongous regions: 138->138
[2023-11-29T22:51:38.068-0800][gc,metaspace  ] GC(233) Metaspace: 50605K->50605K(1095680K)
[2023-11-29T22:51:38.068-0800][gc            ] GC(233) Pause Young (Normal) (G1 Evacuation Pause) 364M->317M(1024M) 3.871ms
[2023-11-29T22:51:38.068-0800][gc,cpu        ] GC(233) User=0.02s Sys=0.01s Real=0.00s
[2023-11-29T22:57:17.579-0800][gc,start      ] GC(234) Pause Young (Normal) (G1 Evacuation Pause)
[2023-11-29T22:57:17.580-0800][gc,task       ] GC(234) Using 10 workers of 10 for evacuation
[2023-11-29T22:57:17.584-0800][gc,phases     ] GC(234)   Pre Evacuate Collection Set: 0.0ms
[2023-11-29T22:57:17.585-0800][gc,phases     ] GC(234)   Evacuate Collection Set: 4.3ms
[2023-11-29T22:57:17.585-0800][gc,phases     ] GC(234)   Post Evacuate Collection Set: 0.3ms
[2023-11-29T22:57:17.585-0800][gc,phases     ] GC(234)   Other: 1.0ms
[2023-11-29T22:57:17.585-0800][gc,heap       ] GC(234) Eden regions: 47->0(47)
[2023-11-29T22:57:17.585-0800][gc,heap       ] GC(234) Survivor regions: 4->5(7)
[2023-11-29T22:57:17.585-0800][gc,heap       ] GC(234) Old regions: 176->176
[2023-11-29T22:57:17.585-0800][gc,heap       ] GC(234) Humongous regions: 138->138
[2023-11-29T22:57:17.585-0800][gc,metaspace  ] GC(234) Metaspace: 50605K->50605K(1095680K)
[2023-11-29T22:57:17.585-0800][gc            ] GC(234) Pause Young (Normal) (G1 Evacuation Pause) 364M->318M(1024M) 5.980ms
[2023-11-29T22:57:17.585-0800][gc,cpu        ] GC(234) User=0.03s Sys=0.01s Real=0.01s
[2023-11-29T23:01:38.806-0800][gc,start      ] GC(235) Pause Young (Normal) (G1 Evacuation Pause)
[2023-11-29T23:01:38.807-0800][gc,task       ] GC(235) Using 10 workers of 10 for evacuation
[2023-11-29T23:01:38.812-0800][gc,phases     ] GC(235)   Pre Evacuate Collection Set: 0.1ms
[2023-11-29T23:01:38.812-0800][gc,phases     ] GC(235)   Evacuate Collection Set: 4.7ms
[2023-11-29T23:01:38.812-0800][gc,phases     ] GC(235)   Post Evacuate Collection Set: 0.3ms
[2023-11-29T23:01:38.813-0800][gc,phases     ] GC(235)   Other: 1.0ms
[2023-11-29T23:01:38.813-0800][gc,heap       ] GC(235) Eden regions: 47->0(56)
[2023-11-29T23:01:38.813-0800][gc,heap       ] GC(235) Survivor regions: 5->5(7)
[2023-11-29T23:01:38.813-0800][gc,heap       ] GC(235) Old regions: 176->177
[2023-11-29T23:01:38.813-0800][gc,heap       ] GC(235) Humongous regions: 138->138
[2023-11-29T23:01:38.813-0800][gc,metaspace  ] GC(235) Metaspace: 50835K->50835K(1095680K)
[2023-11-29T23:01:38.813-0800][gc            ] GC(235) Pause Young (Normal) (G1 Evacuation Pause) 365M->318M(1024M) 6.260ms
[2023-11-29T23:01:38.813-0800][gc,cpu        ] GC(235) User=0.04s Sys=0.01s Real=0.01s
[2023-11-29T23:05:06.550-0800][gc,start      ] GC(236) Pause Young (Normal) (G1 Evacuation Pause)
[2023-11-29T23:05:06.551-0800][gc,task       ] GC(236) Using 10 workers of 10 for evacuation
[2023-11-29T23:05:06.563-0800][gc,phases     ] GC(236)   Pre Evacuate Collection Set: 0.0ms
[2023-11-29T23:05:06.563-0800][gc,phases     ] GC(236)   Evacuate Collection Set: 12.1ms
[2023-11-29T23:05:06.563-0800][gc,phases     ] GC(236)   Post Evacuate Collection Set: 0.3ms
[2023-11-29T23:05:06.563-0800][gc,phases     ] GC(236)   Other: 0.9ms
[2023-11-29T23:05:06.563-0800][gc,heap       ] GC(236) Eden regions: 53->0(59)
[2023-11-29T23:05:06.563-0800][gc,heap       ] GC(236) Survivor regions: 5->7(8)
[2023-11-29T23:05:06.563-0800][gc,heap       ] GC(236) Old regions: 177->177
[2023-11-29T23:05:06.563-0800][gc,heap       ] GC(236) Humongous regions: 138->138
[2023-11-29T23:05:06.563-0800][gc,metaspace  ] GC(236) Metaspace: 50985K->50985K(1095680K)
[2023-11-29T23:05:06.563-0800][gc            ] GC(236) Pause Young (Normal) (G1 Evacuation Pause) 371M->320M(1024M) 13.446ms
[2023-11-29T23:05:06.563-0800][gc,cpu        ] GC(236) User=0.03s Sys=0.05s Real=0.01s
[2023-11-29T23:08:50.384-0800][gc,start      ] GC(237) Pause Young (Normal) (G1 Evacuation Pause)
[2023-11-29T23:08:50.385-0800][gc,task       ] GC(237) Using 10 workers of 10 for evacuation
[2023-11-29T23:08:50.393-0800][gc,phases     ] GC(237)   Pre Evacuate Collection Set: 0.0ms
[2023-11-29T23:08:50.393-0800][gc,phases     ] GC(237)   Evacuate Collection Set: 7.9ms
[2023-11-29T23:08:50.393-0800][gc,phases     ] GC(237)   Post Evacuate Collection Set: 0.3ms
[2023-11-29T23:08:50.393-0800][gc,phases     ] GC(237)   Other: 1.0ms
[2023-11-29T23:08:50.393-0800][gc,heap       ] GC(237) Eden regions: 56->0(74)
[2023-11-29T23:08:50.393-0800][gc,heap       ] GC(237) Survivor regions: 7->5(8)
[2023-11-29T23:08:50.393-0800][gc,heap       ] GC(237) Old regions: 177->179
[2023-11-29T23:08:50.393-0800][gc,heap       ] GC(237) Humongous regions: 138->138
[2023-11-29T23:08:50.393-0800][gc,metaspace  ] GC(237) Metaspace: 51199K->51199K(1095680K)
[2023-11-29T23:08:50.393-0800][gc            ] GC(237) Pause Young (Normal) (G1 Evacuation Pause) 376M->320M(1024M) 9.360ms
[2023-11-29T23:08:50.393-0800][gc,cpu        ] GC(237) User=0.03s Sys=0.03s Real=0.01s
[2023-11-29T23:13:47.430-0800][gc,start      ] GC(238) Pause Young (Normal) (G1 Evacuation Pause)
[2023-11-29T23:13:47.431-0800][gc,task       ] GC(238) Using 10 workers of 10 for evacuation
[2023-11-29T23:13:47.447-0800][gc,phases     ] GC(238)   Pre Evacuate Collection Set: 0.0ms
[2023-11-29T23:13:47.447-0800][gc,phases     ] GC(238)   Evacuate Collection Set: 16.0ms
[2023-11-29T23:13:47.447-0800][gc,phases     ] GC(238)   Post Evacuate Collection Set: 0.4ms
[2023-11-29T23:13:47.447-0800][gc,phases     ] GC(238)   Other: 0.7ms
[2023-11-29T23:13:47.447-0800][gc,heap       ] GC(238) Eden regions: 74->0(63)
[2023-11-29T23:13:47.447-0800][gc,heap       ] GC(238) Survivor regions: 5->6(10)
[2023-11-29T23:13:47.447-0800][gc,heap       ] GC(238) Old regions: 179->179
[2023-11-29T23:13:47.448-0800][gc,heap       ] GC(238) Humongous regions: 138->138
[2023-11-29T23:13:47.448-0800][gc,metaspace  ] GC(238) Metaspace: 51307K->51307K(1095680K)
[2023-11-29T23:13:47.448-0800][gc            ] GC(238) Pause Young (Normal) (G1 Evacuation Pause) 394M->322M(1024M) 17.272ms
[2023-11-29T23:13:47.448-0800][gc,cpu        ] GC(238) User=0.04s Sys=0.05s Real=0.01s
[2023-11-29T23:18:00.292-0800][gc,start      ] GC(239) Pause Young (Normal) (G1 Evacuation Pause)
[2023-11-29T23:18:00.293-0800][gc,task       ] GC(239) Using 10 workers of 10 for evacuation
[2023-11-29T23:18:00.298-0800][gc,phases     ] GC(239)   Pre Evacuate Collection Set: 0.0ms
[2023-11-29T23:18:00.298-0800][gc,phases     ] GC(239)   Evacuate Collection Set: 4.6ms
[2023-11-29T23:18:00.298-0800][gc,phases     ] GC(239)   Post Evacuate Collection Set: 0.3ms
[2023-11-29T23:18:00.298-0800][gc,phases     ] GC(239)   Other: 1.0ms
[2023-11-29T23:18:00.298-0800][gc,heap       ] GC(239) Eden regions: 63->0(89)
[2023-11-29T23:18:00.298-0800][gc,heap       ] GC(239) Survivor regions: 6->5(9)
[2023-11-29T23:18:00.298-0800][gc,heap       ] GC(239) Old regions: 179->181
[2023-11-29T23:18:00.298-0800][gc,heap       ] GC(239) Humongous regions: 138->138
[2023-11-29T23:18:00.298-0800][gc,metaspace  ] GC(239) Metaspace: 51379K->51379K(1095680K)
[2023-11-29T23:18:00.298-0800][gc            ] GC(239) Pause Young (Normal) (G1 Evacuation Pause) 385M->322M(1024M) 6.111ms
[2023-11-29T23:18:00.298-0800][gc,cpu        ] GC(239) User=0.03s Sys=0.00s Real=0.00s
[2023-11-29T23:23:43.898-0800][gc,start      ] GC(240) Pause Young (Normal) (G1 Evacuation Pause)
[2023-11-29T23:23:43.899-0800][gc,task       ] GC(240) Using 10 workers of 10 for evacuation
[2023-11-29T23:23:43.919-0800][gc,phases     ] GC(240)   Pre Evacuate Collection Set: 0.0ms
[2023-11-29T23:23:43.919-0800][gc,phases     ] GC(240)   Evacuate Collection Set: 19.0ms
[2023-11-29T23:23:43.919-0800][gc,phases     ] GC(240)   Post Evacuate Collection Set: 0.3ms
[2023-11-29T23:23:43.919-0800][gc,phases     ] GC(240)   Other: 1.3ms
[2023-11-29T23:23:43.919-0800][gc,heap       ] GC(240) Eden regions: 89->0(73)
[2023-11-29T23:23:43.919-0800][gc,heap       ] GC(240) Survivor regions: 5->7(12)
[2023-11-29T23:23:43.919-0800][gc,heap       ] GC(240) Old regions: 181->181
[2023-11-29T23:23:43.919-0800][gc,heap       ] GC(240) Humongous regions: 138->138
[2023-11-29T23:23:43.919-0800][gc,metaspace  ] GC(240) Metaspace: 51385K->51385K(1095680K)
[2023-11-29T23:23:43.919-0800][gc            ] GC(240) Pause Young (Normal) (G1 Evacuation Pause) 411M->324M(1024M) 20.700ms
[2023-11-29T23:23:43.919-0800][gc,cpu        ] GC(240) User=0.05s Sys=0.08s Real=0.02s
[2023-11-29T23:28:36.940-0800][gc,start      ] GC(241) Pause Young (Normal) (G1 Evacuation Pause)
[2023-11-29T23:28:36.941-0800][gc,task       ] GC(241) Using 10 workers of 10 for evacuation
[2023-11-29T23:28:36.946-0800][gc,phases     ] GC(241)   Pre Evacuate Collection Set: 0.0ms
[2023-11-29T23:28:36.946-0800][gc,phases     ] GC(241)   Evacuate Collection Set: 4.5ms
[2023-11-29T23:28:36.946-0800][gc,phases     ] GC(241)   Post Evacuate Collection Set: 0.3ms
[2023-11-29T23:28:36.946-0800][gc,phases     ] GC(241)   Other: 1.3ms
[2023-11-29T23:28:36.946-0800][gc,heap       ] GC(241) Eden regions: 73->0(107)
[2023-11-29T23:28:36.946-0800][gc,heap       ] GC(241) Survivor regions: 7->5(10)
[2023-11-29T23:28:36.946-0800][gc,heap       ] GC(241) Old regions: 181->182
[2023-11-29T23:28:36.946-0800][gc,heap       ] GC(241) Humongous regions: 138->138
[2023-11-29T23:28:36.947-0800][gc,metaspace  ] GC(241) Metaspace: 51385K->51385K(1095680K)
[2023-11-29T23:28:36.947-0800][gc            ] GC(241) Pause Young (Normal) (G1 Evacuation Pause) 397M->324M(1024M) 6.311ms
[2023-11-29T23:28:36.947-0800][gc,cpu        ] GC(241) User=0.03s Sys=0.00s Real=0.00s
[2023-11-29T23:35:47.182-0800][gc,start      ] GC(242) Pause Young (Normal) (G1 Evacuation Pause)
[2023-11-29T23:35:47.183-0800][gc,task       ] GC(242) Using 10 workers of 10 for evacuation
[2023-11-29T23:35:47.198-0800][gc,phases     ] GC(242)   Pre Evacuate Collection Set: 0.0ms
[2023-11-29T23:35:47.198-0800][gc,phases     ] GC(242)   Evacuate Collection Set: 14.9ms
[2023-11-29T23:35:47.198-0800][gc,phases     ] GC(242)   Post Evacuate Collection Set: 0.4ms
[2023-11-29T23:35:47.198-0800][gc,phases     ] GC(242)   Other: 0.9ms
[2023-11-29T23:35:47.198-0800][gc,heap       ] GC(242) Eden regions: 107->0(105)
[2023-11-29T23:35:47.198-0800][gc,heap       ] GC(242) Survivor regions: 5->6(14)
[2023-11-29T23:35:47.198-0800][gc,heap       ] GC(242) Old regions: 182->182
[2023-11-29T23:35:47.198-0800][gc,heap       ] GC(242) Humongous regions: 138->138
[2023-11-29T23:35:47.199-0800][gc,metaspace  ] GC(242) Metaspace: 51386K->51386K(1095680K)
[2023-11-29T23:35:47.199-0800][gc            ] GC(242) Pause Young (Normal) (G1 Evacuation Pause) 431M->324M(1024M) 16.493ms
[2023-11-29T23:35:47.199-0800][gc,cpu        ] GC(242) User=0.04s Sys=0.06s Real=0.01s
[2023-11-29T23:42:49.353-0800][gc,start      ] GC(243) Pause Young (Normal) (G1 Evacuation Pause)
[2023-11-29T23:42:49.354-0800][gc,task       ] GC(243) Using 10 workers of 10 for evacuation
[2023-11-29T23:42:49.359-0800][gc,phases     ] GC(243)   Pre Evacuate Collection Set: 0.1ms
[2023-11-29T23:42:49.359-0800][gc,phases     ] GC(243)   Evacuate Collection Set: 4.4ms
[2023-11-29T23:42:49.359-0800][gc,phases     ] GC(243)   Post Evacuate Collection Set: 0.4ms
[2023-11-29T23:42:49.359-0800][gc,phases     ] GC(243)   Other: 1.6ms
[2023-11-29T23:42:49.359-0800][gc,heap       ] GC(243) Eden regions: 105->0(135)
[2023-11-29T23:42:49.359-0800][gc,heap       ] GC(243) Survivor regions: 6->6(14)
[2023-11-29T23:42:49.359-0800][gc,heap       ] GC(243) Old regions: 182->182
[2023-11-29T23:42:49.359-0800][gc,heap       ] GC(243) Humongous regions: 138->138
[2023-11-29T23:42:49.359-0800][gc,metaspace  ] GC(243) Metaspace: 51386K->51386K(1095680K)
[2023-11-29T23:42:49.359-0800][gc            ] GC(243) Pause Young (Normal) (G1 Evacuation Pause) 429M->324M(1024M) 6.678ms
[2023-11-29T23:42:49.359-0800][gc,cpu        ] GC(243) User=0.04s Sys=0.00s Real=0.00s
[2023-11-29T23:51:54.318-0800][gc,start      ] GC(244) Pause Young (Normal) (G1 Evacuation Pause)
[2023-11-29T23:51:54.320-0800][gc,task       ] GC(244) Using 10 workers of 10 for evacuation
[2023-11-29T23:51:54.409-0800][gc,mmu        ] GC(244) MMU target violated: 21.0ms (20.0ms/21.0ms)
[2023-11-29T23:51:54.409-0800][gc,phases     ] GC(244)   Pre Evacuate Collection Set: 2.8ms
[2023-11-29T23:51:54.409-0800][gc,phases     ] GC(244)   Evacuate Collection Set: 81.2ms
[2023-11-29T23:51:54.409-0800][gc,phases     ] GC(244)   Post Evacuate Collection Set: 2.4ms
[2023-11-29T23:51:54.409-0800][gc,phases     ] GC(244)   Other: 4.8ms
[2023-11-29T23:51:54.409-0800][gc,heap       ] GC(244) Eden regions: 135->0(45)
[2023-11-29T23:51:54.409-0800][gc,heap       ] GC(244) Survivor regions: 6->6(18)
[2023-11-29T23:51:54.409-0800][gc,heap       ] GC(244) Old regions: 182->182
[2023-11-29T23:51:54.409-0800][gc,heap       ] GC(244) Humongous regions: 138->138
[2023-11-29T23:51:54.409-0800][gc,metaspace  ] GC(244) Metaspace: 51387K->51387K(1095680K)
[2023-11-29T23:51:54.409-0800][gc            ] GC(244) Pause Young (Normal) (G1 Evacuation Pause) 459M->324M(1024M) 91.166ms
[2023-11-29T23:51:54.409-0800][gc,cpu        ] GC(244) User=0.03s Sys=0.19s Real=0.09s
[2023-11-29T23:54:56.040-0800][gc,start      ] GC(245) Pause Young (Normal) (G1 Evacuation Pause)
[2023-11-29T23:54:56.041-0800][gc,task       ] GC(245) Using 10 workers of 10 for evacuation
[2023-11-29T23:54:56.068-0800][gc,mmu        ] GC(245) MMU target violated: 21.0ms (20.0ms/21.0ms)
[2023-11-29T23:54:56.068-0800][gc,phases     ] GC(245)   Pre Evacuate Collection Set: 0.0ms
[2023-11-29T23:54:56.068-0800][gc,phases     ] GC(245)   Evacuate Collection Set: 26.5ms
[2023-11-29T23:54:56.068-0800][gc,phases     ] GC(245)   Post Evacuate Collection Set: 0.2ms
[2023-11-29T23:54:56.068-0800][gc,phases     ] GC(245)   Other: 0.8ms
[2023-11-29T23:54:56.068-0800][gc,heap       ] GC(245) Eden regions: 45->0(47)
[2023-11-29T23:54:56.068-0800][gc,heap       ] GC(245) Survivor regions: 6->4(7)
[2023-11-29T23:54:56.068-0800][gc,heap       ] GC(245) Old regions: 182->183
[2023-11-29T23:54:56.068-0800][gc,heap       ] GC(245) Humongous regions: 138->138
[2023-11-29T23:54:56.068-0800][gc,metaspace  ] GC(245) Metaspace: 51387K->51387K(1095680K)
[2023-11-29T23:54:56.068-0800][gc            ] GC(245) Pause Young (Normal) (G1 Evacuation Pause) 369M->324M(1024M) 27.666ms
[2023-11-29T23:54:56.068-0800][gc,cpu        ] GC(245) User=0.03s Sys=0.05s Real=0.02s
[2023-11-29T23:58:05.800-0800][gc,start      ] GC(246) Pause Young (Normal) (G1 Evacuation Pause)
[2023-11-29T23:58:05.800-0800][gc,task       ] GC(246) Using 10 workers of 10 for evacuation
[2023-11-29T23:58:05.815-0800][gc,phases     ] GC(246)   Pre Evacuate Collection Set: 0.0ms
[2023-11-29T23:58:05.815-0800][gc,phases     ] GC(246)   Evacuate Collection Set: 14.1ms
[2023-11-29T23:58:05.815-0800][gc,phases     ] GC(246)   Post Evacuate Collection Set: 0.2ms
[2023-11-29T23:58:05.815-0800][gc,phases     ] GC(246)   Other: 1.0ms
[2023-11-29T23:58:05.815-0800][gc,heap       ] GC(246) Eden regions: 47->0(46)
[2023-11-29T23:58:05.815-0800][gc,heap       ] GC(246) Survivor regions: 4->5(7)
[2023-11-29T23:58:05.815-0800][gc,heap       ] GC(246) Old regions: 183->184
[2023-11-29T23:58:05.815-0800][gc,heap       ] GC(246) Humongous regions: 138->138
[2023-11-29T23:58:05.815-0800][gc,metaspace  ] GC(246) Metaspace: 51387K->51387K(1095680K)
[2023-11-29T23:58:05.815-0800][gc            ] GC(246) Pause Young (Normal) (G1 Evacuation Pause) 371M->325M(1024M) 15.571ms
[2023-11-29T23:58:05.815-0800][gc,cpu        ] GC(246) User=0.03s Sys=0.04s Real=0.01s
[2023-11-30T00:01:08.456-0800][gc,start      ] GC(247) Pause Young (Normal) (G1 Evacuation Pause)
[2023-11-30T00:01:08.456-0800][gc,task       ] GC(247) Using 10 workers of 10 for evacuation
[2023-11-30T00:01:08.472-0800][gc,phases     ] GC(247)   Pre Evacuate Collection Set: 0.0ms
[2023-11-30T00:01:08.472-0800][gc,phases     ] GC(247)   Evacuate Collection Set: 14.7ms
[2023-11-30T00:01:08.472-0800][gc,phases     ] GC(247)   Post Evacuate Collection Set: 0.9ms
[2023-11-30T00:01:08.472-0800][gc,phases     ] GC(247)   Other: 0.6ms
[2023-11-30T00:01:08.472-0800][gc,heap       ] GC(247) Eden regions: 46->0(46)
[2023-11-30T00:01:08.472-0800][gc,heap       ] GC(247) Survivor regions: 5->5(7)
[2023-11-30T00:01:08.472-0800][gc,heap       ] GC(247) Old regions: 184->185
[2023-11-30T00:01:08.472-0800][gc,heap       ] GC(247) Humongous regions: 138->138
[2023-11-30T00:01:08.472-0800][gc,metaspace  ] GC(247) Metaspace: 51387K->51387K(1095680K)
[2023-11-30T00:01:08.473-0800][gc            ] GC(247) Pause Young (Normal) (G1 Evacuation Pause) 371M->326M(1024M) 16.643ms
[2023-11-30T00:01:08.473-0800][gc,cpu        ] GC(247) User=0.03s Sys=0.03s Real=0.02s
[2023-11-30T00:04:13.746-0800][gc,start      ] GC(248) Pause Young (Normal) (G1 Evacuation Pause)
[2023-11-30T00:04:13.747-0800][gc,task       ] GC(248) Using 10 workers of 10 for evacuation
[2023-11-30T00:04:13.758-0800][gc,phases     ] GC(248)   Pre Evacuate Collection Set: 0.1ms
[2023-11-30T00:04:13.758-0800][gc,phases     ] GC(248)   Evacuate Collection Set: 10.4ms
[2023-11-30T00:04:13.758-0800][gc,phases     ] GC(248)   Post Evacuate Collection Set: 0.3ms
[2023-11-30T00:04:13.758-0800][gc,phases     ] GC(248)   Other: 0.6ms
[2023-11-30T00:04:13.758-0800][gc,heap       ] GC(248) Eden regions: 46->0(46)
[2023-11-30T00:04:13.758-0800][gc,heap       ] GC(248) Survivor regions: 5->5(7)
[2023-11-30T00:04:13.758-0800][gc,heap       ] GC(248) Old regions: 185->185
[2023-11-30T00:04:13.758-0800][gc,heap       ] GC(248) Humongous regions: 138->138
[2023-11-30T00:04:13.758-0800][gc,metaspace  ] GC(248) Metaspace: 51387K->51387K(1095680K)
[2023-11-30T00:04:13.758-0800][gc            ] GC(248) Pause Young (Normal) (G1 Evacuation Pause) 372M->327M(1024M) 11.479ms
[2023-11-30T00:04:13.758-0800][gc,cpu        ] GC(248) User=0.03s Sys=0.02s Real=0.01s
[2023-11-30T00:07:18.018-0800][gc,start      ] GC(249) Pause Young (Normal) (G1 Evacuation Pause)
[2023-11-30T00:07:18.019-0800][gc,task       ] GC(249) Using 10 workers of 10 for evacuation
[2023-11-30T00:07:18.036-0800][gc,phases     ] GC(249)   Pre Evacuate Collection Set: 0.0ms
[2023-11-30T00:07:18.036-0800][gc,phases     ] GC(249)   Evacuate Collection Set: 16.5ms
[2023-11-30T00:07:18.036-0800][gc,phases     ] GC(249)   Post Evacuate Collection Set: 0.3ms
[2023-11-30T00:07:18.036-0800][gc,phases     ] GC(249)   Other: 1.0ms
[2023-11-30T00:07:18.036-0800][gc,heap       ] GC(249) Eden regions: 46->0(45)
[2023-11-30T00:07:18.036-0800][gc,heap       ] GC(249) Survivor regions: 5->6(7)
[2023-11-30T00:07:18.036-0800][gc,heap       ] GC(249) Old regions: 185->186
[2023-11-30T00:07:18.036-0800][gc,heap       ] GC(249) Humongous regions: 138->138
[2023-11-30T00:07:18.036-0800][gc,metaspace  ] GC(249) Metaspace: 51387K->51387K(1095680K)
[2023-11-30T00:07:18.036-0800][gc            ] GC(249) Pause Young (Normal) (G1 Evacuation Pause) 373M->329M(1024M) 17.962ms
[2023-11-30T00:07:18.036-0800][gc,cpu        ] GC(249) User=0.04s Sys=0.05s Real=0.02s
[2023-11-30T00:10:17.682-0800][gc,start      ] GC(250) Pause Young (Normal) (G1 Evacuation Pause)
[2023-11-30T00:10:17.683-0800][gc,task       ] GC(250) Using 10 workers of 10 for evacuation
[2023-11-30T00:10:17.728-0800][gc,mmu        ] GC(250) MMU target violated: 21.0ms (20.0ms/21.0ms)
[2023-11-30T00:10:17.728-0800][gc,phases     ] GC(250)   Pre Evacuate Collection Set: 0.2ms
[2023-11-30T00:10:17.728-0800][gc,phases     ] GC(250)   Evacuate Collection Set: 43.8ms
[2023-11-30T00:10:17.728-0800][gc,phases     ] GC(250)   Post Evacuate Collection Set: 0.3ms
[2023-11-30T00:10:17.728-0800][gc,phases     ] GC(250)   Other: 1.8ms
[2023-11-30T00:10:17.728-0800][gc,heap       ] GC(250) Eden regions: 45->0(46)
[2023-11-30T00:10:17.728-0800][gc,heap       ] GC(250) Survivor regions: 6->5(7)
[2023-11-30T00:10:17.728-0800][gc,heap       ] GC(250) Old regions: 186->191
[2023-11-30T00:10:17.728-0800][gc,heap       ] GC(250) Humongous regions: 138->138
[2023-11-30T00:10:17.728-0800][gc,metaspace  ] GC(250) Metaspace: 51387K->51387K(1095680K)
[2023-11-30T00:10:17.728-0800][gc            ] GC(250) Pause Young (Normal) (G1 Evacuation Pause) 374M->333M(1024M) 46.183ms
[2023-11-30T00:10:17.728-0800][gc,cpu        ] GC(250) User=0.04s Sys=0.10s Real=0.04s
[2023-11-30T00:13:22.191-0800][gc,start      ] GC(251) Pause Young (Normal) (G1 Evacuation Pause)
[2023-11-30T00:13:22.192-0800][gc,task       ] GC(251) Using 10 workers of 10 for evacuation
[2023-11-30T00:13:22.224-0800][gc,mmu        ] GC(251) MMU target violated: 21.0ms (20.0ms/21.0ms)
[2023-11-30T00:13:22.224-0800][gc,phases     ] GC(251)   Pre Evacuate Collection Set: 0.1ms
[2023-11-30T00:13:22.224-0800][gc,phases     ] GC(251)   Evacuate Collection Set: 31.8ms
[2023-11-30T00:13:22.224-0800][gc,phases     ] GC(251)   Post Evacuate Collection Set: 0.3ms
[2023-11-30T00:13:22.224-0800][gc,phases     ] GC(251)   Other: 1.1ms
[2023-11-30T00:13:22.224-0800][gc,heap       ] GC(251) Eden regions: 46->0(46)
[2023-11-30T00:13:22.224-0800][gc,heap       ] GC(251) Survivor regions: 5->5(7)
[2023-11-30T00:13:22.224-0800][gc,heap       ] GC(251) Old regions: 191->195
[2023-11-30T00:13:22.224-0800][gc,heap       ] GC(251) Humongous regions: 138->138
[2023-11-30T00:13:22.224-0800][gc,metaspace  ] GC(251) Metaspace: 51389K->51389K(1095680K)
[2023-11-30T00:13:22.224-0800][gc            ] GC(251) Pause Young (Normal) (G1 Evacuation Pause) 379M->337M(1024M) 33.327ms
[2023-11-30T00:13:22.224-0800][gc,cpu        ] GC(251) User=0.04s Sys=0.09s Real=0.03s
[2023-11-30T00:16:25.960-0800][gc,start      ] GC(252) Pause Young (Normal) (G1 Evacuation Pause)
[2023-11-30T00:16:25.961-0800][gc,task       ] GC(252) Using 10 workers of 10 for evacuation
[2023-11-30T00:16:26.050-0800][gc,mmu        ] GC(252) MMU target violated: 21.0ms (20.0ms/21.0ms)
[2023-11-30T00:16:26.050-0800][gc,phases     ] GC(252)   Pre Evacuate Collection Set: 0.6ms
[2023-11-30T00:16:26.050-0800][gc,phases     ] GC(252)   Evacuate Collection Set: 85.5ms
[2023-11-30T00:16:26.050-0800][gc,phases     ] GC(252)   Post Evacuate Collection Set: 1.7ms
[2023-11-30T00:16:26.050-0800][gc,phases     ] GC(252)   Other: 1.5ms
[2023-11-30T00:16:26.050-0800][gc,heap       ] GC(252) Eden regions: 46->0(45)
[2023-11-30T00:16:26.050-0800][gc,heap       ] GC(252) Survivor regions: 5->6(7)
[2023-11-30T00:16:26.050-0800][gc,heap       ] GC(252) Old regions: 195->199
[2023-11-30T00:16:26.050-0800][gc,heap       ] GC(252) Humongous regions: 138->138
[2023-11-30T00:16:26.050-0800][gc,metaspace  ] GC(252) Metaspace: 51389K->51389K(1095680K)
[2023-11-30T00:16:26.050-0800][gc            ] GC(252) Pause Young (Normal) (G1 Evacuation Pause) 383M->341M(1024M) 89.542ms
[2023-11-30T00:16:26.050-0800][gc,cpu        ] GC(252) User=0.05s Sys=0.15s Real=0.09s
[2023-11-30T00:19:27.357-0800][gc,start      ] GC(253) Pause Young (Normal) (G1 Evacuation Pause)
[2023-11-30T00:19:27.358-0800][gc,task       ] GC(253) Using 10 workers of 10 for evacuation
[2023-11-30T00:19:27.470-0800][gc,mmu        ] GC(253) MMU target violated: 21.0ms (20.0ms/21.0ms)
[2023-11-30T00:19:27.470-0800][gc,phases     ] GC(253)   Pre Evacuate Collection Set: 0.0ms
[2023-11-30T00:19:27.470-0800][gc,phases     ] GC(253)   Evacuate Collection Set: 111.4ms
[2023-11-30T00:19:27.470-0800][gc,phases     ] GC(253)   Post Evacuate Collection Set: 0.9ms
[2023-11-30T00:19:27.470-0800][gc,phases     ] GC(253)   Other: 0.9ms
[2023-11-30T00:19:27.470-0800][gc,heap       ] GC(253) Eden regions: 45->0(45)
[2023-11-30T00:19:27.470-0800][gc,heap       ] GC(253) Survivor regions: 6->6(7)
[2023-11-30T00:19:27.470-0800][gc,heap       ] GC(253) Old regions: 199->203
[2023-11-30T00:19:27.470-0800][gc,heap       ] GC(253) Humongous regions: 138->138
[2023-11-30T00:19:27.470-0800][gc,metaspace  ] GC(253) Metaspace: 51389K->51389K(1095680K)
[2023-11-30T00:19:27.470-0800][gc            ] GC(253) Pause Young (Normal) (G1 Evacuation Pause) 386M->345M(1024M) 113.272ms
[2023-11-30T00:19:27.470-0800][gc,cpu        ] GC(253) User=0.05s Sys=0.16s Real=0.12s
[2023-11-30T00:22:14.638-0800][gc,start      ] GC(254) Pause Young (Normal) (G1 Evacuation Pause)
[2023-11-30T00:22:14.639-0800][gc,task       ] GC(254) Using 10 workers of 10 for evacuation
[2023-11-30T00:22:14.679-0800][gc,mmu        ] GC(254) MMU target violated: 21.0ms (20.0ms/21.0ms)
[2023-11-30T00:22:14.679-0800][gc,phases     ] GC(254)   Pre Evacuate Collection Set: 0.0ms
[2023-11-30T00:22:14.679-0800][gc,phases     ] GC(254)   Evacuate Collection Set: 39.1ms
[2023-11-30T00:22:14.679-0800][gc,phases     ] GC(254)   Post Evacuate Collection Set: 0.6ms
[2023-11-30T00:22:14.679-0800][gc,phases     ] GC(254)   Other: 1.4ms
[2023-11-30T00:22:14.679-0800][gc,heap       ] GC(254) Eden regions: 45->0(45)
[2023-11-30T00:22:14.679-0800][gc,heap       ] GC(254) Survivor regions: 6->6(7)
[2023-11-30T00:22:14.679-0800][gc,heap       ] GC(254) Old regions: 203->207
[2023-11-30T00:22:14.679-0800][gc,heap       ] GC(254) Humongous regions: 138->138
[2023-11-30T00:22:14.679-0800][gc,metaspace  ] GC(254) Metaspace: 51389K->51389K(1095680K)
[2023-11-30T00:22:14.679-0800][gc            ] GC(254) Pause Young (Normal) (G1 Evacuation Pause) 390M->350M(1024M) 41.178ms
[2023-11-30T00:22:14.679-0800][gc,cpu        ] GC(254) User=0.05s Sys=0.09s Real=0.04s
[2023-11-30T00:25:15.182-0800][gc,start      ] GC(255) Pause Young (Normal) (G1 Evacuation Pause)
[2023-11-30T00:25:15.183-0800][gc,task       ] GC(255) Using 10 workers of 10 for evacuation
[2023-11-30T00:25:15.213-0800][gc,mmu        ] GC(255) MMU target violated: 21.0ms (20.0ms/21.0ms)
[2023-11-30T00:25:15.213-0800][gc,phases     ] GC(255)   Pre Evacuate Collection Set: 0.1ms
[2023-11-30T00:25:15.213-0800][gc,phases     ] GC(255)   Evacuate Collection Set: 29.0ms
[2023-11-30T00:25:15.213-0800][gc,phases     ] GC(255)   Post Evacuate Collection Set: 0.8ms
[2023-11-30T00:25:15.213-0800][gc,phases     ] GC(255)   Other: 1.0ms
[2023-11-30T00:25:15.213-0800][gc,heap       ] GC(255) Eden regions: 45->0(47)
[2023-11-30T00:25:15.213-0800][gc,heap       ] GC(255) Survivor regions: 6->4(7)
[2023-11-30T00:25:15.213-0800][gc,heap       ] GC(255) Old regions: 207->210
[2023-11-30T00:25:15.213-0800][gc,heap       ] GC(255) Humongous regions: 138->138
[2023-11-30T00:25:15.213-0800][gc,metaspace  ] GC(255) Metaspace: 51389K->51389K(1095680K)
[2023-11-30T00:25:15.213-0800][gc            ] GC(255) Pause Young (Normal) (G1 Evacuation Pause) 395M->350M(1024M) 30.986ms
[2023-11-30T00:25:15.213-0800][gc,cpu        ] GC(255) User=0.02s Sys=0.06s Real=0.03s
[2023-11-30T00:28:24.701-0800][gc,start      ] GC(256) Pause Young (Normal) (G1 Evacuation Pause)
[2023-11-30T00:28:24.701-0800][gc,task       ] GC(256) Using 10 workers of 10 for evacuation
[2023-11-30T00:28:24.709-0800][gc,phases     ] GC(256)   Pre Evacuate Collection Set: 0.0ms
[2023-11-30T00:28:24.709-0800][gc,phases     ] GC(256)   Evacuate Collection Set: 7.5ms
[2023-11-30T00:28:24.709-0800][gc,phases     ] GC(256)   Post Evacuate Collection Set: 0.3ms
[2023-11-30T00:28:24.709-0800][gc,phases     ] GC(256)   Other: 0.8ms
[2023-11-30T00:28:24.709-0800][gc,heap       ] GC(256) Eden regions: 47->0(45)
[2023-11-30T00:28:24.709-0800][gc,heap       ] GC(256) Survivor regions: 4->6(7)
[2023-11-30T00:28:24.709-0800][gc,heap       ] GC(256) Old regions: 210->210
[2023-11-30T00:28:24.709-0800][gc,heap       ] GC(256) Humongous regions: 138->138
[2023-11-30T00:28:24.709-0800][gc,metaspace  ] GC(256) Metaspace: 51389K->51389K(1095680K)
[2023-11-30T00:28:24.710-0800][gc            ] GC(256) Pause Young (Normal) (G1 Evacuation Pause) 397M->352M(1024M) 8.696ms
[2023-11-30T00:28:24.710-0800][gc,cpu        ] GC(256) User=0.03s Sys=0.02s Real=0.01s
[2023-11-30T00:31:25.481-0800][gc,start      ] GC(257) Pause Young (Normal) (G1 Evacuation Pause)
[2023-11-30T00:31:25.481-0800][gc,task       ] GC(257) Using 10 workers of 10 for evacuation
[2023-11-30T00:31:25.604-0800][gc,mmu        ] GC(257) MMU target violated: 21.0ms (20.0ms/21.0ms)
[2023-11-30T00:31:25.604-0800][gc,phases     ] GC(257)   Pre Evacuate Collection Set: 1.6ms
[2023-11-30T00:31:25.604-0800][gc,phases     ] GC(257)   Evacuate Collection Set: 114.9ms
[2023-11-30T00:31:25.605-0800][gc,phases     ] GC(257)   Post Evacuate Collection Set: 5.1ms
[2023-11-30T00:31:25.605-0800][gc,phases     ] GC(257)   Other: 2.4ms
[2023-11-30T00:31:25.605-0800][gc,heap       ] GC(257) Eden regions: 45->0(46)
[2023-11-30T00:31:25.605-0800][gc,heap       ] GC(257) Survivor regions: 6->5(7)
[2023-11-30T00:31:25.605-0800][gc,heap       ] GC(257) Old regions: 210->215
[2023-11-30T00:31:25.605-0800][gc,heap       ] GC(257) Humongous regions: 138->138
[2023-11-30T00:31:25.605-0800][gc,metaspace  ] GC(257) Metaspace: 51389K->51389K(1095680K)
[2023-11-30T00:31:25.605-0800][gc            ] GC(257) Pause Young (Normal) (G1 Evacuation Pause) 397M->356M(1024M) 124.769ms
[2023-11-30T00:31:25.605-0800][gc,cpu        ] GC(257) User=0.06s Sys=0.21s Real=0.12s
[2023-11-30T00:34:09.121-0800][gc,start      ] GC(258) Pause Young (Normal) (G1 Evacuation Pause)
[2023-11-30T00:34:09.122-0800][gc,task       ] GC(258) Using 10 workers of 10 for evacuation
[2023-11-30T00:34:09.162-0800][gc,mmu        ] GC(258) MMU target violated: 21.0ms (20.0ms/21.0ms)
[2023-11-30T00:34:09.162-0800][gc,phases     ] GC(258)   Pre Evacuate Collection Set: 0.2ms
[2023-11-30T00:34:09.162-0800][gc,phases     ] GC(258)   Evacuate Collection Set: 36.9ms
[2023-11-30T00:34:09.162-0800][gc,phases     ] GC(258)   Post Evacuate Collection Set: 0.2ms
[2023-11-30T00:34:09.162-0800][gc,phases     ] GC(258)   Other: 3.9ms
[2023-11-30T00:34:09.162-0800][gc,heap       ] GC(258) Eden regions: 46->0(45)
[2023-11-30T00:34:09.162-0800][gc,heap       ] GC(258) Survivor regions: 5->6(7)
[2023-11-30T00:34:09.162-0800][gc,heap       ] GC(258) Old regions: 215->219
[2023-11-30T00:34:09.162-0800][gc,heap       ] GC(258) Humongous regions: 138->138
[2023-11-30T00:34:09.162-0800][gc,metaspace  ] GC(258) Metaspace: 51389K->51389K(1095680K)
[2023-11-30T00:34:09.162-0800][gc            ] GC(258) Pause Young (Normal) (G1 Evacuation Pause) 402M->361M(1024M) 41.176ms
[2023-11-30T00:34:09.162-0800][gc,cpu        ] GC(258) User=0.04s Sys=0.07s Real=0.04s
[2023-11-30T00:37:05.068-0800][gc,start      ] GC(259) Pause Young (Normal) (G1 Evacuation Pause)
[2023-11-30T00:37:05.069-0800][gc,task       ] GC(259) Using 10 workers of 10 for evacuation
[2023-11-30T00:37:05.121-0800][gc,mmu        ] GC(259) MMU target violated: 21.0ms (20.0ms/21.0ms)
[2023-11-30T00:37:05.121-0800][gc,phases     ] GC(259)   Pre Evacuate Collection Set: 1.0ms
[2023-11-30T00:37:05.121-0800][gc,phases     ] GC(259)   Evacuate Collection Set: 49.3ms
[2023-11-30T00:37:05.121-0800][gc,phases     ] GC(259)   Post Evacuate Collection Set: 1.9ms
[2023-11-30T00:37:05.121-0800][gc,phases     ] GC(259)   Other: 1.3ms
[2023-11-30T00:37:05.121-0800][gc,heap       ] GC(259) Eden regions: 45->0(45)
[2023-11-30T00:37:05.121-0800][gc,heap       ] GC(259) Survivor regions: 6->6(7)
[2023-11-30T00:37:05.121-0800][gc,heap       ] GC(259) Old regions: 219->223
[2023-11-30T00:37:05.121-0800][gc,heap       ] GC(259) Humongous regions: 138->138
[2023-11-30T00:37:05.121-0800][gc,metaspace  ] GC(259) Metaspace: 51389K->51389K(1095680K)
[2023-11-30T00:37:05.121-0800][gc            ] GC(259) Pause Young (Normal) (G1 Evacuation Pause) 406M->365M(1024M) 53.487ms
[2023-11-30T00:37:05.121-0800][gc,cpu        ] GC(259) User=0.05s Sys=0.14s Real=0.06s
[2023-11-30T00:40:05.149-0800][gc,start      ] GC(260) Pause Young (Normal) (G1 Evacuation Pause)
[2023-11-30T00:40:05.150-0800][gc,task       ] GC(260) Using 10 workers of 10 for evacuation
[2023-11-30T00:40:05.185-0800][gc,mmu        ] GC(260) MMU target violated: 21.0ms (20.0ms/21.0ms)
[2023-11-30T00:40:05.185-0800][gc,phases     ] GC(260)   Pre Evacuate Collection Set: 0.0ms
[2023-11-30T00:40:05.185-0800][gc,phases     ] GC(260)   Evacuate Collection Set: 33.1ms
[2023-11-30T00:40:05.185-0800][gc,phases     ] GC(260)   Post Evacuate Collection Set: 1.0ms
[2023-11-30T00:40:05.185-0800][gc,phases     ] GC(260)   Other: 1.3ms
[2023-11-30T00:40:05.185-0800][gc,heap       ] GC(260) Eden regions: 45->0(45)
[2023-11-30T00:40:05.185-0800][gc,heap       ] GC(260) Survivor regions: 6->6(7)
[2023-11-30T00:40:05.185-0800][gc,heap       ] GC(260) Old regions: 223->227
[2023-11-30T00:40:05.185-0800][gc,heap       ] GC(260) Humongous regions: 138->138
[2023-11-30T00:40:05.185-0800][gc,metaspace  ] GC(260) Metaspace: 51392K->51392K(1095680K)
[2023-11-30T00:40:05.185-0800][gc            ] GC(260) Pause Young (Normal) (G1 Evacuation Pause) 410M->369M(1024M) 35.521ms
[2023-11-30T00:40:05.185-0800][gc,cpu        ] GC(260) User=0.04s Sys=0.07s Real=0.04s
[2023-11-30T00:43:05.322-0800][gc,start      ] GC(261) Pause Young (Normal) (G1 Evacuation Pause)
[2023-11-30T00:43:05.324-0800][gc,task       ] GC(261) Using 10 workers of 10 for evacuation
[2023-11-30T00:43:05.361-0800][gc,mmu        ] GC(261) MMU target violated: 21.0ms (20.0ms/21.0ms)
[2023-11-30T00:43:05.361-0800][gc,phases     ] GC(261)   Pre Evacuate Collection Set: 2.6ms
[2023-11-30T00:43:05.361-0800][gc,phases     ] GC(261)   Evacuate Collection Set: 32.2ms
[2023-11-30T00:43:05.361-0800][gc,phases     ] GC(261)   Post Evacuate Collection Set: 0.7ms
[2023-11-30T00:43:05.361-0800][gc,phases     ] GC(261)   Other: 4.2ms
[2023-11-30T00:43:05.361-0800][gc,heap       ] GC(261) Eden regions: 45->0(45)
[2023-11-30T00:43:05.361-0800][gc,heap       ] GC(261) Survivor regions: 6->6(7)
[2023-11-30T00:43:05.361-0800][gc,heap       ] GC(261) Old regions: 227->231
[2023-11-30T00:43:05.361-0800][gc,heap       ] GC(261) Humongous regions: 138->138
[2023-11-30T00:43:05.361-0800][gc,metaspace  ] GC(261) Metaspace: 51392K->51392K(1095680K)
[2023-11-30T00:43:05.362-0800][gc            ] GC(261) Pause Young (Normal) (G1 Evacuation Pause) 414M->373M(1024M) 39.771ms
[2023-11-30T00:43:05.362-0800][gc,cpu        ] GC(261) User=0.06s Sys=0.10s Real=0.04s
[2023-11-30T00:46:05.359-0800][gc,start      ] GC(262) Pause Young (Normal) (G1 Evacuation Pause)
[2023-11-30T00:46:05.360-0800][gc,task       ] GC(262) Using 10 workers of 10 for evacuation
[2023-11-30T00:46:05.372-0800][gc,phases     ] GC(262)   Pre Evacuate Collection Set: 0.2ms
[2023-11-30T00:46:05.372-0800][gc,phases     ] GC(262)   Evacuate Collection Set: 10.9ms
[2023-11-30T00:46:05.372-0800][gc,phases     ] GC(262)   Post Evacuate Collection Set: 0.3ms
[2023-11-30T00:46:05.372-0800][gc,phases     ] GC(262)   Other: 1.6ms
[2023-11-30T00:46:05.372-0800][gc,heap       ] GC(262) Eden regions: 45->0(46)
[2023-11-30T00:46:05.372-0800][gc,heap       ] GC(262) Survivor regions: 6->5(7)
[2023-11-30T00:46:05.372-0800][gc,heap       ] GC(262) Old regions: 231->234
[2023-11-30T00:46:05.372-0800][gc,heap       ] GC(262) Humongous regions: 138->138
[2023-11-30T00:46:05.372-0800][gc,metaspace  ] GC(262) Metaspace: 51393K->51393K(1095680K)
[2023-11-30T00:46:05.372-0800][gc            ] GC(262) Pause Young (Normal) (G1 Evacuation Pause) 418M->376M(1024M) 13.100ms
[2023-11-30T00:46:05.372-0800][gc,cpu        ] GC(262) User=0.05s Sys=0.03s Real=0.02s
[2023-11-30T00:49:10.018-0800][gc,start      ] GC(263) Pause Young (Normal) (G1 Evacuation Pause)
[2023-11-30T00:49:10.019-0800][gc,task       ] GC(263) Using 10 workers of 10 for evacuation
[2023-11-30T00:49:10.029-0800][gc,phases     ] GC(263)   Pre Evacuate Collection Set: 0.1ms
[2023-11-30T00:49:10.029-0800][gc,phases     ] GC(263)   Evacuate Collection Set: 9.8ms
[2023-11-30T00:49:10.029-0800][gc,phases     ] GC(263)   Post Evacuate Collection Set: 0.3ms
[2023-11-30T00:49:10.029-0800][gc,phases     ] GC(263)   Other: 0.8ms
[2023-11-30T00:49:10.029-0800][gc,heap       ] GC(263) Eden regions: 46->0(46)
[2023-11-30T00:49:10.029-0800][gc,heap       ] GC(263) Survivor regions: 5->5(7)
[2023-11-30T00:49:10.029-0800][gc,heap       ] GC(263) Old regions: 234->238
[2023-11-30T00:49:10.029-0800][gc,heap       ] GC(263) Humongous regions: 138->138
[2023-11-30T00:49:10.029-0800][gc,metaspace  ] GC(263) Metaspace: 51394K->51394K(1095680K)
[2023-11-30T00:49:10.029-0800][gc            ] GC(263) Pause Young (Normal) (G1 Evacuation Pause) 422M->380M(1024M) 11.072ms
[2023-11-30T00:49:10.030-0800][gc,cpu        ] GC(263) User=0.05s Sys=0.03s Real=0.02s
[2023-11-30T00:52:05.526-0800][gc,start      ] GC(264) Pause Young (Normal) (G1 Evacuation Pause)
[2023-11-30T00:52:05.527-0800][gc,task       ] GC(264) Using 10 workers of 10 for evacuation
[2023-11-30T00:52:05.553-0800][gc,mmu        ] GC(264) MMU target violated: 21.0ms (20.0ms/21.0ms)
[2023-11-30T00:52:05.553-0800][gc,phases     ] GC(264)   Pre Evacuate Collection Set: 1.0ms
[2023-11-30T00:52:05.553-0800][gc,phases     ] GC(264)   Evacuate Collection Set: 23.0ms
[2023-11-30T00:52:05.553-0800][gc,phases     ] GC(264)   Post Evacuate Collection Set: 1.4ms
[2023-11-30T00:52:05.553-0800][gc,phases     ] GC(264)   Other: 2.1ms
[2023-11-30T00:52:05.553-0800][gc,heap       ] GC(264) Eden regions: 46->0(45)
[2023-11-30T00:52:05.553-0800][gc,heap       ] GC(264) Survivor regions: 5->6(7)
[2023-11-30T00:52:05.553-0800][gc,heap       ] GC(264) Old regions: 238->242
[2023-11-30T00:52:05.553-0800][gc,heap       ] GC(264) Humongous regions: 138->138
[2023-11-30T00:52:05.553-0800][gc,metaspace  ] GC(264) Metaspace: 51417K->51417K(1095680K)
[2023-11-30T00:52:05.553-0800][gc            ] GC(264) Pause Young (Normal) (G1 Evacuation Pause) 426M->384M(1024M) 26.796ms
[2023-11-30T00:52:05.553-0800][gc,cpu        ] GC(264) User=0.05s Sys=0.10s Real=0.03s
[2023-11-30T00:55:02.587-0800][gc,start      ] GC(265) Pause Young (Normal) (G1 Evacuation Pause)
[2023-11-30T00:55:02.588-0800][gc,task       ] GC(265) Using 10 workers of 10 for evacuation
[2023-11-30T00:55:02.598-0800][gc,phases     ] GC(265)   Pre Evacuate Collection Set: 0.0ms
[2023-11-30T00:55:02.598-0800][gc,phases     ] GC(265)   Evacuate Collection Set: 8.9ms
[2023-11-30T00:55:02.598-0800][gc,phases     ] GC(265)   Post Evacuate Collection Set: 0.3ms
[2023-11-30T00:55:02.598-0800][gc,phases     ] GC(265)   Other: 1.7ms
[2023-11-30T00:55:02.598-0800][gc,heap       ] GC(265) Eden regions: 45->0(45)
[2023-11-30T00:55:02.598-0800][gc,heap       ] GC(265) Survivor regions: 6->6(7)
[2023-11-30T00:55:02.598-0800][gc,heap       ] GC(265) Old regions: 242->247
[2023-11-30T00:55:02.598-0800][gc,heap       ] GC(265) Humongous regions: 138->138
[2023-11-30T00:55:02.598-0800][gc,metaspace  ] GC(265) Metaspace: 51418K->51418K(1095680K)
[2023-11-30T00:55:02.598-0800][gc            ] GC(265) Pause Young (Normal) (G1 Evacuation Pause) 429M->389M(1024M) 11.049ms
[2023-11-30T00:55:02.598-0800][gc,cpu        ] GC(265) User=0.05s Sys=0.01s Real=0.01s
[2023-11-30T00:57:59.990-0800][gc,start      ] GC(266) Pause Young (Normal) (G1 Evacuation Pause)
[2023-11-30T00:57:59.991-0800][gc,task       ] GC(266) Using 10 workers of 10 for evacuation
[2023-11-30T00:57:59.999-0800][gc,phases     ] GC(266)   Pre Evacuate Collection Set: 0.1ms
[2023-11-30T00:58:00.000-0800][gc,phases     ] GC(266)   Evacuate Collection Set: 7.9ms
[2023-11-30T00:58:00.000-0800][gc,phases     ] GC(266)   Post Evacuate Collection Set: 0.3ms
[2023-11-30T00:58:00.000-0800][gc,phases     ] GC(266)   Other: 1.1ms
[2023-11-30T00:58:00.000-0800][gc,heap       ] GC(266) Eden regions: 45->0(45)
[2023-11-30T00:58:00.000-0800][gc,heap       ] GC(266) Survivor regions: 6->6(7)
[2023-11-30T00:58:00.000-0800][gc,heap       ] GC(266) Old regions: 247->250
[2023-11-30T00:58:00.000-0800][gc,heap       ] GC(266) Humongous regions: 138->138
[2023-11-30T00:58:00.000-0800][gc,metaspace  ] GC(266) Metaspace: 51418K->51418K(1095680K)
[2023-11-30T00:58:00.000-0800][gc            ] GC(266) Pause Young (Normal) (G1 Evacuation Pause) 434M->393M(1024M) 9.541ms
[2023-11-30T00:58:00.000-0800][gc,cpu        ] GC(266) User=0.05s Sys=0.02s Real=0.01s
[2023-11-30T02:59:29.019-0800][gc,start      ] GC(267) Pause Young (Normal) (G1 Evacuation Pause)
[2023-11-30T02:59:29.021-0800][gc,task       ] GC(267) Using 10 workers of 10 for evacuation
[2023-11-30T02:59:29.120-0800][gc,mmu        ] GC(267) MMU target violated: 21.0ms (20.0ms/21.0ms)
[2023-11-30T02:59:29.121-0800][gc,phases     ] GC(267)   Pre Evacuate Collection Set: 2.4ms
[2023-11-30T02:59:29.121-0800][gc,phases     ] GC(267)   Evacuate Collection Set: 93.1ms
[2023-11-30T02:59:29.121-0800][gc,phases     ] GC(267)   Post Evacuate Collection Set: 2.3ms
[2023-11-30T02:59:29.121-0800][gc,phases     ] GC(267)   Other: 3.5ms
[2023-11-30T02:59:29.121-0800][gc,heap       ] GC(267) Eden regions: 45->0(45)
[2023-11-30T02:59:29.121-0800][gc,heap       ] GC(267) Survivor regions: 6->6(7)
[2023-11-30T02:59:29.121-0800][gc,heap       ] GC(267) Old regions: 250->254
[2023-11-30T02:59:29.121-0800][gc,heap       ] GC(267) Humongous regions: 138->138
[2023-11-30T02:59:29.121-0800][gc,metaspace  ] GC(267) Metaspace: 51422K->51422K(1095680K)
[2023-11-30T02:59:29.121-0800][gc            ] GC(267) Pause Young (Normal) (G1 Evacuation Pause) 438M->397M(1024M) 101.733ms
[2023-11-30T02:59:29.121-0800][gc,cpu        ] GC(267) User=0.21s Sys=0.31s Real=0.11s
[2023-11-30T09:05:39.104-0800][gc,start      ] GC(268) Pause Young (Normal) (G1 Evacuation Pause)
[2023-11-30T09:05:39.104-0800][gc,task       ] GC(268) Using 10 workers of 10 for evacuation
[2023-11-30T09:05:39.146-0800][gc,mmu        ] GC(268) MMU target violated: 21.0ms (20.0ms/21.0ms)
[2023-11-30T09:05:39.146-0800][gc,phases     ] GC(268)   Pre Evacuate Collection Set: 0.1ms
[2023-11-30T09:05:39.147-0800][gc,phases     ] GC(268)   Evacuate Collection Set: 38.0ms
[2023-11-30T09:05:39.147-0800][gc,phases     ] GC(268)   Post Evacuate Collection Set: 4.1ms
[2023-11-30T09:05:39.147-0800][gc,phases     ] GC(268)   Other: 0.9ms
[2023-11-30T09:05:39.147-0800][gc,heap       ] GC(268) Eden regions: 45->0(46)
[2023-11-30T09:05:39.147-0800][gc,heap       ] GC(268) Survivor regions: 6->5(7)
[2023-11-30T09:05:39.148-0800][gc,heap       ] GC(268) Old regions: 254->258
[2023-11-30T09:05:39.148-0800][gc,heap       ] GC(268) Humongous regions: 138->138
[2023-11-30T09:05:39.148-0800][gc,metaspace  ] GC(268) Metaspace: 51433K->51433K(1095680K)
[2023-11-30T09:05:39.148-0800][gc            ] GC(268) Pause Young (Normal) (G1 Evacuation Pause) 442M->400M(1024M) 44.330ms
[2023-11-30T09:05:39.148-0800][gc,cpu        ] GC(268) User=0.20s Sys=0.03s Real=0.04s
[2023-11-30T09:25:38.021-0800][gc,start      ] GC(269) Pause Young (Normal) (G1 Evacuation Pause)
[2023-11-30T09:25:38.022-0800][gc,task       ] GC(269) Using 10 workers of 10 for evacuation
[2023-11-30T09:25:38.037-0800][gc,phases     ] GC(269)   Pre Evacuate Collection Set: 0.1ms
[2023-11-30T09:25:38.037-0800][gc,phases     ] GC(269)   Evacuate Collection Set: 13.3ms
[2023-11-30T09:25:38.037-0800][gc,phases     ] GC(269)   Post Evacuate Collection Set: 1.1ms
[2023-11-30T09:25:38.037-0800][gc,phases     ] GC(269)   Other: 1.1ms
[2023-11-30T09:25:38.037-0800][gc,heap       ] GC(269) Eden regions: 46->0(45)
[2023-11-30T09:25:38.037-0800][gc,heap       ] GC(269) Survivor regions: 5->6(7)
[2023-11-30T09:25:38.037-0800][gc,heap       ] GC(269) Old regions: 258->262
[2023-11-30T09:25:38.037-0800][gc,heap       ] GC(269) Humongous regions: 138->138
[2023-11-30T09:25:38.037-0800][gc,metaspace  ] GC(269) Metaspace: 51434K->51434K(1095680K)
[2023-11-30T09:25:38.037-0800][gc            ] GC(269) Pause Young (Normal) (G1 Evacuation Pause) 446M->404M(1024M) 15.874ms
[2023-11-30T09:25:38.037-0800][gc,cpu        ] GC(269) User=0.05s Sys=0.05s Real=0.01s
[2023-11-30T09:28:35.633-0800][gc,start      ] GC(270) Pause Young (Normal) (G1 Evacuation Pause)
[2023-11-30T09:28:35.634-0800][gc,task       ] GC(270) Using 10 workers of 10 for evacuation
[2023-11-30T09:28:35.645-0800][gc,phases     ] GC(270)   Pre Evacuate Collection Set: 0.1ms
[2023-11-30T09:28:35.645-0800][gc,phases     ] GC(270)   Evacuate Collection Set: 10.1ms
[2023-11-30T09:28:35.645-0800][gc,phases     ] GC(270)   Post Evacuate Collection Set: 0.5ms
[2023-11-30T09:28:35.645-0800][gc,phases     ] GC(270)   Other: 1.2ms
[2023-11-30T09:28:35.645-0800][gc,heap       ] GC(270) Eden regions: 45->0(45)
[2023-11-30T09:28:35.645-0800][gc,heap       ] GC(270) Survivor regions: 6->6(7)
[2023-11-30T09:28:35.645-0800][gc,heap       ] GC(270) Old regions: 262->266
[2023-11-30T09:28:35.645-0800][gc,heap       ] GC(270) Humongous regions: 138->138
[2023-11-30T09:28:35.645-0800][gc,metaspace  ] GC(270) Metaspace: 51434K->51434K(1095680K)
[2023-11-30T09:28:35.645-0800][gc            ] GC(270) Pause Young (Normal) (G1 Evacuation Pause) 449M->408M(1024M) 12.029ms
[2023-11-30T09:28:35.645-0800][gc,cpu        ] GC(270) User=0.06s Sys=0.02s Real=0.01s
[2023-11-30T09:31:32.955-0800][gc,start      ] GC(271) Pause Young (Normal) (G1 Evacuation Pause)
[2023-11-30T09:31:32.955-0800][gc,task       ] GC(271) Using 10 workers of 10 for evacuation
[2023-11-30T09:31:32.965-0800][gc,phases     ] GC(271)   Pre Evacuate Collection Set: 0.0ms
[2023-11-30T09:31:32.965-0800][gc,phases     ] GC(271)   Evacuate Collection Set: 8.3ms
[2023-11-30T09:31:32.965-0800][gc,phases     ] GC(271)   Post Evacuate Collection Set: 1.0ms
[2023-11-30T09:31:32.965-0800][gc,phases     ] GC(271)   Other: 0.6ms
[2023-11-30T09:31:32.965-0800][gc,heap       ] GC(271) Eden regions: 45->0(45)
[2023-11-30T09:31:32.965-0800][gc,heap       ] GC(271) Survivor regions: 6->6(7)
[2023-11-30T09:31:32.965-0800][gc,heap       ] GC(271) Old regions: 266->270
[2023-11-30T09:31:32.965-0800][gc,heap       ] GC(271) Humongous regions: 138->138
[2023-11-30T09:31:32.965-0800][gc,metaspace  ] GC(271) Metaspace: 51434K->51434K(1095680K)
[2023-11-30T09:31:32.965-0800][gc            ] GC(271) Pause Young (Normal) (G1 Evacuation Pause) 453M->412M(1024M) 10.022ms
[2023-11-30T09:31:32.965-0800][gc,cpu        ] GC(271) User=0.05s Sys=0.02s Real=0.01s
[2023-11-30T09:34:30.549-0800][gc,start      ] GC(272) Pause Young (Normal) (G1 Evacuation Pause)
[2023-11-30T09:34:30.550-0800][gc,task       ] GC(272) Using 10 workers of 10 for evacuation
[2023-11-30T09:34:30.559-0800][gc,phases     ] GC(272)   Pre Evacuate Collection Set: 0.1ms
[2023-11-30T09:34:30.560-0800][gc,phases     ] GC(272)   Evacuate Collection Set: 7.9ms
[2023-11-30T09:34:30.560-0800][gc,phases     ] GC(272)   Post Evacuate Collection Set: 1.0ms
[2023-11-30T09:34:30.560-0800][gc,phases     ] GC(272)   Other: 1.7ms
[2023-11-30T09:34:30.560-0800][gc,heap       ] GC(272) Eden regions: 45->0(46)
[2023-11-30T09:34:30.560-0800][gc,heap       ] GC(272) Survivor regions: 6->5(7)
[2023-11-30T09:34:30.560-0800][gc,heap       ] GC(272) Old regions: 270->273
[2023-11-30T09:34:30.560-0800][gc,heap       ] GC(272) Humongous regions: 138->138
[2023-11-30T09:34:30.560-0800][gc,metaspace  ] GC(272) Metaspace: 51434K->51434K(1095680K)
[2023-11-30T09:34:30.560-0800][gc            ] GC(272) Pause Young (Normal) (G1 Evacuation Pause) 457M->415M(1024M) 10.784ms
[2023-11-30T09:34:30.560-0800][gc,cpu        ] GC(272) User=0.04s Sys=0.01s Real=0.02s
[2023-11-30T09:37:32.552-0800][gc,start      ] GC(273) Pause Young (Normal) (G1 Evacuation Pause)
[2023-11-30T09:37:32.553-0800][gc,task       ] GC(273) Using 10 workers of 10 for evacuation
[2023-11-30T09:37:32.562-0800][gc,phases     ] GC(273)   Pre Evacuate Collection Set: 0.0ms
[2023-11-30T09:37:32.562-0800][gc,phases     ] GC(273)   Evacuate Collection Set: 7.7ms
[2023-11-30T09:37:32.562-0800][gc,phases     ] GC(273)   Post Evacuate Collection Set: 0.8ms
[2023-11-30T09:37:32.562-0800][gc,phases     ] GC(273)   Other: 1.4ms
[2023-11-30T09:37:32.562-0800][gc,heap       ] GC(273) Eden regions: 46->0(48)
[2023-11-30T09:37:32.562-0800][gc,heap       ] GC(273) Survivor regions: 5->5(7)
[2023-11-30T09:37:32.562-0800][gc,heap       ] GC(273) Old regions: 273->277
[2023-11-30T09:37:32.562-0800][gc,heap       ] GC(273) Humongous regions: 138->138
[2023-11-30T09:37:32.562-0800][gc,metaspace  ] GC(273) Metaspace: 51434K->51434K(1095680K)
[2023-11-30T09:37:32.562-0800][gc            ] GC(273) Pause Young (Normal) (G1 Evacuation Pause) 461M->419M(1024M) 10.120ms
[2023-11-30T09:37:32.562-0800][gc,cpu        ] GC(273) User=0.05s Sys=0.01s Real=0.01s
[2023-11-30T09:40:19.107-0800][gc,start      ] GC(274) Pause Young (Normal) (G1 Evacuation Pause)
[2023-11-30T09:40:19.108-0800][gc,task       ] GC(274) Using 10 workers of 10 for evacuation
[2023-11-30T09:40:19.117-0800][gc,phases     ] GC(274)   Pre Evacuate Collection Set: 0.0ms
[2023-11-30T09:40:19.117-0800][gc,phases     ] GC(274)   Evacuate Collection Set: 7.8ms
[2023-11-30T09:40:19.117-0800][gc,phases     ] GC(274)   Post Evacuate Collection Set: 0.9ms
[2023-11-30T09:40:19.117-0800][gc,phases     ] GC(274)   Other: 0.8ms
[2023-11-30T09:40:19.117-0800][gc,heap       ] GC(274) Eden regions: 46->0(58)
[2023-11-30T09:40:19.117-0800][gc,heap       ] GC(274) Survivor regions: 5->6(7)
[2023-11-30T09:40:19.117-0800][gc,heap       ] GC(274) Old regions: 277->281
[2023-11-30T09:40:19.117-0800][gc,heap       ] GC(274) Humongous regions: 138->138
[2023-11-30T09:40:19.117-0800][gc,metaspace  ] GC(274) Metaspace: 51434K->51434K(1095680K)
[2023-11-30T09:40:19.117-0800][gc            ] GC(274) Pause Young (Normal) (G1 Evacuation Pause) 465M->424M(1024M) 9.595ms
[2023-11-30T09:40:19.117-0800][gc,cpu        ] GC(274) User=0.05s Sys=0.01s Real=0.01s
[2023-11-30T09:43:42.227-0800][gc,start      ] GC(275) Pause Young (Normal) (G1 Evacuation Pause)
[2023-11-30T09:43:42.229-0800][gc,task       ] GC(275) Using 10 workers of 10 for evacuation
[2023-11-30T09:43:42.245-0800][gc,phases     ] GC(275)   Pre Evacuate Collection Set: 0.0ms
[2023-11-30T09:43:42.246-0800][gc,phases     ] GC(275)   Evacuate Collection Set: 15.8ms
[2023-11-30T09:43:42.246-0800][gc,phases     ] GC(275)   Post Evacuate Collection Set: 0.3ms
[2023-11-30T09:43:42.246-0800][gc,phases     ] GC(275)   Other: 2.3ms
[2023-11-30T09:43:42.246-0800][gc,heap       ] GC(275) Eden regions: 51->0(63)
[2023-11-30T09:43:42.246-0800][gc,heap       ] GC(275) Survivor regions: 6->3(8)
[2023-11-30T09:43:42.246-0800][gc,heap       ] GC(275) Old regions: 281->285
[2023-11-30T09:43:42.246-0800][gc,heap       ] GC(275) Humongous regions: 138->138
[2023-11-30T09:43:42.246-0800][gc,metaspace  ] GC(275) Metaspace: 51449K->51449K(1095680K)
[2023-11-30T09:43:42.246-0800][gc            ] GC(275) Pause Young (Normal) (G1 Evacuation Pause) 475M->425M(1024M) 18.731ms
[2023-11-30T09:43:42.246-0800][gc,cpu        ] GC(275) User=0.04s Sys=0.04s Real=0.02s
[2023-11-30T09:47:52.303-0800][gc,start      ] GC(276) Pause Young (Normal) (G1 Evacuation Pause)
[2023-11-30T09:47:52.303-0800][gc,task       ] GC(276) Using 10 workers of 10 for evacuation
[2023-11-30T09:47:52.339-0800][gc,mmu        ] GC(276) MMU target violated: 21.0ms (20.0ms/21.0ms)
[2023-11-30T09:47:52.339-0800][gc,phases     ] GC(276)   Pre Evacuate Collection Set: 0.1ms
[2023-11-30T09:47:52.339-0800][gc,phases     ] GC(276)   Evacuate Collection Set: 30.4ms
[2023-11-30T09:47:52.339-0800][gc,phases     ] GC(276)   Post Evacuate Collection Set: 4.7ms
[2023-11-30T09:47:52.339-0800][gc,phases     ] GC(276)   Other: 1.3ms
[2023-11-30T09:47:52.339-0800][gc,heap       ] GC(276) Eden regions: 63->0(43)
[2023-11-30T09:47:52.339-0800][gc,heap       ] GC(276) Survivor regions: 3->8(9)
[2023-11-30T09:47:52.339-0800][gc,heap       ] GC(276) Old regions: 285->285
[2023-11-30T09:47:52.339-0800][gc,heap       ] GC(276) Humongous regions: 138->138
[2023-11-30T09:47:52.339-0800][gc,metaspace  ] GC(276) Metaspace: 51449K->51449K(1095680K)
[2023-11-30T09:47:52.339-0800][gc            ] GC(276) Pause Young (Normal) (G1 Evacuation Pause) 488M->429M(1024M) 36.684ms
[2023-11-30T09:47:52.339-0800][gc,cpu        ] GC(276) User=0.05s Sys=0.09s Real=0.03s
[2023-11-30T09:50:32.284-0800][gc,start      ] GC(277) Pause Young (Normal) (G1 Evacuation Pause)
[2023-11-30T09:50:32.284-0800][gc,task       ] GC(277) Using 10 workers of 10 for evacuation
[2023-11-30T09:50:32.295-0800][gc,phases     ] GC(277)   Pre Evacuate Collection Set: 0.0ms
[2023-11-30T09:50:32.295-0800][gc,phases     ] GC(277)   Evacuate Collection Set: 9.9ms
[2023-11-30T09:50:32.295-0800][gc,phases     ] GC(277)   Post Evacuate Collection Set: 0.3ms
[2023-11-30T09:50:32.295-0800][gc,phases     ] GC(277)   Other: 1.0ms
[2023-11-30T09:50:32.295-0800][gc,heap       ] GC(277) Eden regions: 43->0(46)
[2023-11-30T09:50:32.295-0800][gc,heap       ] GC(277) Survivor regions: 8->5(7)
[2023-11-30T09:50:32.295-0800][gc,heap       ] GC(277) Old regions: 285->291
[2023-11-30T09:50:32.295-0800][gc,heap       ] GC(277) Humongous regions: 138->138
[2023-11-30T09:50:32.295-0800][gc,metaspace  ] GC(277) Metaspace: 51449K->51449K(1095680K)
[2023-11-30T09:50:32.295-0800][gc            ] GC(277) Pause Young (Normal) (G1 Evacuation Pause) 472M->433M(1024M) 11.329ms
[2023-11-30T09:50:32.295-0800][gc,cpu        ] GC(277) User=0.08s Sys=0.01s Real=0.01s
[2023-11-30T09:53:30.861-0800][gc,start      ] GC(278) Pause Young (Normal) (G1 Evacuation Pause)
[2023-11-30T09:53:30.862-0800][gc,task       ] GC(278) Using 10 workers of 10 for evacuation
[2023-11-30T09:53:30.874-0800][gc,phases     ] GC(278)   Pre Evacuate Collection Set: 0.0ms
[2023-11-30T09:53:30.874-0800][gc,phases     ] GC(278)   Evacuate Collection Set: 11.8ms
[2023-11-30T09:53:30.874-0800][gc,phases     ] GC(278)   Post Evacuate Collection Set: 0.3ms
[2023-11-30T09:53:30.874-0800][gc,phases     ] GC(278)   Other: 0.9ms
[2023-11-30T09:53:30.874-0800][gc,heap       ] GC(278) Eden regions: 46->0(45)
[2023-11-30T09:53:30.874-0800][gc,heap       ] GC(278) Survivor regions: 5->6(7)
[2023-11-30T09:53:30.874-0800][gc,heap       ] GC(278) Old regions: 291->294
[2023-11-30T09:53:30.874-0800][gc,heap       ] GC(278) Humongous regions: 138->138
[2023-11-30T09:53:30.874-0800][gc,metaspace  ] GC(278) Metaspace: 51449K->51449K(1095680K)
[2023-11-30T09:53:30.874-0800][gc            ] GC(278) Pause Young (Normal) (G1 Evacuation Pause) 479M->437M(1024M) 13.247ms
[2023-11-30T09:53:30.874-0800][gc,cpu        ] GC(278) User=0.06s Sys=0.03s Real=0.01s
[2023-11-30T09:56:31.148-0800][gc,start      ] GC(279) Pause Young (Normal) (G1 Evacuation Pause)
[2023-11-30T09:56:31.148-0800][gc,task       ] GC(279) Using 10 workers of 10 for evacuation
[2023-11-30T09:56:31.155-0800][gc,phases     ] GC(279)   Pre Evacuate Collection Set: 0.1ms
[2023-11-30T09:56:31.155-0800][gc,phases     ] GC(279)   Evacuate Collection Set: 6.7ms
[2023-11-30T09:56:31.155-0800][gc,phases     ] GC(279)   Post Evacuate Collection Set: 0.2ms
[2023-11-30T09:56:31.155-0800][gc,phases     ] GC(279)   Other: 0.9ms
[2023-11-30T09:56:31.156-0800][gc,heap       ] GC(279) Eden regions: 45->0(52)
[2023-11-30T09:56:31.156-0800][gc,heap       ] GC(279) Survivor regions: 6->6(7)
[2023-11-30T09:56:31.156-0800][gc,heap       ] GC(279) Old regions: 294->298
[2023-11-30T09:56:31.156-0800][gc,heap       ] GC(279) Humongous regions: 138->138
[2023-11-30T09:56:31.156-0800][gc,metaspace  ] GC(279) Metaspace: 51449K->51449K(1095680K)
[2023-11-30T09:56:31.156-0800][gc            ] GC(279) Pause Young (Normal) (G1 Evacuation Pause) 482M->441M(1024M) 8.055ms
[2023-11-30T09:56:31.156-0800][gc,cpu        ] GC(279) User=0.05s Sys=0.01s Real=0.01s
[2023-11-30T09:59:17.039-0800][gc,start      ] GC(280) Pause Young (Normal) (G1 Evacuation Pause)
[2023-11-30T09:59:17.040-0800][gc,task       ] GC(280) Using 10 workers of 10 for evacuation
[2023-11-30T09:59:17.058-0800][gc,phases     ] GC(280)   Pre Evacuate Collection Set: 0.0ms
[2023-11-30T09:59:17.059-0800][gc,phases     ] GC(280)   Evacuate Collection Set: 16.9ms
[2023-11-30T09:59:17.059-0800][gc,phases     ] GC(280)   Post Evacuate Collection Set: 1.1ms
[2023-11-30T09:59:17.059-0800][gc,phases     ] GC(280)   Other: 1.9ms
[2023-11-30T09:59:17.059-0800][gc,heap       ] GC(280) Eden regions: 50->0(53)
[2023-11-30T09:59:17.059-0800][gc,heap       ] GC(280) Survivor regions: 6->6(7)
[2023-11-30T09:59:17.059-0800][gc,heap       ] GC(280) Old regions: 298->302
[2023-11-30T09:59:17.059-0800][gc,heap       ] GC(280) Humongous regions: 138->138
[2023-11-30T09:59:17.059-0800][gc,metaspace  ] GC(280) Metaspace: 51449K->51449K(1095680K)
[2023-11-30T09:59:17.059-0800][gc            ] GC(280) Pause Young (Normal) (G1 Evacuation Pause) 491M->444M(1024M) 20.090ms
[2023-11-30T09:59:17.059-0800][gc,cpu        ] GC(280) User=0.07s Sys=0.06s Real=0.02s
[2023-11-30T10:02:05.859-0800][gc,start      ] GC(281) Pause Young (Normal) (G1 Evacuation Pause)
[2023-11-30T10:02:05.859-0800][gc,task       ] GC(281) Using 10 workers of 10 for evacuation
[2023-11-30T10:02:05.867-0800][gc,phases     ] GC(281)   Pre Evacuate Collection Set: 0.0ms
[2023-11-30T10:02:05.868-0800][gc,phases     ] GC(281)   Evacuate Collection Set: 7.3ms
[2023-11-30T10:02:05.868-0800][gc,phases     ] GC(281)   Post Evacuate Collection Set: 0.9ms
[2023-11-30T10:02:05.868-0800][gc,phases     ] GC(281)   Other: 0.8ms
[2023-11-30T10:02:05.868-0800][gc,heap       ] GC(281) Eden regions: 50->0(64)
[2023-11-30T10:02:05.868-0800][gc,heap       ] GC(281) Survivor regions: 6->6(7)
[2023-11-30T10:02:05.868-0800][gc,heap       ] GC(281) Old regions: 302->307
[2023-11-30T10:02:05.868-0800][gc,heap       ] GC(281) Humongous regions: 138->138
[2023-11-30T10:02:05.868-0800][gc,metaspace  ] GC(281) Metaspace: 51449K->51449K(1095680K)
[2023-11-30T10:02:05.868-0800][gc            ] GC(281) Pause Young (Normal) (G1 Evacuation Pause) 494M->449M(1024M) 9.134ms
[2023-11-30T10:02:05.868-0800][gc,cpu        ] GC(281) User=0.06s Sys=0.01s Real=0.01s
[2023-11-30T10:05:42.012-0800][gc,start      ] GC(282) Pause Young (Normal) (G1 Evacuation Pause)
[2023-11-30T10:05:42.013-0800][gc,task       ] GC(282) Using 10 workers of 10 for evacuation
[2023-11-30T10:05:42.034-0800][gc,mmu        ] GC(282) MMU target violated: 21.0ms (20.0ms/21.0ms)
[2023-11-30T10:05:42.034-0800][gc,phases     ] GC(282)   Pre Evacuate Collection Set: 0.0ms
[2023-11-30T10:05:42.034-0800][gc,phases     ] GC(282)   Evacuate Collection Set: 20.1ms
[2023-11-30T10:05:42.034-0800][gc,phases     ] GC(282)   Post Evacuate Collection Set: 0.9ms
[2023-11-30T10:05:42.034-0800][gc,phases     ] GC(282)   Other: 1.0ms
[2023-11-30T10:05:42.034-0800][gc,heap       ] GC(282) Eden regions: 64->0(58)
[2023-11-30T10:05:42.034-0800][gc,heap       ] GC(282) Survivor regions: 6->7(9)
[2023-11-30T10:05:42.034-0800][gc,heap       ] GC(282) Old regions: 307->311
[2023-11-30T10:05:42.034-0800][gc,heap       ] GC(282) Humongous regions: 138->138
[2023-11-30T10:05:42.034-0800][gc,metaspace  ] GC(282) Metaspace: 51449K->51449K(1095680K)
[2023-11-30T10:05:42.034-0800][gc            ] GC(282) Pause Young (Normal) (G1 Evacuation Pause) 513M->454M(1024M) 22.143ms
[2023-11-30T10:05:42.034-0800][gc,cpu        ] GC(282) User=0.06s Sys=0.06s Real=0.02s
[2023-11-30T10:17:21.179-0800][gc,start      ] GC(283) Pause Young (Normal) (G1 Evacuation Pause)
[2023-11-30T10:17:21.181-0800][gc,task       ] GC(283) Using 10 workers of 10 for evacuation
[2023-11-30T10:17:21.358-0800][gc,mmu        ] GC(283) MMU target violated: 21.0ms (20.0ms/21.0ms)
[2023-11-30T10:17:21.359-0800][gc,phases     ] GC(283)   Pre Evacuate Collection Set: 11.8ms
[2023-11-30T10:17:21.359-0800][gc,phases     ] GC(283)   Evacuate Collection Set: 144.8ms
[2023-11-30T10:17:21.359-0800][gc,phases     ] GC(283)   Post Evacuate Collection Set: 7.3ms
[2023-11-30T10:17:21.360-0800][gc,phases     ] GC(283)   Other: 23.4ms
[2023-11-30T10:17:21.360-0800][gc,heap       ] GC(283) Eden regions: 58->0(45)
[2023-11-30T10:17:21.360-0800][gc,heap       ] GC(283) Survivor regions: 7->6(9)
[2023-11-30T10:17:21.360-0800][gc,heap       ] GC(283) Old regions: 311->316
[2023-11-30T10:17:21.360-0800][gc,heap       ] GC(283) Humongous regions: 138->138
[2023-11-30T10:17:21.361-0800][gc,metaspace  ] GC(283) Metaspace: 51452K->51452K(1095680K)
[2023-11-30T10:17:21.361-0800][gc            ] GC(283) Pause Young (Normal) (G1 Evacuation Pause) 512M->458M(1024M) 182.257ms
[2023-11-30T10:17:21.361-0800][gc,cpu        ] GC(283) User=0.25s Sys=0.63s Real=0.19s
[2023-11-30T10:38:15.076-0800][gc,start      ] GC(284) Pause Young (Normal) (G1 Evacuation Pause)
[2023-11-30T10:38:15.076-0800][gc,task       ] GC(284) Using 10 workers of 10 for evacuation
[2023-11-30T10:38:15.101-0800][gc,mmu        ] GC(284) MMU target violated: 21.0ms (20.0ms/21.0ms)
[2023-11-30T10:38:15.101-0800][gc,phases     ] GC(284)   Pre Evacuate Collection Set: 0.1ms
[2023-11-30T10:38:15.101-0800][gc,phases     ] GC(284)   Evacuate Collection Set: 23.2ms
[2023-11-30T10:38:15.101-0800][gc,phases     ] GC(284)   Post Evacuate Collection Set: 0.8ms
[2023-11-30T10:38:15.101-0800][gc,phases     ] GC(284)   Other: 1.3ms
[2023-11-30T10:38:15.101-0800][gc,heap       ] GC(284) Eden regions: 45->0(46)
[2023-11-30T10:38:15.101-0800][gc,heap       ] GC(284) Survivor regions: 6->5(7)
[2023-11-30T10:38:15.101-0800][gc,heap       ] GC(284) Old regions: 316->321
[2023-11-30T10:38:15.101-0800][gc,heap       ] GC(284) Humongous regions: 138->138
[2023-11-30T10:38:15.101-0800][gc,metaspace  ] GC(284) Metaspace: 51452K->51452K(1095680K)
[2023-11-30T10:38:15.101-0800][gc            ] GC(284) Pause Young (Normal) (G1 Evacuation Pause) 503M->462M(1024M) 25.857ms
[2023-11-30T10:38:15.102-0800][gc,cpu        ] GC(284) User=0.18s Sys=0.04s Real=0.03s
[2023-11-30T10:43:02.189-0800][gc,start      ] GC(285) Pause Young (Normal) (G1 Evacuation Pause)
[2023-11-30T10:43:02.190-0800][gc,task       ] GC(285) Using 10 workers of 10 for evacuation
[2023-11-30T10:43:02.256-0800][gc,mmu        ] GC(285) MMU target violated: 21.0ms (20.0ms/21.0ms)
[2023-11-30T10:43:02.256-0800][gc,phases     ] GC(285)   Pre Evacuate Collection Set: 0.1ms
[2023-11-30T10:43:02.256-0800][gc,phases     ] GC(285)   Evacuate Collection Set: 61.7ms
[2023-11-30T10:43:02.256-0800][gc,phases     ] GC(285)   Post Evacuate Collection Set: 1.9ms
[2023-11-30T10:43:02.256-0800][gc,phases     ] GC(285)   Other: 3.6ms
[2023-11-30T10:43:02.256-0800][gc,heap       ] GC(285) Eden regions: 46->0(46)
[2023-11-30T10:43:02.256-0800][gc,heap       ] GC(285) Survivor regions: 5->5(7)
[2023-11-30T10:43:02.256-0800][gc,heap       ] GC(285) Old regions: 321->325
[2023-11-30T10:43:02.257-0800][gc,heap       ] GC(285) Humongous regions: 138->138
[2023-11-30T10:43:02.257-0800][gc,metaspace  ] GC(285) Metaspace: 51454K->51454K(1095680K)
[2023-11-30T10:43:02.257-0800][gc            ] GC(285) Pause Young (Normal) (G1 Evacuation Pause) 508M->466M(1024M) 67.615ms
[2023-11-30T10:43:02.257-0800][gc,cpu        ] GC(285) User=0.05s Sys=0.08s Real=0.07s
[2023-11-30T10:46:03.331-0800][gc,start      ] GC(286) Pause Young (Normal) (G1 Evacuation Pause)
[2023-11-30T10:46:03.332-0800][gc,task       ] GC(286) Using 10 workers of 10 for evacuation
[2023-11-30T10:46:03.342-0800][gc,phases     ] GC(286)   Pre Evacuate Collection Set: 0.1ms
[2023-11-30T10:46:03.342-0800][gc,phases     ] GC(286)   Evacuate Collection Set: 9.6ms
[2023-11-30T10:46:03.342-0800][gc,phases     ] GC(286)   Post Evacuate Collection Set: 0.3ms
[2023-11-30T10:46:03.342-0800][gc,phases     ] GC(286)   Other: 0.7ms
[2023-11-30T10:46:03.342-0800][gc,heap       ] GC(286) Eden regions: 46->0(46)
[2023-11-30T10:46:03.342-0800][gc,heap       ] GC(286) Survivor regions: 5->5(7)
[2023-11-30T10:46:03.342-0800][gc,heap       ] GC(286) Old regions: 325->329
[2023-11-30T10:46:03.342-0800][gc,heap       ] GC(286) Humongous regions: 138->138
[2023-11-30T10:46:03.342-0800][gc,metaspace  ] GC(286) Metaspace: 51454K->51454K(1095680K)
[2023-11-30T10:46:03.342-0800][gc            ] GC(286) Pause Young (Normal) (G1 Evacuation Pause) 512M->471M(1024M) 10.858ms
[2023-11-30T10:46:03.342-0800][gc,cpu        ] GC(286) User=0.05s Sys=0.03s Real=0.01s
[2023-11-30T10:49:01.366-0800][gc,start      ] GC(287) Pause Young (Normal) (G1 Evacuation Pause)
[2023-11-30T10:49:01.366-0800][gc,task       ] GC(287) Using 10 workers of 10 for evacuation
[2023-11-30T10:49:01.379-0800][gc,phases     ] GC(287)   Pre Evacuate Collection Set: 0.0ms
[2023-11-30T10:49:01.379-0800][gc,phases     ] GC(287)   Evacuate Collection Set: 12.4ms
[2023-11-30T10:49:01.379-0800][gc,phases     ] GC(287)   Post Evacuate Collection Set: 0.3ms
[2023-11-30T10:49:01.379-0800][gc,phases     ] GC(287)   Other: 0.8ms
[2023-11-30T10:49:01.379-0800][gc,heap       ] GC(287) Eden regions: 46->0(45)
[2023-11-30T10:49:01.379-0800][gc,heap       ] GC(287) Survivor regions: 5->6(7)
[2023-11-30T10:49:01.379-0800][gc,heap       ] GC(287) Old regions: 329->332
[2023-11-30T10:49:01.379-0800][gc,heap       ] GC(287) Humongous regions: 138->138
[2023-11-30T10:49:01.379-0800][gc,metaspace  ] GC(287) Metaspace: 51454K->51454K(1095680K)
[2023-11-30T10:49:01.379-0800][gc            ] GC(287) Pause Young (Normal) (G1 Evacuation Pause) 517M->475M(1024M) 13.720ms
[2023-11-30T10:49:01.379-0800][gc,cpu        ] GC(287) User=0.05s Sys=0.04s Real=0.01s
[2023-11-30T10:51:58.358-0800][gc,start      ] GC(288) Pause Young (Normal) (G1 Evacuation Pause)
[2023-11-30T10:51:58.358-0800][gc,task       ] GC(288) Using 10 workers of 10 for evacuation
[2023-11-30T10:51:58.369-0800][gc,phases     ] GC(288)   Pre Evacuate Collection Set: 0.0ms
[2023-11-30T10:51:58.369-0800][gc,phases     ] GC(288)   Evacuate Collection Set: 9.2ms
[2023-11-30T10:51:58.369-0800][gc,phases     ] GC(288)   Post Evacuate Collection Set: 1.2ms
[2023-11-30T10:51:58.369-0800][gc,phases     ] GC(288)   Other: 0.9ms
[2023-11-30T10:51:58.369-0800][gc,heap       ] GC(288) Eden regions: 45->0(45)
[2023-11-30T10:51:58.369-0800][gc,heap       ] GC(288) Survivor regions: 6->6(7)
[2023-11-30T10:51:58.369-0800][gc,heap       ] GC(288) Old regions: 332->337
[2023-11-30T10:51:58.369-0800][gc,heap       ] GC(288) Humongous regions: 138->138
[2023-11-30T10:51:58.369-0800][gc,metaspace  ] GC(288) Metaspace: 51454K->51454K(1095680K)
[2023-11-30T10:51:58.369-0800][gc            ] GC(288) Pause Young (Normal) (G1 Evacuation Pause) 520M->479M(1024M) 11.381ms
[2023-11-30T10:51:58.369-0800][gc,cpu        ] GC(288) User=0.06s Sys=0.02s Real=0.01s
[2023-11-30T10:54:55.502-0800][gc,start      ] GC(289) Pause Young (Normal) (G1 Evacuation Pause)
[2023-11-30T10:54:55.503-0800][gc,task       ] GC(289) Using 10 workers of 10 for evacuation
[2023-11-30T10:54:55.535-0800][gc,mmu        ] GC(289) MMU target violated: 21.0ms (20.0ms/21.0ms)
[2023-11-30T10:54:55.535-0800][gc,phases     ] GC(289)   Pre Evacuate Collection Set: 0.8ms
[2023-11-30T10:54:55.535-0800][gc,phases     ] GC(289)   Evacuate Collection Set: 29.4ms
[2023-11-30T10:54:55.535-0800][gc,phases     ] GC(289)   Post Evacuate Collection Set: 0.8ms
[2023-11-30T10:54:55.535-0800][gc,phases     ] GC(289)   Other: 1.7ms
[2023-11-30T10:54:55.535-0800][gc,heap       ] GC(289) Eden regions: 45->0(45)
[2023-11-30T10:54:55.535-0800][gc,heap       ] GC(289) Survivor regions: 6->6(7)
[2023-11-30T10:54:55.535-0800][gc,heap       ] GC(289) Old regions: 337->341
[2023-11-30T10:54:55.535-0800][gc,heap       ] GC(289) Humongous regions: 138->138
[2023-11-30T10:54:55.535-0800][gc,metaspace  ] GC(289) Metaspace: 51454K->51454K(1095680K)
[2023-11-30T10:54:55.535-0800][gc            ] GC(289) Pause Young (Normal) (G1 Evacuation Pause) 524M->483M(1024M) 32.780ms
[2023-11-30T10:54:55.535-0800][gc,cpu        ] GC(289) User=0.07s Sys=0.11s Real=0.03s
[2023-11-30T10:57:52.304-0800][gc,start      ] GC(290) Pause Young (Normal) (G1 Evacuation Pause)
[2023-11-30T10:57:52.304-0800][gc,task       ] GC(290) Using 10 workers of 10 for evacuation
[2023-11-30T10:57:52.315-0800][gc,phases     ] GC(290)   Pre Evacuate Collection Set: 0.0ms
[2023-11-30T10:57:52.315-0800][gc,phases     ] GC(290)   Evacuate Collection Set: 8.9ms
[2023-11-30T10:57:52.315-0800][gc,phases     ] GC(290)   Post Evacuate Collection Set: 1.5ms
[2023-11-30T10:57:52.315-0800][gc,phases     ] GC(290)   Other: 1.1ms
[2023-11-30T10:57:52.315-0800][gc,heap       ] GC(290) Eden regions: 45->0(45)
[2023-11-30T10:57:52.315-0800][gc,heap       ] GC(290) Survivor regions: 6->6(7)
[2023-11-30T10:57:52.315-0800][gc,heap       ] GC(290) Old regions: 341->345
[2023-11-30T10:57:52.315-0800][gc,heap       ] GC(290) Humongous regions: 138->138
[2023-11-30T10:57:52.315-0800][gc,metaspace  ] GC(290) Metaspace: 51454K->51454K(1095680K)
[2023-11-30T10:57:52.315-0800][gc            ] GC(290) Pause Young (Normal) (G1 Evacuation Pause) 528M->487M(1024M) 11.621ms
[2023-11-30T10:57:52.316-0800][gc,cpu        ] GC(290) User=0.06s Sys=0.02s Real=0.01s
[2023-11-30T11:00:50.105-0800][gc,start      ] GC(291) Pause Young (Normal) (G1 Evacuation Pause)
[2023-11-30T11:00:50.106-0800][gc,task       ] GC(291) Using 10 workers of 10 for evacuation
[2023-11-30T11:00:50.126-0800][gc,mmu        ] GC(291) MMU target violated: 20.3ms (20.0ms/21.0ms)
[2023-11-30T11:00:50.126-0800][gc,phases     ] GC(291)   Pre Evacuate Collection Set: 0.7ms
[2023-11-30T11:00:50.126-0800][gc,phases     ] GC(291)   Evacuate Collection Set: 17.4ms
[2023-11-30T11:00:50.126-0800][gc,phases     ] GC(291)   Post Evacuate Collection Set: 1.3ms
[2023-11-30T11:00:50.127-0800][gc,phases     ] GC(291)   Other: 1.6ms
[2023-11-30T11:00:50.127-0800][gc,heap       ] GC(291) Eden regions: 45->0(46)
[2023-11-30T11:00:50.127-0800][gc,heap       ] GC(291) Survivor regions: 6->5(7)
[2023-11-30T11:00:50.127-0800][gc,heap       ] GC(291) Old regions: 345->348
[2023-11-30T11:00:50.127-0800][gc,heap       ] GC(291) Humongous regions: 138->138
[2023-11-30T11:00:50.127-0800][gc,metaspace  ] GC(291) Metaspace: 51454K->51454K(1095680K)
[2023-11-30T11:00:50.127-0800][gc            ] GC(291) Pause Young (Normal) (G1 Evacuation Pause) 532M->490M(1024M) 21.124ms
[2023-11-30T11:00:50.127-0800][gc,cpu        ] GC(291) User=0.06s Sys=0.06s Real=0.02s
[2023-11-30T11:02:47.906-0800][gc,heap,exit  ] Heap
[2023-11-30T11:02:47.907-0800][gc,heap,exit  ]  garbage-first heap   total 1048576K, used 540742K [0x00000007c0000000, 0x0000000800000000)
[2023-11-30T11:02:47.907-0800][gc,heap,exit  ]   region size 1024K, 45 young (46080K), 5 survivors (5120K)
[2023-11-30T11:02:47.907-0800][gc,heap,exit  ]  Metaspace       used 52123K, capacity 54844K, committed 54908K, reserved 1097728K
[2023-11-30T11:02:47.907-0800][gc,heap,exit  ]   class space    used 6147K, capacity 7345K, committed 7372K, reserved 1048576K
