[2023-11-28T08:45:02.998-0800][gc,heap] Heap region size: 1M
[2023-11-28T08:45:03.003-0800][gc     ] Using G1
[2023-11-28T08:45:03.003-0800][gc,heap,coops] Heap address: 0x00000007e0000000, size: 512 MB, Compressed Oops mode: Zero based, Oop shift amount: 3
[2023-11-28T08:45:03.576-0800][gc,start     ] GC(0) Pause Young (Normal) (G1 Evacuation Pause)
[2023-11-28T08:45:03.586-0800][gc,task      ] GC(0) Using 10 workers of 10 for evacuation
[2023-11-28T08:45:03.592-0800][gc,phases    ] GC(0)   Pre Evacuate Collection Set: 0.0ms
[2023-11-28T08:45:03.592-0800][gc,phases    ] GC(0)   Evacuate Collection Set: 5.5ms
[2023-11-28T08:45:03.592-0800][gc,phases    ] GC(0)   Post Evacuate Collection Set: 0.4ms
[2023-11-28T08:45:03.592-0800][gc,phases    ] GC(0)   Other: 9.9ms
[2023-11-28T08:45:03.593-0800][gc,heap      ] GC(0) Eden regions: 25->0(21)
[2023-11-28T08:45:03.593-0800][gc,heap      ] GC(0) Survivor regions: 0->4(4)
[2023-11-28T08:45:03.593-0800][gc,heap      ] GC(0) Old regions: 0->4
[2023-11-28T08:45:03.593-0800][gc,heap      ] GC(0) Humongous regions: 0->0
[2023-11-28T08:45:03.593-0800][gc,metaspace ] GC(0) Metaspace: 15069K->15069K(1062912K)
[2023-11-28T08:45:03.593-0800][gc           ] GC(0) Pause Young (Normal) (G1 Evacuation Pause) 25M->7M(512M) 16.420ms
[2023-11-28T08:45:03.593-0800][gc,cpu       ] GC(0) User=0.03s Sys=0.01s Real=0.02s
[2023-11-28T08:57:12.369-0800][gc,heap,exit ] Heap
[2023-11-28T08:57:12.370-0800][gc,heap,exit ]  garbage-first heap   total 524288K, used 18788K [0x00000007e0000000, 0x0000000800000000)
[2023-11-28T08:57:12.370-0800][gc,heap,exit ]   region size 1024K, 16 young (16384K), 4 survivors (4096K)
[2023-11-28T08:57:12.370-0800][gc,heap,exit ]  Metaspace       used 16625K, capacity 17007K, committed 17280K, reserved 1064960K
[2023-11-28T08:57:12.370-0800][gc,heap,exit ]   class space    used 1683K, capacity 1820K, committed 1920K, reserved 1048576K
